9f...[0m
[0;3ï¿½ESP-ROM:esp32c3-api1-20210207
Build:Feb  7 2021
rst:0x1 (POWERON),boot:0xf (SPI_FAST_FLASH_BOOT)
SPIWP:0xee
mode:DIO, clock div:1
load:0x3fcd5820,len:0x1738
load:0x403cc710,len:0xb9c
load:0x403ce710,len:0x2e34
entry 0x403cc71a
[0;32mI (30) boot: ESP-IDF v5.3-dev-1043-g8c9e29898f 2nd stage bootloader[0m
[0;32mI (30) boot: compile time Dec 21 2023 04:19:22[0m
[0;32mI (31) boot: chip revision: v0.4[0m
[0;32mI (35) boot.esp32c3: SPI Speed      : 80MHz[0m
[0;32mI (40) boot.esp32c3: SPI Mode       : DIO[0m
[0;32mI (44) boot.esp32c3: SPI Flash Size : 2MB[0m
[0;32mI (49) boot: Enabling RNG early entropy source...[0m
[0;32mI (54) boot: Partition Table:[0m
[0;32mI (58) boot: ## Label            Usage          Type ST Offset   Length[0m
[0;32mI (65) boot:  0 nvs              WiFi data        01 02 00009000 00006000[0m
[0;32mI (73) boot:  1 phy_init         RF data          01 01 0000f000 00001000[0m
[0;32mI (80) boot:  2 factory          factory app      00 00 00010000 00100000[0m
[0;32mI (88) boot: End of partition table[0m
[0;32mI (92) esp_image: segment 0: paddr=00010020 vaddr=3c020020 size=0c238h ( 49720) map[0m
[0;32mI (108) esp_image: segment 1: paddr=0001c260 vaddr=3fc8c600 size=01354h (  4948) load[0m
[0;32mI (110) esp_image: segment 2: paddr=0001d5bc vaddr=40380000 size=02a5ch ( 10844) load[0m
[0;32mI (119) esp_image: segment 3: paddr=00020020 vaddr=42000020 size=1e478h (124024) map[0m
[0;32mI (146) esp_image: segment 4: paddr=0003e4a0 vaddr=40382a5c size=09b94h ( 39828) load[0m
[0;32mI (157) boot: Loaded app from partition at offset 0x10000[0m
[0;32mI (157) boot: Disabling RNG early entropy source...[0m
[0;32mI (169) cpu_start: Unicore app[0m
[0;32mI (177) cpu_start: Pro cpu start user code[0m
[0;32mI (177) cpu_start: cpu freq: 160000000 Hz[0m
[0;32mI (177) cpu_start: Application information:[0m
[0;32mI (180) cpu_start: Project name:     demo_sophia[0m
[0;32mI (186) cpu_start: App version:      ec20f92-dirty[0m
[0;32mI (191) cpu_start: Compile time:     Dec 21 2023 04:22:37[0m
[0;32mI (197) cpu_start: ELF file SHA256:  19fc5239f...[0m
[0;32mI (203) cpu_start: ESP-IDF:          v5.3-dev-1043-g8c9e29898f[0m
[0;32mI (209) cpu_start: Min chip rev:     v0.3[0m
[0;32mI (214) cpu_start: Max chip rev:     v1.99 [0m
[0;32mI (219) cpu_start: Chip rev:         v0.4[0m
[0;32mI (223) heap_init: Initializing. RAM available for dynamic allocation:[0m
[0;32mI (231) heap_init: At 3FC8E940 len 000316C0 (197 KiB): RAM[0m
[0;32mI (237) heap_init: At 3FCC0000 len 0001C710 (113 KiB): Retention RAM[0m
[0;32mI (244) heap_init: At 3FCDC710 len 00002950 (10 KiB): Retention RAM[0m
[0;32mI (251) heap_init: At 50000010 len 00001FD8 (7 KiB): RTCRAM[0m
[0;32mI (258) spi_flash: detected chip: generic[0m
[0;32mI (262) spi_flash: flash io: dio[0m
[0;33mW (265) spi_flash: Detected size(4096k) larger than the size in the binary image header(2048k). Using the size in the binary image header.[0m
[0;33mW (279) i2c: This driver is an old driver, please migrate your application code to adapt `driver/i2c_master.h`[0m
[0;32mI (289) sleep: Configure to isolate all GPIO pins in sleep state[0m
[0;32mI (296) sleep: Enable automatic switching of GPIO sleep configuration[0m
[0;32mI (303) main_task: Started on CPU0[0m
[0;32mI (303) main_task: Calling app_main()[0m
[0;32mI (303) mpu9250: Initializating MPU9250[0m
[0;32mI (463) mpu9250: Enabling magnetometer[0m
[0;32mI (693) mpu9250: Magnetometer enabled[0m
[0;32mI (693) mpu9250: MPU9250:[0m
[0;32mI (693) mpu9250: --> i2c bus: 0x00[0m
[0;32mI (693) mpu9250: --> Device address: 0x69[0m
[0;32mI (693) mpu9250: --> Device ID: 0x71[0m
[0;32mI (693) mpu9250: --> initialised: Yes[0m
[0;32mI (703) mpu9250: --> BYPASS enabled: Yes[0m
[0;32mI (703) mpu9250: --> SleepEnabled Mode: Off[0m
[0;32mI (713) mpu9250: --> i2c Master Mode: Disabled[0m
[0;32mI (713) mpu9250: --> Power Management (0x6B, 0x6C):[0m
[0;32mI (723) mpu9250:   --> Clock Source: 1 1 (Auto selects the best available clock source)[0m
[0;32mI (733) mpu9250:   --> Accel enabled (x, y, z): (Yes, Yes, Yes)[0m
[0;32mI (733) mpu9250:   --> Gyro enabled (x, y, z): (Yes, Yes, Yes)[0m
[0;32mI (743) mpu9250: Accelerometer:[0m
[0;32mI (743) mpu9250: --> Full Scale Range (0x1C): Â±4g (1)[0m
[0;32mI (753) mpu9250: --> Scalar: 1/8192.000000[0m
[0;32mI (763) mpu9250: --> Calibration:[0m
[0;32mI (763) mpu9250:   --> Offset: [0m
[0;32mI (763) mpu9250:     --> x: 0.020900[0m
[0;32mI (773) mpu9250:     --> y: 0.014688[0m
[0;32mI (773) mpu9250:     --> z: -0.002580[0m
[0;32mI (783) mpu9250:   --> Scale: [0m
[0;32mI (783) mpu9250:     --> x: (-0.992052, 1.013558)[0m
[0;32mI (793) mpu9250:     --> y: (-0.990010, 1.011903)[0m
[0;32mI (793) mpu9250:     --> z: (-1.011147, 1.019645)[0m
[0;32mI (803) mpu9250: Gyroscope:[0m
[0;32mI (803) mpu9250: --> Full Scale Range (0x1B): +250 dps (0)[0m
[0;32mI (813) mpu9250: --> Scalar: 1/131.000000[0m
[0;32mI (813) mpu9250: --> Bias Offset:[0m
[0;32mI (813) mpu9250:   --> x: 0.303956[0m
[0;32mI (823) mpu9250:   --> y: -1.049768[0m
[0;32mI (823) mpu9250:   --> z: -0.403782[0m
[0;32mI (833) ak8963: Magnetometer (Compass):[0m
[0;32mI (833) ak8963: --> i2c address: 0x00[0m
[0;32mI (843) ak8963: --> initialised: true[0m
[0;32mI (843) ak8963: --> Device ID: 0x48[0m
[0;32mI (843) ak8963: --> Mode: 0x06 (Continuous measurement mode 2: 100Hz)[0m
[0;32mI (853) ak8963: --> ASA Scalars:[0m
[0;32mI (863) ak8963:   --> x: 1.175781[0m
[0;32mI (863) ak8963:   --> y: 1.187500[0m
[0;32mI (863) ak8963:   --> z: 1.136719[0m
[0;32mI (873) ak8963: --> Offset:[0m
[0;32mI (873) ak8963:   --> x: 25.183594[0m
[0;32mI (873) ak8963:   --> y: 57.519531[0m
[0;32mI (883) ak8963:   --> z: -62.648438[0m
[0;32mI (883) ak8963: --> Scale:[0m
[0;32mI (893) ak8963:   --> x: 1.513449[0m
[0;32mI (893) ak8963:   --> y: 1.557811[0m
[0;32mI (893) ak8963:   --> z: 1.434039[0m
Starting main loop
0.000000
350.677307
349.250458
353.051758
0.392218
9.733134
20.242460
29.964098
38.354073
44.311977
46.508526
46.692890
46.849712
46.987465
47.310444
46.640018
46.653362
46.240856
46.110714
46.634163
46.411907
46.504936
46.703194
46.839855
47.022903
47.283649
46.657513
47.087883
46.664925
46.780857
46.224110
46.586567
46.262852
46.625458
46.564964
46.453999
46.589405
45.683964
44.952202
44.603752
45.245201
45.369202
46.203537
47.420586
48.337643
49.146408
49.460266
50.759392
51.067677
52.378281
51.849232
51.715149
52.237141
52.428589
52.104828
51.917625
52.491245
52.710236
51.439320
52.736351
51.784142
52.419785
51.700623
52.675846
52.740337
51.599213
52.258282
52.339344
51.979591
52.055588
51.775364
52.682243
51.558300
51.472935
51.237961
51.186668
50.503429
50.985092
51.260742
51.570251
49.480652
47.125538
46.799908
48.744881
48.482243
47.710232
47.235504
46.935169
46.839546
46.744255
46.825954
46.773914
46.943817
46.769737
46.827068
46.559528
46.945686
46.693573
46.406479
48.016598
49.762260
50.155155
51.733833
52.684650
53.406631
53.384281
52.645168
52.217823
52.830692
52.956295
52.740849
52.670105
52.326248
52.549423
52.405468
52.493839
52.282455
52.354282
50.906746
47.986923
45.891769
44.125080
43.249779
43.521206
43.064072
43.637009
43.803478
44.018433
44.518227
43.960251
43.812222
43.830055
43.044849
43.065922
42.746960
42.667992
43.183365
45.640999
47.983116
48.367676
49.691860
50.404816
49.268417
48.498013
48.175369
47.930134
47.986549
47.658070
47.415031
48.245380
49.488171
50.930912
51.024513
52.734875
54.204937
55.393276
56.389637
57.118584
58.265381
59.269760
61.037350
63.423649
64.844215
65.512650
66.604408
66.770699
65.700165
63.498917
58.968636
54.823997
50.448345
43.950230
47.291309
44.446899
39.504333
37.404194
37.288776
34.702747
42.547253
40.231647
42.831238
40.016602
39.534870
37.046532
26.114368
31.246206
34.617634
48.631115
57.620461
58.815735
59.342075
55.923790
52.306892
48.994984
46.635143
45.453720
45.885162
47.057831
47.000214
47.345711
47.346203
47.898121
47.725323
47.228500
47.634663
46.586563
44.631409
42.783455
41.467346
40.673611
41.839508
42.707958
49.257309
53.351479
53.297054
52.979229
51.558117
51.732590
50.343044
52.119526
52.616238
51.211731
50.018600
49.546169
49.224670
48.894836
48.568909
48.763474
49.689754
49.696663
49.438763
49.458031
49.328232
48.563923
49.113914
48.809860
48.441322
48.882153
49.280079
49.344967
48.983662
48.943836
49.218197
49.113758
49.207809
49.740242
49.589214
49.064053
49.590820
48.908821
48.401711
48.734653
49.597198
49.186584
48.552372
48.796432
49.251137
49.557659
49.225437
49.184803
49.091705
49.429382
49.062737
49.363831
49.126087
48.903225
48.734959
48.936810
49.253353
49.161636
48.939400
48.690632
48.703011
48.962177
48.896599
49.015068
49.034222
48.725742
48.744724
48.992775
48.877193
48.835339
49.088734
48.958042
48.986763
48.902092
49.446377
48.631908
49.259182
48.970924
49.487690
49.232643
49.394642
49.077957
48.836906
48.631081
49.050411
49.104462
49.428520
48.704617
48.534660
49.041370
48.910889
49.300098
49.190170
49.108280
49.110519
49.152313
49.043953
48.665745
48.974968
48.769184
48.785095
49.117859
48.788250
49.267975
49.225189
49.697414
49.005047
49.479328
48.504093
49.114693
49.088455
48.696476
49.190331
