etention RAM[0m
[0;32mï¿½ESP-ROM:esp32c3-api1-20210207
Build:Feb  7 2021
rst:0x1 (POWERON),boot:0xc (SPI_FAST_FLASH_BOOT)
SPIWP:0xee
mode:DIO, clock div:1
load:0x3fcd5820,len:0x1738
load:0x403cc710,len:0xb9c
load:0x403ce710,len:0x2e34
entry 0x403cc71a
[0;32mI (30) boot: ESP-IDF v5.3-dev-1043-g8c9e29898f 2nd stage bootloader[0m
[0;32mI (30) boot: compile time Dec 21 2023 04:19:22[0m
[0;32mI (31) boot: chip revision: v0.4[0m
[0;32mI (35) boot.esp32c3: SPI Speed      : 80MHz[0m
[0;32mI (40) boot.esp32c3: SPI Mode       : DIO[0m
[0;32mI (44) boot.esp32c3: SPI Flash Size : 2MB[0m
[0;32mI (49) boot: Enabling RNG early entropy source...[0m
[0;32mI (54) boot: Partition Table:[0m
[0;32mI (58) boot: ## Label            Usage          Type ST Offset   Length[0m
[0;32mI (65) boot:  0 nvs              WiFi data        01 02 00009000 00006000[0m
[0;32mI (73) boot:  1 phy_init         RF data          01 01 0000f000 00001000[0m
[0;32mI (80) boot:  2 factory          factory app      00 00 00010000 00100000[0m
[0;32mI (88) boot: End of partition table[0m
[0;32mI (92) esp_image: segment 0: paddr=00010020 vaddr=3c020020 size=0bfc0h ( 49088) map[0m
[0;32mI (108) esp_image: segment 1: paddr=0001bfe8 vaddr=3fc8c600 size=01354h (  4948) load[0m
[0;32mI (110) esp_image: segment 2: paddr=0001d344 vaddr=40380000 size=02cd4h ( 11476) load[0m
[0;32mI (119) esp_image: segment 3: paddr=00020020 vaddr=42000020 size=1ad84h (109956) map[0m
[0;32mI (144) esp_image: segment 4: paddr=0003adac vaddr=40382cd4 size=0991ch ( 39196) load[0m
[0;32mI (155) boot: Loaded app from partition at offset 0x10000[0m
[0;32mI (155) boot: Disabling RNG early entropy source...[0m
[0;32mI (166) cpu_start: Unicore app[0m
[0;32mI (175) cpu_start: Pro cpu start user code[0m
[0;32mI (175) cpu_start: cpu freq: 160000000 Hz[0m
[0;32mI (175) cpu_start: Application information:[0m
[0;32mI (178) cpu_start: Project name:     demo_sophia[0m
[0;32mI (183) cpu_start: App version:      ec20f92-dirty[0m
[0;32mI (189) cpu_start: Compile time:     Dec 21 2023 04:22:37[0m
[0;32mI (195) cpu_start: ELF file SHA256:  34502f772...[0m
[0;32mI (200) cpu_start: ESP-IDF:          v5.3-dev-1043-g8c9e29898f[0m
[0;32mI (207) cpu_start: Min chip rev:     v0.3[0m
[0;32mI (211) cpu_start: Max chip rev:     v1.99 [0m
[0;32mI (216) cpu_start: Chip rev:         v0.4[0m
[0;32mI (221) heap_init: Initializing. RAM available for dynamic allocation:[0m
[0;32mI (228) heap_init: At 3FC8E920 len 000316E0 (197 KiB): RAM[0m
[0;32mI (234) heap_init: At 3FCC0000 len 0001C710 (113 KiB): Retention RAM[0m
[0;32mI (241) heap_init: At 3FCDC710 len 00002950 (10 KiB): Retention RAM[0m
[0;32mI (248) heap_init: At 50000010 len 00001FD8 (7 KiB): RTCRAM[0m
[0;32mI (255) spi_flash: detected chip: generic[0m
[0;32mI (259) spi_flash: flash io: dio[0m
[0;33mW (263) spi_flash: Detected size(4096k) larger than the size in the binary image header(2048k). Using the size in the binary image header.[0m
[0;33mW (276) i2c: This driver is an old driver, please migrate your application code to adapt `driver/i2c_master.h`[0m
[0;32mI (287) sleep: Configure to isolate all GPIO pins in sleep state[0m
[0;32mI (294) sleep: Enable automatic switching of GPIO sleep configuration[0m
[0;32mI (301) main_task: Started on CPU0[0m
[0;32mI (301) main_task: Calling app_main()[0m
[0;32mI (301) mpu9250: Initializating MPU9250[0m
ESP_ERROR_CHECK failed: esp_err_t 0xffffffff (ESP_FAIL) at 0x42009a70
file: "./components/mpu9250/mpu9250.c" line 64
func: i2c_mpu9250_init
expression: i2c_write_bit(I2C_MASTER_NUM, MPU9250_I2C_ADDR, MPU9250_RA_PWR_MGMT_1, MPU9250_PWR1_DEVICE_RESET_BIT, 1)

abort() was called at PC 0x40384e41 on core 0
Core  0 register dump:
MEPC    : 0x4038078e  RA      : 0x40384e4c  SP      : 0x3fc916f0  GP      : 0x3fc8ce00  
TP      : 0x3fc863a8  T0      : 0x37363534  T1      : 0x7271706f  T2      : 0x33323130  
S0/FP   : 0x00000004  S1      : 0x3fc91754  A0      : 0x3fc9171c  A1      : 0x3fc91752  
A2      : 0x00000000  A3      : 0x3fc91749  A4      : 0x00000001  A5      : 0x3fc8e000  
A6      : 0x7a797877  A7      : 0x76757473  S2      : 0x00000000  S3      : 0x00000000  
S4      : 0x00000000  S5      : 0x00000000  S6      : 0x00000000  S7      : 0x00000000  
S8      : 0x00000000  S9      : 0x00000000  S10     : 0x00000000  S11     : 0x00000000  
T3      : 0x6e6d6c6b  T4      : 0x6a696867  T5      : 0x66656463  T6      : 0x62613938  
MSTATUS : 0x00001881  MTVEC   : 0x40380001  MCAUSE  : 0x00000007  MTVAL   : 0x00000000  
MHARTID : 0x00000000  

panic_abort (details=details@entry=0x3fc9171c "abort() was called at PC 0x40384e41 on core 0") at /Users/naichenzhao/esp/esp-idf/components/esp_system/panic.c:472
472	    *((volatile int *) 0) = 0; // NOLINT(clang-analyzer-core.NullDereference) should be an invalid operation on targets
#0  panic_abort (details=details@entry=0x3fc9171c "abort() was called at PC 0x40384e41 on core 0") at /Users/naichenzhao/esp/esp-idf/components/esp_system/panic.c:472
#1  0x40384e4c in esp_system_abort (details=details@entry=0x3fc9171c "abort() was called at PC 0x40384e41 on core 0") at /Users/naichenzhao/esp/esp-idf/components/esp_system/port/esp_system_chip.c:93
#2  0x4038af4c in abort () at /Users/naichenzhao/esp/esp-idf/components/newlib/abort.c:38
#3  0x40384e44 in _esp_error_check_failed (rc=<optimized out>, file=file@entry=0x3c024bcc "", line=line@entry=64, function=function@entry=0x3c029a2c <__func__.4> "", expression=expression@entry=0x3c0253e8 "") at /Users/naichenzhao/esp/esp-idf/components/esp_system/esp_err.c:50
#4  0x42009a74 in i2c_mpu9250_init (c=c@entry=0x3fc8c858 <cal>) at /Users/naichenzhao/Desktop/SLICE/winter_demo_sophia/code_lowlevel/components/mpu9250/mpu9250.c:64
#5  0x42008afc in accel_init () at /Users/naichenzhao/Desktop/SLICE/winter_demo_sophia/code_lowlevel/main/accel.c:68
#6  0x42008abe in app_main () at /Users/naichenzhao/Desktop/SLICE/winter_demo_sophia/code_lowlevel/main/main.c:17
#7  0x4201a2a8 in main_task (args=<error reading variable: value has been optimized out>) at /Users/naichenzhao/esp/esp-idf/components/freertos/app_startup.c:208
#8  0x40385de4 in vPortTaskWrapper (pxCode=<optimized out>, pvParameters=<optimized out>) at /Users/naichenzhao/esp/esp-idf/components/freertos/FreeRTOS-Kernel/portable/riscv/port.c:255
ELF file SHA256: 34502f772

Rebooting...
ESP-ROM:esp32c3-api1-20210207
Build:Feb  7 2021
rst:0xc (RTC_SW_CPU_RST),boot:0xc (SPI_FAST_FLASH_BOOT)
Saved PC:0x40380746
SPIWP:0xee
mode:DIO, clock div:1
load:0x3fcd5820,len:0x1738
load:0x403cc710,len:0xb9c
load:0x403ce710,len:0x2e34
entry 0x403cc71a
[0;32mI (35) boot: ESP-IDF v5.3-dev-1043-g8c9e29898f 2nd stage bootloader[0m
[0;32mI (35) boot: compile time Dec 21 2023 04:19:22[0m
[0;32mI (36) boot: chip revision: v0.4[0m
[0;32mI (40) boot.esp32c3: SPI Speed      : 80MHz[0m
[0;32mI (45) boot.esp32c3: SPI Mode       : DIO[0m
[0;32mI (49) boot.esp32c3: SPI Flash Size : 2MB[0m
[0;32mI (54) boot: Enabling RNG early entropy source...[0m
[0;32mI (59) boot: Partition Table:[0m
[0;32mI (63) boot: ## Label            Usage          Type ST Offset   Length[0m
[0;32mI (70) boot:  0 nvs              WiFi data        01 02 00009000 00006000[0m
[0;32mI (78) boot:  1 phy_init         RF data          01 01 0000f000 00001000[0m
[0;32mI (85) boot:  2 factory          factory app      00 00 00010000 00100000[0m
[0;32mI (93) boot: End of partition table[0m
[0;32mI (97) esp_image: segment 0: paddr=00010020 vaddr=3c020020 size=0bfc0h ( 49088) map[0m
[0;32mI (113) esp_image: segment 1: paddr=0001bfe8 vaddr=3fc8c600 size=01354h (  4948) load[0m
[0;32mI (115) esp_image: segment 2: paddr=0001d344 vaddr=40380000 size=02cd4h ( 11476) load[0m
[0;32mI (124) esp_image: segment 3: paddr=00020020 vaddr=42000020 size=1ad84h (109956) map[0m
[0;32mI (148) esp_image: segment 4: paddr=0003adac vaddr=40382cd4 size=0991ch ( 39196) load[0m
[0;32mI (159) boot: Loaded app from partition at offset 0x10000[0m
[0;32mI (160) boot: Disabling RNG early entropy source...[0m
[0;32mI (171) cpu_start: Unicore app[0m
[0;32mI (180) cpu_start: Pro cpu start user code[0m
[0;32mI (180) cpu_start: cpu freq: 160000000 Hz[0m
[0;32mI (180) cpu_start: Application information:[0m
[0;32mI (183) cpu_start: Project name:     demo_sophia[0m
[0;32mI (188) cpu_start: App version:      ec20f92-dirty[0m
[0;32mI (194) cpu_start: Compile time:     Dec 21 2023 04:22:37[0m
[0;32mI (200) cpu_start: ELF file SHA256:  34502f772...[0m
[0;32mI (205) cpu_start: ESP-IDF:          v5.3-dev-1043-g8c9e29898f[0m
[0;32mI (211) cpu_start: Min chip rev:     v0.3[0m
[0;32mI (216) cpu_start: Max chip rev:     v1.99 [0m
[0;32mI (221) cpu_start: Chip rev:         v0.4[0m
[0;32mI (226) heap_init: Initializing. RAM available for dynamic allocation:[0m
[0;32mI (233) heap_init: At 3FC8E920 len 000316E0 (197 KiB): RAM[0m
[0;32mI (239) heap_init: At 3FCC0000 len 0001C710 (113 KiB): Retention RAM[0m
[0;32mI (246) heap_init: At 3FCDC710 len 00002950 (10 KiB): Retention RAM[0m
[0;32mI (253) heap_init: At 50000010 len 00001FD8 (7 KiB): RTCRAM[0m
[0;32mI (260) spi_flash: detected chip: generic[0m
[0;32mI (264) spi_flash: flash io: dio[0m
[0;33mW (268) spi_flash: Detected size(4096k) larger than the size in the binary image header(2048k). Using the size in the binary image header.[0m
[0;33mW (281) i2c: This driver is an old driver, please migrate your application code to adapt `driver/i2c_master.h`[0m
[0;32mI (292) sleep: Configure to isolate all GPIO pins in sleep state[0m
[0;32mI (299) sleep: Enable automatic switching of GPIO sleep configuration[0m
[0;32mI (306) main_task: Started on CPU0[0m
[0;32mI (306) main_task: Calling app_main()[0m
[0;32mI (306) mpu9250: Initializating MPU9250[0m
[0;32mI (466) mpu9250: Enabling magnetometer[0m
[0;32mI (696) mpu9250: Magnetometer enabled[0m
[0;32mI (696) mpu9250: MPU9250:[0m
[0;32mI (696) mpu9250: --> i2c bus: 0x00[0m
[0;32mI (696) mpu9250: --> Device address: 0x69[0m
[0;32mI (696) mpu9250: --> Device ID: 0x71[0m
[0;32mI (696) mpu9250: --> initialised: Yes[0m
[0;32mI (706) mpu9250: --> BYPASS enabled: Yes[0m
[0;32mI (706) mpu9250: --> SleepEnabled Mode: Off[0m
[0;32mI (716) mpu9250: --> i2c Master Mode: Disabled[0m
[0;32mI (716) mpu9250: --> Power Management (0x6B, 0x6C):[0m
[0;32mI (726) mpu9250:   --> Clock Source: 1 1 (Auto selects the best available clock source)[0m
[0;32mI (736) mpu9250:   --> Accel enabled (x, y, z): (Yes, Yes, Yes)[0m
[0;32mI (736) mpu9250:   --> Gyro enabled (x, y, z): (Yes, Yes, Yes)[0m
[0;32mI (746) mpu9250: Accelerometer:[0m
[0;32mI (746) mpu9250: --> Full Scale Range (0x1C): Â±4g (1)[0m
[0;32mI (756) mpu9250: --> Scalar: 1/8192.000000[0m
[0;32mI (766) mpu9250: --> Calibration:[0m
[0;32mI (766) mpu9250:   --> Offset: [0m
[0;32mI (766) mpu9250:     --> x: 0.020900[0m
[0;32mI (776) mpu9250:     --> y: 0.014688[0m
[0;32mI (776) mpu9250:     --> z: -0.002580[0m
[0;32mI (786) mpu9250:   --> Scale: [0m
[0;32mI (786) mpu9250:     --> x: (-0.992052, 1.013558)[0m
[0;32mI (796) mpu9250:     --> y: (-0.990010, 1.011903)[0m
[0;32mI (796) mpu9250:     --> z: (-1.011147, 1.019645)[0m
[0;32mI (806) mpu9250: Gyroscope:[0m
[0;32mI (806) mpu9250: --> Full Scale Range (0x1B): +250 dps (0)[0m
[0;32mI (816) mpu9250: --> Scalar: 1/131.000000[0m
[0;32mI (816) mpu9250: --> Bias Offset:[0m
[0;32mI (816) mpu9250:   --> x: 0.303956[0m
[0;32mI (826) mpu9250:   --> y: -1.049768[0m
[0;32mI (826) mpu9250:   --> z: -0.403782[0m
[0;32mI (836) ak8963: Magnetometer (Compass):[0m
[0;32mI (836) ak8963: --> i2c address: 0x00[0m
[0;32mI (846) ak8963: --> initialised: true[0m
[0;32mI (846) ak8963: --> Device ID: 0x48[0m
[0;32mI (846) ak8963: --> Mode: 0x06 (Continuous measurement mode 2: 100Hz)[0m
[0;32mI (856) ak8963: --> ASA Scalars:[0m
[0;32mI (866) ak8963:   --> x: 1.175781[0m
[0;32mI (866) ak8963:   --> y: 1.187500[0m
[0;32mI (866) ak8963:   --> z: 1.136719[0m
[0;32mI (876) ak8963: --> Offset:[0m
[0;32mI (876) ak8963:   --> x: 25.183594[0m
[0;32mI (876) ak8963:   --> y: 57.519531[0m
[0;32mI (886) ak8963:   --> z: -62.648438[0m
[0;32mI (886) ak8963: --> Scale:[0m
[0;32mI (896) ak8963:   --> x: 1.513449[0m
[0;32mI (896) ak8963:   --> y: 1.557811[0m
[0;32mI (896) ak8963:   --> z: 1.434039[0m
Starting main loop
0.000000
0.000000
0.000000
0.000000
0.000000
0.000000
0.000000
0.000000
0.000000
0.000000
0.000000
0.000000
0.000000
0.000000
0.000000
0.000000
0.000000
0.000000
0.000000
0.000000
0.000000
0.000000
0.000000
0.000000
0.000000
0.000000
0.000000
0.000000
0.000000
0.000000
0.000000
0.000000
0.000000
0.000000
0.000000
0.000000
0.000000
0.000000
0.000000
0.000000
0.000000
0.000000
0.000000
0.000000
0.000000
0.000000
0.000000
0.000000
0.000000
0.000000
0.000000
0.000000
0.000000
0.000000
0.000000
0.000000
0.000000
0.000000
0.000000
0.000000
0.000000
0.000000
0.000000
0.000000
0.000000
0.000000
0.000000
0.000000
0.000000
0.000000
0.000000
0.000000
0.000000
0.000000
0.000000
0.000000
0.000000
0.000000
0.000000
0.000000
0.000000
0.000000
0.000000
0.000000
0.000000
0.000000
0.000000
0.000000
0.000000
0.000000
0.000000
0.000000
0.000000
0.000000
0.000000
0.000000
0.000000
0.000000
0.000000
0.000000
0.000000
0.000000
0.000000
0.000000
0.000000
0.000000
0.000000
0.000000
0.000000
0.000000
0.000000
0.000000
0.000000
0.000000
0.000000
0.000000
0.000000
0.000000
0.000000
0.000000
0.000000
0.000000
0.000000
0.000000
0.000000
0.000000
0.000000
0.000000
0.000000
0.000000
0.000000
0.000000
0.000000
0.000000
0.000000
0.000000
0.000000
0.000000
0.000000
0.000000
0.000000
0.000000
0.000000
0.000000
0.000000
0.000000
0.000000
0.000000
0.000000
0.000000
0.000000
0.000000
0.000000
0.000000
0.000000
0.000000
0.000000
0.000000
0.000000
0.000000
0.000000
0.000000
0.000000
0.000000
0.000000
0.000000
0.000000
0.000000
0.000000
0.000000
0.000000
0.000000
0.000000
0.000000
0.000000
0.000000
0.000000
0.000000
0.000000
0.000000
0.000000
0.000000
0.000000
0.000000
0.000000
0.000000
0.000000
0.000000
0.000000
0.000000
0.000000
0.000000
0.000000
0.000000
0.000000
0.000000
0.000000
0.000000
0.000000
0.000000
0.000000
0.000000
0.000000
0.000000
0.000000
0.000000
0.000000
0.000000
0.000000
0.000000
0.000000
0.000000
0.000000
0.000000
0.000000
0.000000
0.000000
0.000000
0.000000
0.000000
0.000000
0.000000
