 v0.3[0m
[0;3ï¿½ESP-ROM:esp32c3-api1-20210207
Build:Feb  7 2021
rst:0x1 (POWERON),boot:0xc (SPI_FAST_FLASH_BOOT)
SPIWP:0xee
mode:DIO, clock div:1
load:0x3fcd5820,len:0x1738
load:0x403cc710,len:0xb9c
load:0x403ce710,len:0x2e34
entry 0x403cc71a
[0;32mI (30) boot: ESP-IDF v5.3-dev-1043-g8c9e29898f 2nd stage bootloader[0m
[0;32mI (30) boot: compile time Dec 21 2023 03:12:35[0m
[0;32mI (31) boot: chip revision: v0.4[0m
[0;32mI (35) boot.esp32c3: SPI Speed      : 80MHz[0m
[0;32mI (40) boot.esp32c3: SPI Mode       : DIO[0m
[0;32mI (44) boot.esp32c3: SPI Flash Size : 2MB[0m
[0;32mI (49) boot: Enabling RNG early entropy source...[0m
[0;32mI (54) boot: Partition Table:[0m
[0;32mI (58) boot: ## Label            Usage          Type ST Offset   Length[0m
[0;32mI (65) boot:  0 nvs              WiFi data        01 02 00009000 00006000[0m
[0;32mI (73) boot:  1 phy_init         RF data          01 01 0000f000 00001000[0m
[0;32mI (80) boot:  2 factory          factory app      00 00 00010000 00100000[0m
[0;32mI (88) boot: End of partition table[0m
[0;32mI (92) esp_image: segment 0: paddr=00010020 vaddr=3c020020 size=0afd8h ( 45016) map[0m
[0;32mI (108) esp_image: segment 1: paddr=0001b000 vaddr=3fc8b600 size=012bch (  4796) load[0m
[0;32mI (110) esp_image: segment 2: paddr=0001c2c4 vaddr=40380000 size=03d54h ( 15700) load[0m
[0;32mI (120) esp_image: segment 3: paddr=00020020 vaddr=42000020 size=1ae48h (110152) map[0m
[0;32mI (144) esp_image: segment 4: paddr=0003ae70 vaddr=40383d54 size=0774ch ( 30540) load[0m
[0;32mI (153) boot: Loaded app from partition at offset 0x10000[0m
[0;32mI (153) boot: Disabling RNG early entropy source...[0m
[0;32mI (164) cpu_start: Unicore app[0m
[0;32mI (173) cpu_start: Pro cpu start user code[0m
[0;32mI (173) cpu_start: cpu freq: 160000000 Hz[0m
[0;32mI (173) cpu_start: Application information:[0m
[0;32mI (176) cpu_start: Project name:     app-template[0m
[0;32mI (181) cpu_start: App version:      418fb4d-dirty[0m
[0;32mI (187) cpu_start: Compile time:     Dec 21 2023 03:12:20[0m
[0;32mI (193) cpu_start: ELF file SHA256:  de9e83d1d...[0m
[0;32mI (198) cpu_start: ESP-IDF:          v5.3-dev-1043-g8c9e29898f[0m
[0;32mI (205) cpu_start: Min chip rev:     v0.3[0m
[0;32mI (210) cpu_start: Max chip rev:     v1.99 [0m
[0;32mI (214) cpu_start: Chip rev:         v0.4[0m
[0;32mI (219) heap_init: Initializing. RAM available for dynamic allocation:[0m
[0;32mI (226) heap_init: At 3FC8D870 len 00032790 (201 KiB): RAM[0m
[0;32mI (233) heap_init: At 3FCC0000 len 0001C710 (113 KiB): Retention RAM[0m
[0;32mI (240) heap_init: At 3FCDC710 len 00002950 (10 KiB): Retention RAM[0m
[0;32mI (246) heap_init: At 50000010 len 00001FD8 (7 KiB): RTCRAM[0m
[0;32mI (254) spi_flash: detected chip: generic[0m
[0;32mI (257) spi_flash: flash io: dio[0m
[0;33mW (261) spi_flash: Detected size(4096k) larger than the size in the binary image header(2048k). Using the size in the binary image header.[0m
[0;32mI (275) sleep: Configure to isolate all GPIO pins in sleep state[0m
[0;32mI (281) sleep: Enable automatic switching of GPIO sleep configuration[0m
[0;32mI (289) main_task: Started on CPU0[0m
[0;32mI (299) main_task: Calling app_main()[0m
[0;32mI (299) gpio: GPIO[19]| InputEn: 1| OutputEn: 1| OpenDrain: 1| Pullup: 1| Pulldown: 0| Intr:0 [0m
[0;32mI (299) gpio: GPIO[18]| InputEn: 1| OutputEn: 1| OpenDrain: 1| Pullup: 1| Pulldown: 0| Intr:0 [0m
MPU9250 device found...
Gyro setup complete
1
6
4
4
1
3
4
2
2
2
0
3
6
4
4
2
4
4
2
3
6
3
3
3
2
2
4
65290
9
0
2
2
3
254
1
3
10
441
1015
573
643
934
811
571
613
932
928
1367
1946
2138
1948
1009
138
64902
107
65460
65504
65207
69
27
45
65487
19
37
65499
13
2
65534
65519
1
11
24
30
28
15
65534
4
17
65527
65528
2
65530
16
19
15
2
6
65533
0
3
2
4
65514
65528
65523
65531
65533
10
65535
5
65525
65496
65200
64953
64790
63398
62627
64229
64220
64218
64669
64560
64747
65020
64704
64826
65319
7
65529
8
5
4
4
5
3
4
3
3
3
3
4
2
5
1
2
4
4
4
65456
3
3
1
1465
6088
5630
1117
65188
615
402
57
65474
65510
65520
65485
5
65528
65520
0
65525
0
5
9
7
10
1
3
65529
65534
0
65532
7
5
3
4
4
1
6
6
65519
65425
64923
63625
62286
63611
63672
63144
63543
64555
65304
65509
65523
65535
1
3
3
2
65505
10
65535
0
3
2
4
7
3
65535
11
4
3
4
3
3
2
5
3
4
1
2
2
2
5
4
3
3
2
4
4
3
3
5
4
2
3
2
2
3
2
3
3
3
2
5
4
3
4
3
2
5
3
4
4
4
3
3
3
3
1
2
3
3
2
2
3
4
2
2
3
4
2
2
3
3
4
2
3
3
3
4
5
2
3
4
4
3
2
3
2
1
5
3
3
3
1
2
1
3
3
3
3
3
2
3
1
3
3
5
2
3
4
3
3
2
3
3
2
2
4
3
2
4
5
4
2
3
3
2
4
3
3
3
3
2
2
3
3
3
2
5
3
3
4
3
3
3
6
3
4
3
3
3
2
3
3
4
2
5
3
2
4
4
4
3
2
2
2
3
3
2
3
4
3
3
3
2
4
3
4
3
3
4
2
3
2
3
5
2
3
3
3
2
1
3
3
3
3
4
3
2
3
3
3
2
3
5
4
3
4
4
3
3
4
1
3
4
5
3
4
3
5
3
3
3
1
1
2
5
3
1
2
0
4
2
4
4
4
5
2
4
3
4
2
3
2
5
2
4
2
4
4
3
2
4
4
4
3
3
2
3
1
2
1
2
4
5
2
4
2
3
4
4
3
3
3
2
4
4
2
4
5
5
4
2
2
3
2
3
4
3
2
3
3
3
3
3
0
2
3
3
2
4
4
3
2
3
2
2
2
2
3
3
4
2
3
3
3
0
3
3
3
3
2
3
4
5
4
1
3
2
3
3
4
3
3
3
2
3
3
2
3
3
4
2
2
1
3
3
4
2
2
2
2
2
3
2
3
3
3
3
2
2
3
4
4
4
4
4
2
3
3
4
3
2
3
3
4
3
5
3
3
3
3
4
4
3
5
2
0
4
4
2
1
2
3
4
3
4
2
3
4
1
2
2
3
2
3
2
4
3
3
3
3
6
3
3
3
3
4
2
4
4
3
3
3
3
2
3
2
4
2
2
2
3
4
2
3
2
2
2
2
4
3
2
2
3
3
3
4
1
4
2
1
5
3
3
3
3
2
2
3
2
2
2
4
4
3
2
3
3
3
2
3
4
3
3
3
4
2
3
3
3
4
3
3
2
3
3
4
3
4
3
4
2
4
5
1
3
2
2
4
3
2
3
4
3
3
3
4
2
3
1
2
2
3
4
3
2
2
2
1
3
3
2
3
3
2
4
4
3
3
2
3
4
3
2
4
4
2
3
3
2
2
1
3
2
2
3
4
4
2
4
4
3
3
3
1
3
3
2
4
3
4
3
3
3
4
2
3
2
3
3
3
2
4
2
4
4
4
3
3
3
2
3
3
3
4
3
1
2
4
4
3
3
3
3
3
3
2
2
3
2
3
3
3
4
4
3
5
4
3
3
3
4
4
4
3
2
4
3
2
4
4
3
2
3
2
4
3
2
5
3
3
3
2
3
4
3
3
3
2
3
3
2
2
3
4
4
4
1
4
3
2
3
3
3
2
4
4
2
3
5
3
4
2
4
4
2
3
3
4
2
3
3
3
3
2
4
2
3
3
4
4
3
4
4
4
2
2
3
2
2
2
3
2
3
3
4
3
4
4
3
3
3
4
3
2
3
4
4
4
4
2
3
3
1
2
4
2
4
3
5
3
2
2
3
3
3
3
4
4
2
1
2
2
5
0
4
1
3
4
2
2
3
3
5
2
4
3
2
3
4
4
4
1
3
4
2
1
3
2
2
2
4
2
2
4
4
8
4
2
2
3
3
3
3
2
3
4
3
5
4
2
3
3
3
3
2
3
3
5
3
3
4
2
2
2
4
5
5
3
5
4
3
3
4
2
3
2
3
2
3
1
2
3
3
3
5
3
2
3
4
4
3
4
5
3
4
4
2
3
3
2
3
3
2
4
2
5
3
3
2
5
3
2
5
3
3
3
2
2
3
3
4
3
3
3
2
3
65534
2
3
3
1
3
4
1
2
6
5
4
4
3
1
65535
2
3
1
3
3
2
4
3
4
4
3
2
2
2
3
4
2
3
2
2
2
2
2
1
3
4
4
2
2
4
3
2
3
4
2
2
4
3
3
3
2
2
4
3
3
3
3
5
4
3
1
4
1
4
3
4
3
2
1
2
1
3
2
4
3
3
5
2
4
2
5
3
2
3
3
4
4
5
5
2
3
3
2
5
2
3
6
2
2
3
4
3
2
2
3
4
3
3
3
3
2
2
4
4
3
3
3
4
4
3
3
2
1
2
3
1
2
3
2
3
5
4
3
3
1
3
2
2
4
3
3
2
3
4
3
3
3
4
2
1
5
1
3
2
2
2
5
4
4
3
2
3
2
2
2
3
3
2
1
3
3
2
5
4
65535
3
1
3
5
4
2
2
3
3
4
1
4
4
3
3
3
5
2
1
2
4
2
3
3
4
3
4
2
2
3
2
2
2
3
2
3
2
3
3
3
3
2
4
2
4
3
3
1
1
2
2
4
3
3
1
2
2
2
2
2
2
0
4
3
3
4
4
2
2
0
3
4
3
1
3
5
2
3
3
4
2
3
1
2
2
3
3
3
2
3
3
3
4
3
4
3
3
2
5
3
2
1
3
3
3
3
0
3
3
3
4
3
2
3
3
3
2
2
5
2
2
3
4
3
4
3
3
3
3
3
1
3
3
3
2
1
3
1
4
3
3
2
2
4
1
3
3
4
2
3
2
3
2
4
3
2
2
3
3
2
1
2
1
1
1
1
1
2
3
5
6
6
0
3
1
3
2
2
4
3
3
3
1
3
4
5
4
3
1
1
3
2
3
3
1
4
2
3
1
3
4
4
4
1
4
3
1
2
3
3
4
2
2
2
2
3
3
2
1
4
5
4
5
3
1
4
3
3
2
3
2
3
2
3
2
2
3
4
3
2
3
4
3
4
1
4
2
4
3
4
2
3
