rv:0x00,wp_dï¿½ï¿½0
mode:DIO, clock div:2
load:0x3ï¿½ets Jul 29 2019 12:21:46

rst:0x1 (POWERON_RESET),boot:0x13 (SPI_FAST_FLASH_BOOT)
configsip: 0, SPIWP:0xee
clk_drv:0x00,q_drv:0x00,d_drv:0x00,cs0_drv:0x00,hd_drv:0x00,wp_drv:0x00
mode:DIO, clock div:2
load:0x3fff0030,len:7172
load:0x40078000,len:15532
load:0x40080400,len:4
load:0x40080404,len:3904
entry 0x40080640
[0;32mI (29) boot: ESP-IDF v5.3-dev-1043-g8c9e29898f 2nd stage bootloader[0m
[0;32mI (29) boot: compile time Dec 23 2023 16:25:19[0m
[0;32mI (31) boot: Multicore bootloader[0m
[0;32mI (35) boot: chip revision: v3.0[0m
[0;32mI (39) boot.esp32: SPI Speed      : 40MHz[0m
[0;32mI (44) boot.esp32: SPI Mode       : DIO[0m
[0;32mI (48) boot.esp32: SPI Flash Size : 2MB[0m
[0;32mI (53) boot: Enabling RNG early entropy source...[0m
[0;32mI (58) boot: Partition Table:[0m
[0;32mI (62) boot: ## Label            Usage          Type ST Offset   Length[0m
[0;32mI (69) boot:  0 nvs              WiFi data        01 02 00009000 00006000[0m
[0;32mI (76) boot:  1 phy_init         RF data          01 01 0000f000 00001000[0m
[0;32mI (84) boot:  2 factory          factory app      00 00 00010000 00100000[0m
[0;32mI (91) boot: End of partition table[0m
[0;32mI (96) esp_image: segment 0: paddr=00010020 vaddr=3f400020 size=0ce94h ( 52884) map[0m
[0;32mI (122) esp_image: segment 1: paddr=0001cebc vaddr=3ffb0000 size=02370h (  9072) load[0m
[0;32mI (126) esp_image: segment 2: paddr=0001f234 vaddr=40080000 size=00de4h (  3556) load[0m
[0;32mI (130) esp_image: segment 3: paddr=00020020 vaddr=400d0020 size=1b788h (112520) map[0m
[0;32mI (175) esp_image: segment 4: paddr=0003b7b0 vaddr=40080de4 size=0d3ech ( 54252) load[0m
[0;32mI (204) boot: Loaded app from partition at offset 0x10000[0m
[0;32mI (204) boot: Disabling RNG early entropy source...[0m
[0;32mI (215) cpu_start: Multicore app[0m
[0;32mI (224) cpu_start: Pro cpu start user code[0m
[0;32mI (224) cpu_start: cpu freq: 160000000 Hz[0m
[0;32mI (224) cpu_start: Application information:[0m
[0;32mI (227) cpu_start: Project name:     demo_sophia[0m
[0;32mI (233) cpu_start: App version:      e213c6e-dirty[0m
[0;32mI (238) cpu_start: Compile time:     Dec 23 2023 16:25:04[0m
[0;32mI (244) cpu_start: ELF file SHA256:  edca80695...[0m
[0;32mI (249) cpu_start: ESP-IDF:          v5.3-dev-1043-g8c9e29898f[0m
[0;32mI (256) cpu_start: Min chip rev:     v0.0[0m
[0;32mI (261) cpu_start: Max chip rev:     v3.99 [0m
[0;32mI (266) cpu_start: Chip rev:         v3.0[0m
[0;32mI (271) heap_init: Initializing. RAM available for dynamic allocation:[0m
[0;32mI (278) heap_init: At 3FFAE6E0 len 00001920 (6 KiB): DRAM[0m
[0;32mI (284) heap_init: At 3FFB2D50 len 0002D2B0 (180 KiB): DRAM[0m
[0;32mI (290) heap_init: At 3FFE0440 len 00003AE0 (14 KiB): D/IRAM[0m
[0;32mI (296) heap_init: At 3FFE4350 len 0001BCB0 (111 KiB): D/IRAM[0m
[0;32mI (303) heap_init: At 4008E1D0 len 00011E30 (71 KiB): IRAM[0m
[0;32mI (310) spi_flash: detected chip: generic[0m
[0;32mI (313) spi_flash: flash io: dio[0m
[0;33mW (317) spi_flash: Detected size(4096k) larger than the size in the binary image header(2048k). Using the size in the binary image header.[0m
[0;33mW (330) i2c: This driver is an old driver, please migrate your application code to adapt `driver/i2c_master.h`[0m
[0;32mI (342) main_task: Started on CPU0[0m
[0;32mI (352) main_task: Calling app_main()[0m
[0;32mI (352) gpio: GPIO[32]| InputEn: 0| OutputEn: 0| OpenDrain: 0| Pullup: 1| Pulldown: 0| Intr:0 [0m
[0;32mI (352) gpio: GPIO[35]| InputEn: 0| OutputEn: 0| OpenDrain: 0| Pullup: 1| Pulldown: 0| Intr:0 [0m
[0;32mI (362) gpio: GPIO[18]| InputEn: 0| OutputEn: 0| OpenDrain: 0| Pullup: 1| Pulldown: 0| Intr:0 [0m
[0;32mI (372) mpu9250: Initializating MPU9250[0m
ESP_ERROR_CHECK failed: esp_err_t 0x107 (ESP_ERR_TIMEOUT) at 0x400d84db
file: "./components/mpu9250/mpu9250.c" line 64
func: i2c_mpu9250_init
expression: i2c_write_bit(I2C_MASTER_NUM, MPU9250_I2C_ADDR, MPU9250_RA_PWR_MGMT_1, MPU9250_PWR1_DEVICE_RESET_BIT, 1)

abort() was called at PC 0x40086c67 on core 0


Backtrace: 0x4008197e:0x3ffb4ee0 0x40086c71:0x3ffb4f00 0x4008cb41:0x3ffb4f20 0x40086c67:0x3ffb4f90 0x400d84db:0x3ffb4fc0 0x400d6876:0x3ffb4fe0 0x400d6779:0x3ffb5010 0x400eaf38:0x3ffb5050 0x40087719:0x3ffb5080




ELF file SHA256: edca80695

Rebooting...
ets Jul 29 2019 12:21:46

rst:0xc (SW_CPU_RESET),boot:0x13 (SPI_FAST_FLASH_BOOT)
configsip: 0, SPIWP:0xee
clk_drv:0x00,q_drv:0x00,d_drv:0x00,cs0_drv:0x00,hd_drv:0x00,wp_drv:0x00
mode:DIO, clock div:2
load:0x3fff0030,len:7172
load:0x40078000,len:15532
load:0x40080400,len:4
load:0x40080404,len:3904
entry 0x40080640
[0;32mI (29) boot: ESP-IDF v5.3-dev-1043-g8c9e29898f 2nd stage bootloader[0m
[0;32mI (29) boot: compile time Dec 23 2023 16:25:19[0m
[0;32mI (31) boot: Multicore bootloader[0m
[0;32mI (35) boot: chip revision: v3.0[0m
[0;32mI (39) boot.esp32: SPI Speed      : 40MHz[0m
[0;32mI (44) boot.esp32: SPI Mode       : DIO[0m
[0;32mI (48) boot.esp32: SPI Flash Size : 2MB[0m
[0;32mI (53) boot: Enabling RNG early entropy source...[0m
[0;32mI (58) boot: Partition Table:[0m
[0;32mI (62) boot: ## Label            Usage          Type ST Offset   Length[0m
[0;32mI (69) boot:  0 nvs              WiFi data        01 02 00009000 00006000[0m
[0;32mI (76) boot:  1 phy_init         RF data          01 01 0000f000 00001000[0m
[0;32mI (84) boot:  2 factory          factory app      00 00 00010000 00100000[0m
[0;32mI (91) boot: End of partition table[0m
[0;32mI (96) esp_image: segment 0: paddr=00010020 vaddr=3f400020 size=0ce94h ( 52884) map[0m
[0;32mI (122) esp_image: segment 1: paddr=0001cebc vaddr=3ffb0000 size=02370h (  9072) load[0m
[0;32mI (126) esp_image: segment 2: paddr=0001f234 vaddr=40080000 size=00de4h (  3556) load[0m
[0;32mI (129) esp_image: segment 3: paddr=00020020 vaddr=400d0020 size=1b788h (112520) map[0m
[0;32mI (175) esp_image: segment 4: paddr=0003b7b0 vaddr=40080de4 size=0d3ech ( 54252) load[0m
[0;32mI (204) boot: Loaded app from partition at offset 0x10000[0m
[0;32mI (204) boot: Disabling RNG early entropy source...[0m
[0;32mI (215) cpu_start: Multicore app[0m
[0;32mI (224) cpu_start: Pro cpu start user code[0m
[0;32mI (224) cpu_start: cpu freq: 160000000 Hz[0m
[0;32mI (224) cpu_start: Application information:[0m
[0;32mI (227) cpu_start: Project name:     demo_sophia[0m
[0;32mI (232) cpu_start: App version:      e213c6e-dirty[0m
[0;32mI (238) cpu_start: Compile time:     Dec 23 2023 16:25:04[0m
[0;32mI (244) cpu_start: ELF file SHA256:  edca80695...[0m
[0;32mI (249) cpu_start: ESP-IDF:          v5.3-dev-1043-g8c9e29898f[0m
[0;32mI (256) cpu_start: Min chip rev:     v0.0[0m
[0;32mI (261) cpu_start: Max chip rev:     v3.99 [0m
[0;32mI (265) cpu_start: Chip rev:         v3.0[0m
[0;32mI (270) heap_init: Initializing. RAM available for dynamic allocation:[0m
[0;32mI (278) heap_init: At 3FFAE6E0 len 00001920 (6 KiB): DRAM[0m
[0;32mI (283) heap_init: At 3FFB2D50 len 0002D2B0 (180 KiB): DRAM[0m
[0;32mI (290) heap_init: At 3FFE0440 len 00003AE0 (14 KiB): D/IRAM[0m
[0;32mI (296) heap_init: At 3FFE4350 len 0001BCB0 (111 KiB): D/IRAM[0m
[0;32mI (303) heap_init: At 4008E1D0 len 00011E30 (71 KiB): IRAM[0m
[0;32mI (310) spi_flash: detected chip: generic[0m
[0;32mI (313) spi_flash: flash io: dio[0m
[0;33mW (317) spi_flash: Detected size(4096k) larger than the size in the binary image header(2048k). Using the size in the binary image header.[0m
[0;33mW (330) i2c: This driver is an old driver, please migrate your application code to adapt `driver/i2c_master.h`[0m
[0;32mI (342) main_task: Started on CPU0[0m
[0;32mI (352) main_task: Calling app_main()[0m
[0;32mI (352) gpio: GPIO[32]| InputEn: 0| OutputEn: 0| OpenDrain: 0| Pullup: 1| Pulldown: 0| Intr:0 [0m
[0;32mI (352) gpio: GPIO[35]| InputEn: 0| OutputEn: 0| OpenDrain: 0| Pullup: 1| Pulldown: 0| Intr:0 [0m
[0;32mI (362) gpio: GPIO[18]| InputEn: 0| OutputEn: 0| OpenDrain: 0| Pullup: 1| Pulldown: 0| Intr:0 [0m
[0;32mI (372) mpu9250: Initializating MPU9250[0m
ESP_ERROR_CHECK failed: esp_err_t 0x107 (ESP_ERR_TIMEOUT) at 0x400d84db
file: "./components/mpu9250/mpu9250.c" line 64
func: i2c_mpu9250_init
expression: i2c_write_bit(I2C_MASTER_NUM, MPU9250_I2C_ADDR, MPU9250_RA_PWR_MGMT_1, MPU9250_PWR1_DEVICE_RESET_BIT, 1)

abort() was called at PC 0x40086c67 on core 0


Backtrace: 0x4008197e:0x3ffb4ee0 0x40086c71:0x3ffb4f00 0x4008cb41:0x3ffb4f20 0x40086c67:0x3ffb4f90 0x400d84db:0x3ffb4fc0 0x400d6876:0x3ffb4fe0 0x400d6779:0x3ffb5010 0x400eaf38:0x3ffb5050 0x40087719:0x3ffb5080




ELF file SHA256: edca80695

Rebooting...
ets Jul 29 2019 12:21:46

rst:0xc (SW_CPU_RESET),boot:0x13 (SPI_FAST_FLASH_BOOT)
configsip: 0, SPIWP:0xee
clk_drv:0x00,q_drv:0x00,d_drv:0x00,cs0_drv:0x00,hd_drv:0x00,wp_drv:0x00
mode:DIO, clock div:2
load:0x3fff0030,len:7172
load:0x40078000,len:15532
load:0x40080400,len:4
load:0x40080404,len:3904
entry 0x40080640
[0;32mI (29) boot: ESP-IDF v5.3-dev-1043-g8c9e29898f 2nd stage bootloader[0m
[0;32mI (29) boot: compile time Dec 23 2023 16:25:19[0m
[0;32mI (31) boot: Multicore bootloader[0m
[0;32mI (35) boot: chip revision: v3.0[0m
[0;32mI (39) boot.esp32: SPI Speed      : 40MHz[0m
[0;32mI (44) boot.esp32: SPI Mode       : DIO[0m
[0;32mI (48) boot.esp32: SPI Flash Size : 2MB[0m
[0;32mI (53) boot: Enabling RNG early entropy source...[0m
[0;32mI (58) boot: Partition Table:[0m
[0;32mI (62) boot: ## Label            Usage          Type ST Offset   Length[0m
[0;32mI (69) boot:  0 nvs              WiFi data        01 02 00009000 00006000[0m
[0;32mI (76) boot:  1 phy_init         RF data          01 01 0000f000 00001000[0m
[0;32mI (84) boot:  2 factory          factory app      00 00 00010000 00100000[0m
[0;32mI (91) boot: End of partition table[0m
[0;32mI (96) esp_image: segment 0: paddr=00010020 vaddr=3f400020 size=0ce94h ( 52884) map[0m
[0;32mI (122) esp_image: segment 1: paddr=0001cebc vaddr=3ffb0000 size=02370h (  9072) load[0m
[0;32mI (126) esp_image: segment 2: paddr=0001f234 vaddr=40080000 size=00de4h (  3556) load[0m
[0;32mI (129) esp_image: segment 3: paddr=00020020 vaddr=400d0020 size=1b788h (112520) map[0m
[0;32mI (175) esp_image: segment 4: paddr=0003b7b0 vaddr=40080de4 size=0d3ech ( 54252) load[0m
[0;32mI (204) boot: Loaded app from partition at offset 0x10000[0m
[0;32mI (204) boot: Disabling RNG early entropy source...[0m
[0;32mI (215) cpu_start: Multicore app[0m
[0;32mI (224) cpu_start: Pro cpu start user code[0m
[0;32mI (224) cpu_start: cpu freq: 160000000 Hz[0m
[0;32mI (224) cpu_start: Application information:[0m
[0;32mI (227) cpu_start: Project name:     demo_sophia[0m
[0;32mI (232) cpu_start: App version:      e213c6e-dirty[0m
[0;32mI (238) cpu_start: Compile time:     Dec 23 2023 16:25:04[0m
[0;32mI (244) cpu_start: ELF file SHA256:  edca80695...[0m
[0;32mI (249) cpu_start: ESP-IDF:          v5.3-dev-1043-g8c9e29898f[0m
[0;32mI (256) cpu_start: Min chip rev:     v0.0[0m
[0;32mI (261) cpu_start: Max chip rev:     v3.99 [0m
[0;32mI (265) cpu_start: Chip rev:         v3.0[0m
[0;32mI (270) heap_init: Initializing. RAM available for dynamic allocation:[0m
[0;32mI (278) heap_init: At 3FFAE6E0 len 00001920 (6 KiB): DRAM[0m
[0;32mI (283) heap_init: At 3FFB2D50 len 0002D2B0 (180 KiB): DRAM[0m
[0;32mI (290) heap_init: At 3FFE0440 len 00003AE0 (14 KiB): D/IRAM[0m
[0;32mI (296) heap_init: At 3FFE4350 len 0001BCB0 (111 KiB): D/IRAM[0m
[0;32mI (302) heap_init: At 4008E1D0 len 00011E30 (71 KiB): IRAM[0m
[0;32mI (310) spi_flash: detected chip: generic[0m
[0;32mI (313) spi_flash: flash io: dio[0m
[0;33mW (317) spi_flash: Detected size(4096k) larger than the size in the binary image header(2048k). Using the size in the binary image header.[0m
[0;33mW (330) i2c: This driver is an old driver, please migrate your application code to adapt `driver/i2c_master.h`[0m
[0;32mI (342) main_task: Started on CPU0[0m
[0;32mI (352) main_task: Calling app_main()[0m
[0;32mI (352) gpio: GPIO[32]| InputEn: 0| OutputEn: 0| OpenDrain: 0| Pullup: 1| Pulldown: 0| Intr:0 [0m
[0;32mI (352) gpio: GPIO[35]| InputEn: 0| OutputEn: 0| OpenDrain: 0| Pullup: 1| Pulldown: 0| Intr:0 [0m
[0;32mI (362) gpio: GPIO[18]| InputEn: 0| OutputEn: 0| OpenDrain: 0| Pullup: 1| Pulldown: 0| Intr:0 [0m
[0;32mI (372) mpu9250: Initializating MPU9250[0m
ESP_ERROR_CHECK failed: esp_err_t 0x107 (ESP_ERR_TIMEOUT) at 0x400d84db
file: "./components/mpu9250/mpu9250.c" line 64
func: i2c_mpu9250_init
expression: i2c_write_bit(I2C_MASTER_NUM, MPU9250_I2C_ADDR, MPU9250_RA_PWR_MGMT_1, MPU9250_PWR1_DEVICE_RESET_BIT, 1)

abort() was called at PC 0x40086c67 on core 0


Backtrace: 0x4008197e:0x3ffb4ee0 0x40086c71:0x3ffb4f00 0x4008cb41:0x3ffb4f20 0x40086c67:0x3ffb4f90 0x400d84db:0x3ffb4fc0 0x400d6876:0x3ffb4fe0 0x400d6779:0x3ffb5010 0x400eaf38:0x3ffb5050 0x40087719:0x3ffb5080




ELF file SHA256: edca80695

Rebooting...
ets Jul 29 2019 12:21:46

rst:0xc (SW_CPU_RESET),boot:0x13 (SPI_FAST_FLASH_BOOT)
configsip: 0, SPIWP:0xee
clk_drv:0x00,q_drv:0x00,d_drv:0x00,cs0_drv:0x00,hd_drv:0x00,wp_drv:0x00
mode:DIO, clock div:2
load:0x3fff0030,len:7172
load:0x40078000,len:15532
load:0x40080400,len:4
load:0x40080404,len:3904
entry 0x40080640
[0;32mI (29) boot: ESP-IDF v5.3-dev-1043-g8c9e29898f 2nd stage bootloader[0m
[0;32mI (29) boot: compile time Dec 23 2023 16:25:19[0m
[0;32mI (31) boot: Multicore bootloader[0m
[0;32mI (35) boot: chip revision: v3.0[0m
[0;32mI (39) boot.esp32: SPI Speed      : 40MHz[0m
[0;32mI (44) boot.esp32: SPI Mode       : DIO[0m
[0;32mI (48) boot.esp32: SPI Flash Size : 2MB[0m
[0;32mI (53) boot: Enabling RNG early entropy source...[0m
[0;32mI (58) boot: Partition Table:[0m
[0;32mI (62) boot: ## Label            Usage          Type ST Offset   Length[0m
[0;32mI (69) boot:  0 nvs              WiFi data        01 02 00009000 00006000[0m
[0;32mI (76) boot:  1 phy_init         RF data          01 01 0000f000 00001000[0m
[0;32mI (84) boot:  2 factory          factory app      00 00 00010000 00100000[0m
[0;32mI (91) boot: End of partition table[0m
[0;32mI (96) esp_image: segment 0: paddr=00010020 vaddr=3f400020 size=0ce94h ( 52884) map[0m
[0;32mI (122) esp_image: segment 1: paddr=0001cebc vaddr=3ffb0000 size=02370h (  9072) load[0m
[0;32mI (126) esp_image: segment 2: paddr=0001f234 vaddr=40080000 size=00de4h (  3556) load[0m
[0;32mI (129) esp_image: segment 3: paddr=00020020 vaddr=400d0020 size=1b788h (112520) map[0m
[0;32mI (175) esp_image: segment 4: paddr=0003b7b0 vaddr=40080de4 size=0d3ech ( 54252) load[0m
[0;32mI (204) boot: Loaded app from partition at offset 0x10000[0m
[0;32mI (204) boot: Disabling RNG early entropy source...[0m
[0;32mI (215) cpu_start: Multicore app[0m
[0;32mI (224) cpu_start: Pro cpu start user code[0m
[0;32mI (224) cpu_start: cpu freq: 160000000 Hz[0m
[0;32mI (224) cpu_start: Application information:[0m
[0;32mI (227) cpu_start: Project name:     demo_sophia[0m
[0;32mI (232) cpu_start: App version:      e213c6e-dirty[0m
[0;32mI (238) cpu_start: Compile time:     Dec 23 2023 16:25:04[0m
[0;32mI (244) cpu_start: ELF file SHA256:  edca80695...[0m
[0;32mI (249) cpu_start: ESP-IDF:          v5.3-dev-1043-g8c9e29898f[0m
[0;32mI (256) cpu_start: Min chip rev:     v0.0[0m
[0;32mI (261) cpu_start: Max chip rev:     v3.99 [0m
[0;32mI (265) cpu_start: Chip rev:         v3.0[0m
[0;32mI (270) heap_init: Initializing. RAM available for dynamic allocation:[0m
[0;32mI (278) heap_init: At 3FFAE6E0 len 00001920 (6 KiB): DRAM[0m
[0;32mI (283) heap_init: At 3FFB2D50 len 0002D2B0 (180 KiB): DRAM[0m
[0;32mI (290) heap_init: At 3FFE0440 len 00003AE0 (14 KiB): D/IRAM[0m
[0;32mI (296) heap_init: At 3FFE4350 len 0001BCB0 (111 KiB): D/IRAM[0m
[0;32mI (303) heap_init: At 4008E1D0 len 00011E30 (71 KiB): IRAM[0m
[0;32mI (310) spi_flash: detected chip: generic[0m
[0;32mI (313) spi_flash: flash io: dio[0m
[0;33mW (317) spi_flash: Detected size(4096k) larger than the size in the binary image header(2048k). Using the size in the binary image header.[0m
[0;33mW (330) i2c: This driver is an old driver, please migrate your application code to adapt `driver/i2c_master.h`[0m
[0;32mI (342) main_task: Started on CPU0[0m
[0;32mI (352) main_task: Calling app_main()[0m
[0;32mI (352) gpio: GPIO[32]| InputEn: 0| OutputEn: 0| OpenDrain: 0| Pullup: 1| Pulldown: 0| Intr:0 [0m
[0;32mI (352) gpio: GPIO[35]| InputEn: 0| OutputEn: 0| OpenDrain: 0| Pullup: 1| Pulldown: 0| Intr:0 [0m
[0;32mI (362) gpio: GPIO[18]| InputEn: 0| OutputEn: 0| OpenDrain: 0| Pullup: 1| Pulldown: 0| Intr:0 [0m
[0;32mI (372) mpu9250: Initializating MPU9250[0m
ESP_ERROR_CHECK failed: esp_err_t 0x107 (ESP_ERR_TIMEOUT) at 0x400d84db
file: "./components/mpu9250/mpu9250.c" line 64
func: i2c_mpu9250_init
expression: i2c_write_bit(I2C_MASTER_NUM, MPU9250_I2C_ADDR, MPU9250_RA_PWR_MGMT_1, MPU9250_PWR1_DEVICE_RESET_BIT, 1)

abort() was called at PC 0x40086c67 on core 0


Backtrace: 0x4008197e:0x3ffb4ee0 0x40086c71:0x3ffb4f00 0x4008cb41:0x3ffb4f20 0x40086c67:0x3ffb4f90 0x400d84db:0x3ffb4fc0 0x400d6876:0x3ffb4fe0 0x400d6779:0x3ffb5010 0x400eaf38:0x3ffb5050 0x40087719:0x3ffb5080




ELF file SHA256: edca80695

Rebooting...
ets Jul 29 2019 12:21:46

rst:0xc (SW_CPU_RESET),boot:0x13 (SPI_FAST_FLASH_BOOT)
configsip: 0, SPIWP:0xee
clk_drv:0x00,q_drv:0x00,d_drv:0x00,cs0_drv:0x00,hd_drv:0x00,wp_drv:0x00
mode:DIO, clock div:2
load:0x3fff0030,len:7172
load:0x40078000,len:15532
load:0x40080400,len:4
load:0x40080404,len:3904
entry 0x40080640
[0;32mI (29) boot: ESP-IDF v5.3-dev-1043-g8c9e29898f 2nd stage bootloader[0m
[0;32mI (29) boot: compile time Dec 23 2023 16:25:19[0m
[0;32mI (31) boot: Multicore bootloader[0m
[0;32mI (35) boot: chip revision: v3.0[0m
[0;32mI (39) boot.esp32: SPI Speed      : 40MHz[0m
[0;32mI (44) boot.esp32: SPI Mode       : DIO[0m
[0;32mI (48) boot.esp32: SPI Flash Size : 2MB[0m
[0;32mI (53) boot: Enabling RNG early entropy source...[0m
[0;32mI (58) boot: Partition Table:[0m
[0;32mI (62) boot: ## Label            Usage          Type ST Offset   Length[0m
[0;32mI (69) boot:  0 nvs              WiFi data        01 02 00009000 00006000[0m
[0;32mI (76) boot:  1 phy_init         RF data          01 01 0000f000 00001000[0m
[0;32mI (84) boot:  2 factory          factory app      00 00 00010000 00100000[0m
[0;32mI (91) boot: End of partition table[0m
[0;32mI (96) esp_image: segment 0: paddr=00010020 vaddr=3f400020 size=0ce94h ( 52884) map[0m
[0;32mI (122) esp_image: segment 1: paddr=0001cebc vaddr=3ffb0000 size=02370h (  9072) load[0m
[0;32mI (126) esp_image: segment 2: paddr=0001f234 vaddr=40080000 size=00de4h (  3556) load[0m
[0;32mI (129) esp_image: segment 3: paddr=00020020 vaddr=400d0020 size=1b788h (112520) map[0m
[0;32mI (175) esp_image: segment 4: paddr=0003b7b0 vaddr=40080de4 size=0d3ech ( 54252) load[0m
[0;32mI (204) boot: Loaded app from partition at offset 0x10000[0m
[0;32mI (204) boot: Disabling RNG early entropy source...[0m
[0;32mI (215) cpu_start: Multicore app[0m
[0;32mI (224) cpu_start: Pro cpu start user code[0m
[0;32mI (224) cpu_start: cpu freq: 160000000 Hz[0m
[0;32mI (224) cpu_start: Application information:[0m
[0;32mI (227) cpu_start: Project name:     demo_sophia[0m
[0;32mI (232) cpu_start: App version:      e213c6e-dirty[0m
[0;32mI (238) cpu_start: Compile time:     Dec 23 2023 16:25:04[0m
[0;32mI (244) cpu_start: ELF file SHA256:  edca80695...[0m
[0;32mI (249) cpu_start: ESP-IDF:          v5.3-dev-1043-g8c9e29898f[0m
[0;32mI (256) cpu_start: Min chip rev:     v0.0[0m
[0;32mI (261) cpu_start: Max chip rev:     v3.99 [0m
[0;32mI (265) cpu_start: Chip rev:         v3.0[0m
[0;32mI (270) heap_init: Initializing. RAM available for dynamic allocation:[0m
[0;32mI (278) heap_init: At 3FFAE6E0 len 00001920 (6 KiB): DRAM[0m
[0;32mI (283) heap_init: At 3FFB2D50 len 0002D2B0 (180 KiB): DRAM[0m
[0;32mI (290) heap_init: At 3FFE0440 len 00003AE0 (14 KiB): D/IRAM[0m
[0;32mI (296) heap_init: At 3FFE4350 len 0001BCB0 (111 KiB): D/IRAM[0m
[0;32mI (303) heap_init: At 4008E1D0 len 00011E30 (71 KiB): IRAM[0m
[0;32mI (310) spi_flash: detected chip: generic[0m
[0;32mI (313) spi_flash: flash io: dio[0m
[0;33mW (317) spi_flash: Detected size(4096k) larger than the size in the binary image header(2048k). Using the size in the binary image header.[0m
[0;33mW (330) i2c: This driver is an old driver, please migrate your application code to adapt `driver/i2c_master.h`[0m
[0;32mI (342) main_task: Started on CPU0[0m
[0;32mI (352) main_task: Calling app_main()[0m
[0;32mI (352) gpio: GPIO[32]| InputEn: 0| OutputEn: 0| OpenDrain: 0| Pullup: 1| Pulldown: 0| Intr:0 [0m
[0;32mI (352) gpio: GPIO[35]| InputEn: 0| OutputEn: 0| OpenDrain: 0| Pullup: 1| Pulldown: 0| Intr:0 [0m
[0;32mI (362) gpio: GPIO[18]| InputEn: 0| OutputEn: 0| OpenDrain: 0| Pullup: 1| Pulldown: 0| Intr:0 [0m
[0;32mI (372) mpu9250: Initializating MPU9250[0m
ESP_ERROR_CHECK failed: esp_err_t 0x107 (ESP_ERR_TIMEOUT) at 0x400d84db
file: "./components/mpu9250/mpu9250.c" line 64
func: i2c_mpu9250_init
expression: i2c_write_bit(I2C_MASTER_NUM, MPU9250_I2C_ADDR, MPU9250_RA_PWR_MGMT_1, MPU9250_PWR1_DEVICE_RESET_BIT, 1)

abort() was called at PC 0x40086c67 on core 0


Backtrace: 0x4008197e:0x3ffb4ee0 0x40086c71:0x3ffb4f00 0x4008cb41:0x3ffb4f20 0x40086c67:0x3ffb4f90 0x400d84db:0x3ffb4fc0 0x400d6876:0x3ffb4fe0 0x400d6779:0x3ffb5010 0x400eaf38:0x3ffb5050 0x40087719:0x3ffb5080




ELF file SHA256: edca80695

Rebooting...
ets Jul 29 2019 12:21:46

rst:0xc (SW_CPU_RESET),boot:0x13 (SPI_FAST_FLASH_BOOT)
configsip: 0, SPIWP:0xee
clk_drv:0x00,q_drv:0x00,d_drv:0x00,cs0_drv:0x00,hd_drv:0x00,wp_drv:0x00
mode:DIO, clock div:2
load:0x3fff0030,len:7172
load:0x40078000,len:15532
load:0x40080400,len:4
load:0x40080404,len:3904
entry 0x40080640
[0;32mI (29) boot: ESP-IDF v5.3-dev-1043-g8c9e29898f 2nd stage bootloader[0m
[0;32mI (29) boot: compile time Dec 23 2023 16:25:19[0m
[0;32mI (31) boot: Multicore bootloader[0m
[0;32mI (35) boot: chip revision: v3.0[0m
[0;32mI (39) boot.esp32: SPI Speed      : 40MHz[0m
[0;32mI (44) boot.esp32: SPI Mode       : DIO[0m
[0;32mI (48) boot.esp32: SPI Flash Size : 2MB[0m
[0;32mI (53) boot: Enabling RNG early entropy source...[0m
[0;32mI (58) boot: Partition Table:[0m
[0;32mI (62) boot: ## Label            Usage          Type ST Offset   Length[0m
[0;32mI (69) boot:  0 nvs              WiFi data        01 02 00009000 00006000[0m
[0;32mI (76) boot:  1 phy_init         RF data          01 01 0000f000 00001000[0m
[0;32mI (84) boot:  2 factory          factory app      00 00 00010000 00100000[0m
[0;32mI (91) boot: End of partition table[0m
[0;32mI (96) esp_image: segment 0: paddr=00010020 vaddr=3f400020 size=0ce94h ( 52884) map[0m
[0;32mI (122) esp_image: segment 1: paddr=0001cebc vaddr=3ffb0000 size=02370h (  9072) load[0m
[0;32mI (126) esp_image: segment 2: paddr=0001f234 vaddr=40080000 size=00de4h (  3556) load[0m
[0;32mI (129) esp_image: segment 3: paddr=00020020 vaddr=400d0020 size=1b788h (112520) map[0m
[0;32mI (175) esp_image: segment 4: paddr=0003b7b0 vaddr=40080de4 size=0d3ech ( 54252) load[0m
[0;32mI (204) boot: Loaded app from partition at offset 0x10000[0m
[0;32mI (204) boot: Disabling RNG early entropy source...[0m
[0;32mI (215) cpu_start: Multicore app[0m
[0;32mI (224) cpu_start: Pro cpu start user code[0m
[0;32mI (224) cpu_start: cpu freq: 160000000 Hz[0m
[0;32mI (224) cpu_start: Application information:[0m
[0;32mI (227) cpu_start: Project name:     demo_sophia[0m
[0;32mI (232) cpu_start: App version:      e213c6e-dirty[0m
[0;32mI (238) cpu_start: Compile time:     Dec 23 2023 16:25:04[0m
[0;32mI (244) cpu_start: ELF file SHA256:  edca80695...[0m
[0;32mI (249) cpu_start: ESP-IDF:          v5.3-dev-1043-g8c9e29898f[0m
[0;32mI (256) cpu_start: Min chip rev:     v0.0[0m
[0;32mI (261) cpu_start: Max chip rev:     v3.99 [0m
[0;32mI (265) cpu_start: Chip rev:         v3.0[0m
[0;32mI (270) heap_init: Initializing. RAM available for dynamic allocation:[0m
[0;32mI (278) heap_init: At 3FFAE6E0 len 00001920 (6 KiB): DRAM[0m
[0;32mI (283) heap_init: At 3FFB2D50 len 0002D2B0 (180 KiB): DRAM[0m
[0;32mI (290) heap_init: At 3FFE0440 len 00003AE0 (14 KiB): D/IRAM[0m
[0;32mI (296) heap_init: At 3FFE4350 len 0001BCB0 (111 KiB): D/IRAM[0m
[0;32mI (303) heap_init: At 4008E1D0 len 00011E30 (71 KiB): IRAM[0m
[0;32mI (310) spi_flash: detected chip: generic[0m
[0;32mI (313) spi_flash: flash io: dio[0m
[0;33mW (317) spi_flash: Detected size(4096k) larger than the size in the binary image header(2048k). Using the size in the binary image header.[0m
[0;33mW (330) i2c: This driver is an old driver, please migrate your application code to adapt `driver/i2c_master.h`[0m
[0;32mI (342) main_task: Started on CPU0[0m
[0;32mI (352) main_task: Calling app_main()[0m
[0;32mI (352) gpio: GPIO[32]| InputEn: 0| OutputEn: 0| OpenDrain: 0| Pullup: 1| Pulldown: 0| Intr:0 [0m
[0;32mI (352) gpio: GPIO[35]| InputEn: 0| OutputEn: 0| OpenDrain: 0| Pullup: 1| Pulldown: 0| Intr:0 [0m
[0;32mI (362) gpio: GPIO[18]| InputEn: 0| OutputEn: 0| OpenDrain: 0| Pullup: 1| Pulldown: 0| Intr:0 [0m
[0;32mI (372) mpu9250: Initializating MPU9250[0m
ESP_ERROR_CHECK failed: esp_err_t 0x107 (ESP_ERR_TIMEOUT) at 0x400d84db
file: "./components/mpu9250/mpu9250.c" line 64
func: i2c_mpu9250_init
expression: i2c_write_bit(I2C_MASTER_NUM, MPU9250_I2C_ADDR, MPU9250_RA_PWR_MGMT_1, MPU9250_PWR1_DEVICE_RESET_BIT, 1)

abort() was called at PC 0x40086c67 on core 0


Backtrace: 0x4008197e:0x3ffb4ee0 0x40086c71:0x3ffb4f00 0x4008cb41:0x3ffb4f20 0x40086c67:0x3ffb4f90 0x400d84db:0x3ffb4fc0 0x400d6876:0x3ffb4fe0 0x400d6779:0x3ffb5010 0x400eaf38:0x3ffb5050 0x40087719:0x3ffb5080




ELF file SHA256: edca80695

Rebooting...
ets Jul 29 2019 12:21:46

rst:0xc (SW_CPU_RESET),boot:0x13 (SPI_FAST_FLASH_BOOT)
configsip: 0, SPIWP:0xee
clk_drv:0x00,q_drv:0x00,d_drv:0x00,cs0_drv:0x00,hd_drv:0x00,wp_drv:0x00
mode:DIO, clock div:2
load:0x3fff0030,len:7172
load:0x40078000,len:15532
load:0x40080400,len:4
load:0x40080404,len:3904
entry 0x40080640
[0;32mI (29) boot: ESP-IDF v5.3-dev-1043-g8c9e29898f 2nd stage bootloader[0m
[0;32mI (29) boot: compile time Dec 23 2023 16:25:19[0m
[0;32mI (31) boot: Multicore bootloader[0m
[0;32mI (35) boot: chip revision: v3.0[0m
[0;32mI (39) boot.esp32: SPI Speed      : 40MHz[0m
[0;32mI (44) boot.esp32: SPI Mode       : DIO[0m
[0;32mI (48) boot.esp32: SPI Flash Size : 2MB[0m
[0;32mI (53) boot: Enabling RNG early entropy source...[0m
[0;32mI (58) boot: Partition Table:[0m
[0;32mI (62) boot: ## Label            Usage          Type ST Offset   Length[0m
[0;32mI (69) boot:  0 nvs              WiFi data        01 02 00009000 00006000[0m
[0;32mI (76) boot:  1 phy_init         RF data          01 01 0000f000 00001000[0m
[0;32mI (84) boot:  2 factory          factory app      00 00 00010000 00100000[0m
[0;32mI (91) boot: End of partition table[0m
[0;32mI (96) esp_image: segment 0: paddr=00010020 vaddr=3f400020 size=0ce94h ( 52884) map[0m
[0;32mI (122) esp_image: segment 1: paddr=0001cebc vaddr=3ffb0000 size=02370h (  9072) load[0m
[0;32mI (126) esp_image: segment 2: paddr=0001f234 vaddr=40080000 size=00de4h (  3556) load[0m
[0;32mI (129) esp_image: segment 3: paddr=00020020 vaddr=400d0020 size=1b788h (112520) map[0m
[0;32mI (175) esp_image: segment 4: paddr=0003b7b0 vaddr=40080de4 size=0d3ech ( 54252) load[0m
[0;32mI (204) boot: Loaded app from partition at offset 0x10000[0m
[0;32mI (204) boot: Disabling RNG early entropy source...[0m
[0;32mI (215) cpu_start: Multicore app[0m
[0;32mI (224) cpu_start: Pro cpu start user code[0m
[0;32mI (224) cpu_start: cpu freq: 160000000 Hz[0m
[0;32mI (224) cpu_start: Application information:[0m
[0;32mI (227) cpu_start: Project name:     demo_sophia[0m
[0;32mI (232) cpu_start: App version:      e213c6e-dirty[0m
[0;32mI (238) cpu_start: Compile time:     Dec 23 2023 16:25:04[0m
[0;32mI (244) cpu_start: ELF file SHA256:  edca80695...[0m
[0;32mI (249) cpu_start: ESP-IDF:          v5.3-dev-1043-g8c9e29898f[0m
[0;32mI (256) cpu_start: Min chip rev:     v0.0[0m
[0;32mI (261) cpu_start: Max chip rev:     v3.99 [0m
[0;32mI (265) cpu_start: Chip rev:         v3.0[0m
[0;32mI (270) heap_init: Initializing. RAM available for dynamic allocation:[0m
[0;32mI (278) heap_init: At 3FFAE6E0 len 00001920 (6 KiB): DRAM[0m
[0;32mI (283) heap_init: At 3FFB2D50 len 0002D2B0 (180 KiB): DRAM[0m
[0;32mI (290) heap_init: At 3FFE0440 len 00003AE0 (14 KiB): D/IRAM[0m
[0;32mI (296) heap_init: At 3FFE4350 len 0001BCB0 (111 KiB): D/IRAM[0m
[0;32mI (303) heap_init: At 4008E1D0 len 00011E30 (71 KiB): IRAM[0m
[0;32mI (310) spi_flash: detected chip: generic[0m
[0;32mI (313) spi_flash: flash io: dio[0m
[0;33mW (317) spi_flash: Detected size(4096k) larger than the size in the binary image header(2048k). Using the size in the binary image header.[0m
[0;33mW (330) i2c: This driver is an old driver, please migrate your application code to adapt `driver/i2c_master.h`[0m
[0;32mI (342) main_task: Started on CPU0[0m
[0;32mI (352) main_task: Calling app_main()[0m
[0;32mI (352) gpio: GPIO[32]| InputEn: 0| OutputEn: 0| OpenDrain: 0| Pullup: 1| Pulldown: 0| Intr:0 [0m
[0;32mI (352) gpio: GPIO[35]| InputEn: 0| OutputEn: 0| OpenDrain: 0| Pullup: 1| Pulldown: 0| Intr:0 [0m
[0;32mI (362) gpio: GPIO[18]| InputEn: 0| OutputEn: 0| OpenDrain: 0| Pullup: 1| Pulldown: 0| Intr:0 [0m
[0;32mI (372) mpu9250: Initializating MPU9250[0m
ESP_ERROR_CHECK failed: esp_err_t 0x107 (ESP_ERR_TIMEOUT) at 0x400d84db
file: "./components/mpu9250/mpu9250.c" line 64
func: i2c_mpu9250_init
expression: i2c_write_bit(I2C_MASTER_NUM, MPU9250_I2C_ADDR, MPU9250_RA_PWR_MGMT_1, MPU9250_PWR1_DEVICE_RESET_BIT, 1)

abort() was called at PC 0x40086c67 on core 0


Backtrace: 0x4008197e:0x3ffb4ee0 0x40086c71:0x3ffb4f00 0x4008cb41:0x3ffb4f20 0x40086c67:0x3ffb4f90 0x400d84db:0x3ffb4fc0 0x400d6876:0x3ffb4fe0 0x400d6779:0x3ffb5010 0x400eaf38:0x3ffb5050 0x40087719:0x3ffb5080




ELF file SHA256: edca80695

Rebooting...
ets Jul 29 2019 12:21:46

rst:0xc (SW_CPU_RESET),boot:0x13 (SPI_FAST_FLASH_BOOT)
configsip: 0, SPIWP:0xee
clk_drv:0x00,q_drv:0x00,d_drv:0x00,cs0_drv:0x00,hd_drv:0x00,wp_drv:0x00
mode:DIO, clock div:2
load:0x3fff0030,len:7172
load:0x40078000,len:15532
load:0x40080400,len:4
load:0x40080404,len:3904
entry 0x40080640
[0;32mI (29) boot: ESP-IDF v5.3-dev-1043-g8c9e29898f 2nd stage bootloader[0m
[0;32mI (29) boot: compile time Dec 23 2023 16:25:19[0m
[0;32mI (31) boot: Multicore bootloader[0m
[0;32mI (35) boot: chip revision: v3.0[0m
[0;32mI (39) boot.esp32: SPI Speed      : 40MHz[0m
[0;32mI (44) boot.esp32: SPI Mode       : DIO[0m
[0;32mI (48) boot.esp32: SPI Flash Size : 2MB[0m
[0;32mI (53) boot: Enabling RNG early entropy source...[0m
[0;32mI (58) boot: Partition Table:[0m
[0;32mI (62) boot: ## Label            Usage          Type ST Offset   Length[0m
[0;32mI (69) boot:  0 nvs              WiFi data        01 02 00009000 00006000[0m
[0;32mI (76) boot:  1 phy_init         RF data          01 01 0000f000 00001000[0m
[0;32mI (84) boot:  2 factory          factory app      00 00 00010000 00100000[0m
[0;32mI (91) boot: End of partition table[0m
[0;32mI (96) esp_image: segment 0: paddr=00010020 vaddr=3f400020 size=0ce94h ( 52884) map[0m
[0;32mI (122) esp_image: segment 1: paddr=0001cebc vaddr=3ffb0000 size=02370h (  9072) load[0m
[0;32mI (126) esp_image: segment 2: paddr=0001f234 vaddr=40080000 size=00de4h (  3556) load[0m
[0;32mI (129) esp_image: segment 3: paddr=00020020 vaddr=400d0020 size=1b788h (112520) map[0m
[0;32mI (175) esp_image: segment 4: paddr=0003b7b0 vaddr=40080de4 size=0d3ech ( 54252) load[0m
[0;32mI (204) boot: Loaded app from partition at offset 0x10000[0m
[0;32mI (204) boot: Disabling RNG early entropy source...[0m
[0;32mI (215) cpu_start: Multicore app[0m
[0;32mI (224) cpu_start: Pro cpu start user code[0m
[0;32mI (224) cpu_start: cpu freq: 160000000 Hz[0m
[0;32mI (224) cpu_start: Application information:[0m
[0;32mI (227) cpu_start: Project name:     demo_sophia[0m
[0;32mI (232) cpu_start: App version:      e213c6e-dirty[0m
[0;32mI (238) cpu_start: Compile time:     Dec 23 2023 16:25:04[0m
[0;32mI (244) cpu_start: ELF file SHA256:  edca80695...[0m
[0;32mI (249) cpu_start: ESP-IDF:          v5.3-dev-1043-g8c9e29898f[0m
[0;32mI (256) cpu_start: Min chip rev:     v0.0[0m
[0;32mI (261) cpu_start: Max chip rev:     v3.99 [0m
[0;32mI (265) cpu_start: Chip rev:         v3.0[0m
[0;32mI (270) heap_init: Initializing. RAM available for dynamic allocation:[0m
[0;32mI (278) heap_init: At 3FFAE6E0 len 00001920 (6 KiB): DRAM[0m
[0;32mI (283) heap_init: At 3FFB2D50 len 0002D2B0 (180 KiB): DRAM[0m
[0;32mI (290) heap_init: At 3FFE0440 len 00003AE0 (14 KiB): D/IRAM[0m
[0;32mI (296) heap_init: At 3FFE4350 len 0001BCB0 (111 KiB): D/IRAM[0m
[0;32mI (303) heap_init: At 4008E1D0 len 00011E30 (71 KiB): IRAM[0m
[0;32mI (310) spi_flash: detected chip: generic[0m
[0;32mI (313) spi_flash: flash io: dio[0m
[0;33mW (317) spi_flash: Detected size(4096k) larger than the size in the binary image header(2048k). Using the size in the binary image header.[0m
[0;33mW (330) i2c: This driver is an old driver, please migrate your application code to adapt `driver/i2c_master.h`[0m
[0;32mI (342) main_task: Started on CPU0[0m
[0;32mI (352) main_task: Calling app_main()[0m
[0;32mI (352) gpio: GPIO[32]| InputEn: 0| OutputEn: 0| OpenDrain: 0| Pullup: 1| Pulldown: 0| Intr:0 [0m
[0;32mI (352) gpio: GPIO[35]| InputEn: 0| OutputEn: 0| OpenDrain: 0| Pullup: 1| Pulldown: 0| Intr:0 [0m
[0;32mI (362) gpio: GPIO[18]| InputEn: 0| OutputEn: 0| OpenDrain: 0| Pullup: 1| Pulldown: 0| Intr:0 [0m
[0;32mI (372) mpu9250: Initializating MPU9250[0m
ESP_ERROR_CHECK failed: esp_err_t 0x107 (ESP_ERR_TIMEOUT) at 0x400d84db
file: "./components/mpu9250/mpu9250.c" line 64
func: i2c_mpu9250_init
expression: i2c_write_bit(I2C_MASTER_NUM, MPU9250_I2C_ADDR, MPU9250_RA_PWR_MGMT_1, MPU9250_PWR1_DEVICE_RESET_BIT, 1)

abort() was called at PC 0x40086c67 on core 0


Backtrace: 0x4008197e:0x3ffb4ee0 0x40086c71:0x3ffb4f00 0x4008cb41:0x3ffb4f20 0x40086c67:0x3ffb4f90 0x400d84db:0x3ffb4fc0 0x400d6876:0x3ffb4fe0 0x400d6779:0x3ffb5010 0x400eaf38:0x3ffb5050 0x40087719:0x3ffb5080




ELF file SHA256: edca80695

Rebooting...
ets Jul 29 2019 12:21:46

rst:0xc (SW_CPU_RESET),boot:0x13 (SPI_FAST_FLASH_BOOT)
configsip: 0, SPIWP:0xee
clk_drv:0x00,q_drv:0x00,d_drv:0x00,cs0_drv:0x00,hd_drv:0x00,wp_drv:0x00
mode:DIO, clock div:2
load:0x3fff0030,len:7172
load:0x40078000,len:15532
load:0x40080400,len:4
load:0x40080404,len:3904
entry 0x40080640
[0;32mI (29) boot: ESP-IDF v5.3-dev-1043-g8c9e29898f 2nd stage bootloader[0m
[0;32mI (29) boot: compile time Dec 23 2023 16:25:19[0m
[0;32mI (31) boot: Multicore bootloader[0m
[0;32mI (35) boot: chip revision: v3.0[0m
[0;32mI (39) boot.esp32: SPI Speed      : 40MHz[0m
[0;32mI (44) boot.esp32: SPI Mode       : DIO[0m
[0;32mI (48) boot.esp32: SPI Flash Size : 2MB[0m
[0;32mI (53) boot: Enabling RNG early entropy source...[0m
[0;32mI (58) boot: Partition Table:[0m
[0;32mI (62) boot: ## Label            Usage          Type ST Offset   Length[0m
[0;32mI (69) boot:  0 nvs              WiFi data        01 02 00009000 00006000[0m
[0;32mI (76) boot:  1 phy_init         RF data          01 01 0000f000 00001000[0m
[0;32mI (84) boot:  2 factory          factory app      00 00 00010000 00100000[0m
[0;32mI (91) boot: End of partition table[0m
[0;32mI (96) esp_image: segment 0: paddr=00010020 vaddr=3f400020 size=0ce94h ( 52884) map[0m
[0;32mI (122) esp_image: segment 1: paddr=0001cebc vaddr=3ffb0000 size=02370h (  9072) load[0m
[0;32mI (126) esp_image: segment 2: paddr=0001f234 vaddr=40080000 size=00de4h (  3556) load[0m
[0;32mI (129) esp_image: segment 3: paddr=00020020 vaddr=400d0020 size=1b788h (112520) map[0m
[0;32mI (175) esp_image: segment 4: paddr=0003b7b0 vaddr=40080de4 size=0d3ech ( 54252) load[0m
[0;32mI (204) boot: Loaded app from partition at offset 0x10000[0m
[0;32mI (204) boot: Disabling RNG early entropy source...[0m
[0;32mI (215) cpu_start: Multicore app[0m
[0;32mI (224) cpu_start: Pro cpu start user code[0m
[0;32mI (224) cpu_start: cpu freq: 160000000 Hz[0m
[0;32mI (224) cpu_start: Application information:[0m
[0;32mI (227) cpu_start: Project name:     demo_sophia[0m
[0;32mI (232) cpu_start: App version:      e213c6e-dirty[0m
[0;32mI (238) cpu_start: Compile time:     Dec 23 2023 16:25:04[0m
[0;32mI (244) cpu_start: ELF file SHA256:  edca80695...[0m
[0;32mI (249) cpu_start: ESP-IDF:          v5.3-dev-1043-g8c9e29898f[0m
[0;32mI (256) cpu_start: Min chip rev:     v0.0[0m
[0;32mI (261) cpu_start: Max chip rev:     v3.99 [0m
[0;32mI (265) cpu_start: Chip rev:         v3.0[0m
[0;32mI (270) heap_init: Initializing. RAM available for dynamic allocation:[0m
[0;32mI (278) heap_init: At 3FFAE6E0 len 00001920 (6 KiB): DRAM[0m
[0;32mI (283) heap_init: At 3FFB2D50 len 0002D2B0 (180 KiB): DRAM[0m
[0;32mI (290) heap_init: At 3FFE0440 len 00003AE0 (14 KiB): D/IRAM[0m
[0;32mI (296) heap_init: At 3FFE4350 len 0001BCB0 (111 KiB): D/IRAM[0m
[0;32mI (303) heap_init: At 4008E1D0 len 00011E30 (71 KiB): IRAM[0m
[0;32mI (310) spi_flash: detected chip: generic[0m
[0;32mI (313) spi_flash: flash io: dio[0m
[0;33mW (317) spi_flash: Detected size(4096k) larger than the size in the binary image header(2048k). Using the size in the binary image header.[0m
[0;33mW (330) i2c: This driver is an old driver, please migrate your application code to adapt `driver/i2c_master.h`[0m
[0;32mI (342) main_task: Started on CPU0[0m
[0;32mI (352) main_task: Calling app_main()[0m
[0;32mI (352) gpio: GPIO[32]| InputEn: 0| OutputEn: 0| OpenDrain: 0| Pullup: 1| Pulldown: 0| Intr:0 [0m
[0;32mI (352) gpio: GPIO[35]| InputEn: 0| OutputEn: 0| OpenDrain: 0| Pullup: 1| Pulldown: 0| Intr:0 [0m
[0;32mI (362) gpio: GPIO[18]| InputEn: 0| OutputEn: 0| OpenDrain: 0| Pullup: 1| Pulldown: 0| Intr:0 [0m
[0;32mI (372) mpu9250: Initializating MPU9250[0m
ESP_ERROR_CHECK failed: esp_err_t 0x107 (ESP_ERR_TIMEOUT) at 0x400d84db
file: "./components/mpu9250/mpu9250.c" line 64
func: i2c_mpu9250_init
expression: i2c_write_bit(I2C_MASTER_NUM, MPU9250_I2C_ADDR, MPU9250_RA_PWR_MGMT_1, MPU9250_PWR1_DEVICE_RESET_BIT, 1)

abort() was called at PC 0x40086c67 on core 0


Backtrace: 0x4008197e:0x3ffb4ee0 0x40086c71:0x3ffb4f00 0x4008cb41:0x3ffb4f20 0x40086c67:0x3ffb4f90 0x400d84db:0x3ffb4fc0 0x400d6876:0x3ffb4fe0 0x400d6779:0x3ffb5010 0x400eaf38:0x3ffb5050 0x40087719:0x3ffb5080




ELF file SHA256: edca80695

Rebooting...
ets Jul 29 2019 12:21:46

rst:0xc (SW_CPU_RESET),boot:0x13 (SPI_FAST_FLASH_BOOT)
configsip: 0, SPIWP:0xee
clk_drv:0x00,q_drv:0x00,d_drv:0x00,cs0_drv:0x00,hd_drv:0x00,wp_drv:0x00
mode:DIO, clock div:2
load:0x3fff0030,len:7172
load:0x40078000,len:15532
load:0x40080400,len:4
load:0x40080404,len:3904
entry 0x40080640
[0;32mI (29) boot: ESP-IDF v5.3-dev-1043-g8c9e29898f 2nd stage bootloader[0m
[0;32mI (29) boot: compile time Dec 23 2023 16:25:19[0m
[0;32mI (31) boot: Multicore bootloader[0m
[0;32mI (35) boot: chip revision: v3.0[0m
[0;32mI (39) boot.esp32: SPI Speed      : 40MHz[0m
[0;32mI (44) boot.esp32: SPI Mode       : DIO[0m
[0;32mI (48) boot.esp32: SPI Flash Size : 2MB[0m
[0;32mI (53) boot: Enabling RNG early entropy source...[0m
[0;32mI (58) boot: Partition Table:[0m
[0;32mI (62) boot: ## Label            Usage          Type ST Offset   Length[0m
[0;32mI (69) boot:  0 nvs              WiFi data        01 02 00009000 00006000[0m
[0;32mI (76) boot:  1 phy_init         RF data          01 01 0000f000 00001000[0m
[0;32mI (84) boot:  2 factory          factory app      00 00 00010000 00100000[0m
[0;32mI (91) boot: End of partition table[0m
[0;32mI (96) esp_image: segment 0: paddr=00010020 vaddr=3f400020 size=0ce94h ( 52884) map[0m
[0;32mI (122) esp_image: segment 1: paddr=0001cebc vaddr=3ffb0000 size=02370h (  9072) load[0m
[0;32mI (126) esp_image: segment 2: paddr=0001f234 vaddr=40080000 size=00de4h (  3556) load[0m
[0;32mI (129) esp_image: segment 3: paddr=00020020 vaddr=400d0020 size=1b788h (112520) map[0m
[0;32mI (175) esp_image: segment 4: paddr=0003b7b0 vaddr=40080de4 size=0d3ech ( 54252) load[0m
[0;32mI (204) boot: Loaded app from partition at offset 0x10000[0m
[0;32mI (204) boot: Disabling RNG early entropy source...[0m
[0;32mI (215) cpu_start: Multicore app[0m
[0;32mI (224) cpu_start: Pro cpu start user code[0m
[0;32mI (224) cpu_start: cpu freq: 160000000 Hz[0m
[0;32mI (224) cpu_start: Application information:[0m
[0;32mI (227) cpu_start: Project name:     demo_sophia[0m
[0;32mI (232) cpu_start: App version:      e213c6e-dirty[0m
[0;32mI (238) cpu_start: Compile time:     Dec 23 2023 16:25:04[0m
[0;32mI (244) cpu_start: ELF file SHA256:  edca80695...[0m
[0;32mI (249) cpu_start: ESP-IDF:          v5.3-dev-1043-g8c9e29898f[0m
[0;32mI (256) cpu_start: Min chip rev:     v0.0[0m
[0;32mI (261) cpu_start: Max chip rev:     v3.99 [0m
[0;32mI (265) cpu_start: Chip rev:         v3.0[0m
[0;32mI (270) heap_init: Initializing. RAM available for dynamic allocation:[0m
[0;32mI (278) heap_init: At 3FFAE6E0 len 00001920 (6 KiB): DRAM[0m
[0;32mI (283) heap_init: At 3FFB2D50 len 0002D2B0 (180 KiB): DRAM[0m
[0;32mI (290) heap_init: At 3FFE0440 len 00003AE0 (14 KiB): D/IRAM[0m
[0;32mI (296) heap_init: At 3FFE4350 len 0001BCB0 (111 KiB): D/IRAM[0m
[0;32mI (303) heap_init: At 4008E1D0 len 00011E30 (71 KiB): IRAM[0m
[0;32mI (310) spi_flash: detected chip: generic[0m
[0;32mI (313) spi_flash: flash io: dio[0m
[0;33mW (317) spi_flash: Detected size(4096k) larger than the size in the binary image header(2048k). Using the size in the binary image header.[0m
[0;33mW (330) i2c: This driver is an old driver, please migrate your application code to adapt `driver/i2c_master.h`[0m
[0;32mI (342) main_task: Started on CPU0[0m
[0;32mI (352) main_task: Calling app_main()[0m
[0;32mI (352) gpio: GPIO[32]| InputEn: 0| OutputEn: 0| OpenDrain: 0| Pullup: 1| Pulldown: 0| Intr:0 [0m
[0;32mI (352) gpio: GPIO[35]| InputEn: 0| OutputEn: 0| OpenDrain: 0| Pullup: 1| Pulldown: 0| Intr:0 [0m
[0;32mI (362) gpio: GPIO[18]| InputEn: 0| OutputEn: 0| OpenDrain: 0| Pullup: 1| Pulldown: 0| Intr:0 [0m
[0;32mI (372) mpu9250: Initializating MPU9250[0m
ESP_ERROR_CHECK failed: esp_err_t 0x107 (ESP_ERR_TIMEOUT) at 0x400d84db
file: "./components/mpu9250/mpu9250.c" line 64
func: i2c_mpu9250_init
expression: i2c_write_bit(I2C_MASTER_NUM, MPU9250_I2C_ADDR, MPU9250_RA_PWR_MGMT_1, MPU9250_PWR1_DEVICE_RESET_BIT, 1)

abort() was called at PC 0x40086c67 on core 0


Backtrace: 0x4008197e:0x3ffb4ee0 0x40086c71:0x3ffb4f00 0x4008cb41:0x3ffb4f20 0x40086c67:0x3ffb4f90 0x400d84db:0x3ffb4fc0 0x400d6876:0x3ffb4fe0 0x400d6779:0x3ffb5010 0x400eaf38:0x3ffb5050 0x40087719:0x3ffb5080




ELF file SHA256: edca80695

Rebooting...
ets Jul 29 2019 12:21:46

rst:0xc (SW_CPU_RESET),boot:0x13 (SPI_FAST_FLASH_BOOT)
configsip: 0, SPIWP:0xee
clk_drv:0x00,q_drv:0x00,d_drv:0x00,cs0_drv:0x00,hd_drv:0x00,wp_drv:0x00
mode:DIO, clock div:2
load:0x3fff0030,len:7172
load:0x40078000,len:15532
load:0x40080400,len:4
load:0x40080404,len:3904
entry 0x40080640
[0;32mI (29) boot: ESP-IDF v5.3-dev-1043-g8c9e29898f 2nd stage bootloader[0m
[0;32mI (29) boot: compile time Dec 23 2023 16:25:19[0m
[0;32mI (31) boot: Multicore bootloader[0m
[0;32mI (35) boot: chip revision: v3.0[0m
[0;32mI (39) boot.esp32: SPI Speed      : 40MHz[0m
[0;32mI (44) boot.esp32: SPI Mode       : DIO[0m
[0;32mI (48) boot.esp32: SPI Flash Size : 2MB[0m
[0;32mI (53) boot: Enabling RNG early entropy source...[0m
[0;32mI (58) boot: Partition Table:[0m
[0;32mI (62) boot: ## Label            Usage          Type ST Offset   Length[0m
[0;32mI (69) boot:  0 nvs              WiFi data        01 02 00009000 00006000[0m
[0;32mI (76) boot:  1 phy_init         RF data          01 01 0000f000 00001000[0m
[0;32mI (84) boot:  2 factory          factory app      00 00 00010000 00100000[0m
[0;32mI (91) boot: End of partition table[0m
[0;32mI (96) esp_image: segment 0: paddr=00010020 vaddr=3f400020 size=0ce94h ( 52884) map[0m
[0;32mI (122) esp_image: segment 1: paddr=0001cebc vaddr=3ffb0000 size=02370h (  9072) load[0m
[0;32mI (126) esp_image: segment 2: paddr=0001f234 vaddr=40080000 size=00de4h (  3556) load[0m
[0;32mI (129) esp_image: segment 3: paddr=00020020 vaddr=400d0020 size=1b788h (112520) map[0m
[0;32mI (175) esp_image: segment 4: paddr=0003b7b0 vaddr=40080de4 size=0d3ech ( 54252) load[0m
[0;32mI (204) boot: Loaded app from partition at offset 0x10000[0m
[0;32mI (204) boot: Disabling RNG early entropy source...[0m
[0;32mI (215) cpu_start: Multicore app[0m
[0;32mI (224) cpu_start: Pro cpu start user code[0m
[0;32mI (224) cpu_start: cpu freq: 160000000 Hz[0m
[0;32mI (224) cpu_start: Application information:[0m
[0;32mI (227) cpu_start: Project name:     demo_sophia[0m
[0;32mI (232) cpu_start: App version:      e213c6e-dirty[0m
[0;32mI (238) cpu_start: Compile time:     Dec 23 2023 16:25:04[0m
[0;32mI (244) cpu_start: ELF file SHA256:  edca80695...[0m
[0;32mI (249) cpu_start: ESP-IDF:          v5.3-dev-1043-g8c9e29898f[0m
[0;32mI (256) cpu_start: Min chip rev:     v0.0[0m
[0;32mI (261) cpu_start: Max chip rev:     v3.99 [0m
[0;32mI (265) cpu_start: Chip rev:         v3.0[0m
[0;32mI (270) heap_init: Initializing. RAM available for dynamic allocation:[0m
[0;32mI (278) heap_init: At 3FFAE6E0 len 00001920 (6 KiB): DRAM[0m
[0;32mI (283) heap_init: At 3FFB2D50 len 0002D2B0 (180 KiB): DRAM[0m
[0;32mI (290) heap_init: At 3FFE0440 len 00003AE0 (14 KiB): D/IRAM[0m
[0;32mI (296) heap_init: At 3FFE4350 len 0001BCB0 (111 KiB): D/IRAM[0m
[0;32mI (303) heap_init: At 4008E1D0 len 00011E30 (71 KiB): IRAM[0m
[0;32mI (310) spi_flash: detected chip: generic[0m
[0;32mI (313) spi_flash: flash io: dio[0m
[0;33mW (317) spi_flash: Detected size(4096k) larger than the size in the binary image header(2048k). Using the size in the binary image header.[0m
[0;33mW (330) i2c: This driver is an old driver, please migrate your application code to adapt `driver/i2c_master.h`[0m
[0;32mI (342) main_task: Started on CPU0[0m
[0;32mI (352) main_task: Calling app_main()[0m
[0;32mI (352) gpio: GPIO[32]| InputEn: 0| OutputEn: 0| OpenDrain: 0| Pullup: 1| Pulldown: 0| Intr:0 [0m
[0;32mI (352) gpio: GPIO[35]| InputEn: 0| OutputEn: 0| OpenDrain: 0| Pullup: 1| Pulldown: 0| Intr:0 [0m
[0;32mI (362) gpio: GPIO[18]| InputEn: 0| OutputEn: 0| OpenDrain: 0| Pullup: 1| Pulldown: 0| Intr:0 [0m
[0;32mI (372) mpu9250: Initializating MPU9250[0m
ESP_ERROR_CHECK failed: esp_err_t 0x107 (ESP_ERR_TIMEOUT) at 0x400d84db
file: "./components/mpu9250/mpu9250.c" line 64
func: i2c_mpu9250_init
expression: i2c_write_bit(I2C_MASTER_NUM, MPU9250_I2C_ADDR, MPU9250_RA_PWR_MGMT_1, MPU9250_PWR1_DEVICE_RESET_BIT, 1)

abort() was called at PC 0x40086c67 on core 0


Backtrace: 0x4008197e:0x3ffb4ee0 0x40086c71:0x3ffb4f00 0x4008cb41:0x3ffb4f20 0x40086c67:0x3ffb4f90 0x400d84db:0x3ffb4fc0 0x400d6876:0x3ffb4fe0 0x400d6779:0x3ffb5010 0x400eaf38:0x3ffb5050 0x40087719:0x3ffb5080




ELF file SHA256: edca80695

Rebooting...
ets Jul 29 2019 12:21:46

rst:0xc (SW_CPU_RESET),boot:0x13 (SPI_FAST_FLASH_BOOT)
configsip: 0, SPIWP:0xee
clk_drv:0x00,q_drv:0x00,d_drv:0x00,cs0_drv:0x00,hd_drv:0x00,wp_drv:0x00
mode:DIO, clock div:2
load:0x3fff0030,len:7172
load:0x40078000,len:15532
load:0x40080400,len:4
load:0x40080404,len:3904
entry 0x40080640
[0;32mI (29) boot: ESP-IDF v5.3-dev-1043-g8c9e29898f 2nd stage bootloader[0m
[0;32mI (29) boot: compile time Dec 23 2023 16:25:19[0m
[0;32mI (31) boot: Multicore bootloader[0m
[0;32mI (35) boot: chip revision: v3.0[0m
[0;32mI (39) boot.esp32: SPI Speed      : 40MHz[0m
[0;32mI (44) boot.esp32: SPI Mode       : DIO[0m
[0;32mI (48) boot.esp32: SPI Flash Size : 2MB[0m
[0;32mI (53) boot: Enabling RNG early entropy source...[0m
[0;32mI (58) boot: Partition Table:[0m
[0;32mI (62) boot: ## Label            Usage          Type ST Offset   Length[0m
[0;32mI (69) boot:  0 nvs              WiFi data        01 02 00009000 00006000[0m
[0;32mI (76) boot:  1 phy_init         RF data          01 01 0000f000 00001000[0m
[0;32mI (84) boot:  2 factory          factory app      00 00 00010000 00100000[0m
[0;32mI (91) boot: End of partition table[0m
[0;32mI (96) esp_image: segment 0: paddr=00010020 vaddr=3f400020 size=0ce94h ( 52884) map[0m
[0;32mI (122) esp_image: segment 1: paddr=0001cebc vaddr=3ffb0000 size=02370h (  9072) load[0m
[0;32mI (126) esp_image: segment 2: paddr=0001f234 vaddr=40080000 size=00de4h (  3556) load[0m
[0;32mI (129) esp_image: segment 3: paddr=00020020 vaddr=400d0020 size=1b788h (112520) map[0m
[0;32mI (175) esp_image: segment 4: paddr=0003b7b0 vaddr=40080de4 size=0d3ech ( 54252) load[0m
[0;32mI (204) boot: Loaded app from partition at offset 0x10000[0m
[0;32mI (204) boot: Disabling RNG early entropy source...[0m
[0;32mI (215) cpu_start: Multicore app[0m
[0;32mI (224) cpu_start: Pro cpu start user code[0m
[0;32mI (224) cpu_start: cpu freq: 160000000 Hz[0m
[0;32mI (224) cpu_start: Application information:[0m
[0;32mI (227) cpu_start: Project name:     demo_sophia[0m
[0;32mI (232) cpu_start: App version:      e213c6e-dirty[0m
[0;32mI (238) cpu_start: Compile time:     Dec 23 2023 16:25:04[0m
[0;32mI (244) cpu_start: ELF file SHA256:  edca80695...[0m
[0;32mI (249) cpu_start: ESP-IDF:          v5.3-dev-1043-g8c9e29898f[0m
[0;32mI (256) cpu_start: Min chip rev:     v0.0[0m
[0;32mI (261) cpu_start: Max chip rev:     v3.99 [0m
[0;32mI (265) cpu_start: Chip rev:         v3.0[0m
[0;32mI (270) heap_init: Initializing. RAM available for dynamic allocation:[0m
[0;32mI (278) heap_init: At 3FFAE6E0 len 00001920 (6 KiB): DRAM[0m
[0;32mI (283) heap_init: At 3FFB2D50 len 0002D2B0 (180 KiB): DRAM[0m
[0;32mI (290) heap_init: At 3FFE0440 len 00003AE0 (14 KiB): D/IRAM[0m
[0;32mI (296) heap_init: At 3FFE4350 len 0001BCB0 (111 KiB): D/IRAM[0m
[0;32mI (302) heap_init: At 4008E1D0 len 00011E30 (71 KiB): IRAM[0m
[0;32mI (310) spi_flash: detected chip: generic[0m
[0;32mI (313) spi_flash: flash io: dio[0m
[0;33mW (317) spi_flash: Detected size(4096k) larger than the size in the binary image header(2048k). Using the size in the binary image header.[0m
[0;33mW (330) i2c: This driver is an old driver, please migrate your application code to adapt `driver/i2c_master.h`[0m
[0;32mI (342) main_task: Started on CPU0[0m
[0;32mI (352) main_task: Calling app_main()[0m
[0;32mI (352) gpio: GPIO[32]| InputEn: 0| OutputEn: 0| OpenDrain: 0| Pullup: 1| Pulldown: 0| Intr:0 [0m
[0;32mI (352) gpio: GPIO[35]| InputEn: 0| OutputEn: 0| OpenDrain: 0| Pullup: 1| Pulldown: 0| Intr:0 [0m
[0;32mI (362) gpio: GPIO[18]| InputEn: 0| OutputEn: 0| OpenDrain: 0| Pullup: 1| Pulldown: 0| Intr:0 [0m
[0;32mI (372) mpu9250: Initializating MPU9250[0m
ESP_ERROR_CHECK failed: esp_err_t 0x107 (ESP_ERR_TIMEOUT) at 0x400d84db
file: "./components/mpu9250/mpu9250.c" line 64
func: i2c_mpu9250_init
expression: i2c_write_bit(I2C_MASTER_NUM, MPU9250_I2C_ADDR, MPU9250_RA_PWR_MGMT_1, MPU9250_PWR1_DEVICE_RESET_BIT, 1)

abort() was called at PC 0x40086c67 on core 0


Backtrace: 0x4008197e:0x3ffb4ee0 0x40086c71:0x3ffb4f00 0x4008cb41:0x3ffb4f20 0x40086c67:0x3ffb4f90 0x400d84db:0x3ffb4fc0 0x400d6876:0x3ffb4fe0 0x400d6779:0x3ffb5010 0x400eaf38:0x3ffb5050 0x40087719:0x3ffb5080




ELF file SHA256: edca80695

Rebooting...
ets Jul 29 2019 12:21:46

rst:0xc (SW_CPU_RESET),boot:0x13 (SPI_FAST_FLASH_BOOT)
configsip: 0, SPIWP:0xee
clk_drv:0x00,q_drv:0x00,d_drv:0x00,cs0_drv:0x00,hd_drv:0x00,wp_drv:0x00
mode:DIO, clock div:2
load:0x3fff0030,len:7172
load:0x40078000,len:15532
load:0x40080400,len:4
load:0x40080404,len:3904
entry 0x40080640
[0;32mI (29) boot: ESP-IDF v5.3-dev-1043-g8c9e29898f 2nd stage bootloader[0m
[0;32mI (29) boot: compile time Dec 23 2023 16:25:19[0m
[0;32mI (31) boot: Multicore bootloader[0m
[0;32mI (35) boot: chip revision: v3.0[0m
[0;32mI (39) boot.esp32: SPI Speed      : 40MHz[0m
[0;32mI (44) boot.esp32: SPI Mode       : DIO[0m
[0;32mI (48) boot.esp32: SPI Flash Size : 2MB[0m
[0;32mI (53) boot: Enabling RNG early entropy source...[0m
[0;32mI (58) boot: Partition Table:[0m
[0;32mI (62) boot: ## Label            Usage          Type ST Offset   Length[0m
[0;32mI (69) boot:  0 nvs              WiFi data        01 02 00009000 00006000[0m
[0;32mI (76) boot:  1 phy_init         RF data          01 01 0000f000 00001000[0m
[0;32mI (84) boot:  2 factory          factory app      00 00 00010000 00100000[0m
[0;32mI (91) boot: End of partition table[0m
[0;32mI (96) esp_image: segment 0: paddr=00010020 vaddr=3f400020 size=0ce94h ( 52884) map[0m
[0;32mI (122) esp_image: segment 1: paddr=0001cebc vaddr=3ffb0000 size=02370h (  9072) load[0m
[0;32mI (126) esp_image: segment 2: paddr=0001f234 vaddr=40080000 size=00de4h (  3556) load[0m
[0;32mI (129) esp_image: segment 3: paddr=00020020 vaddr=400d0020 size=1b788h (112520) map[0m
[0;32mI (175) esp_image: segment 4: paddr=0003b7b0 vaddr=40080de4 size=0d3ech ( 54252) load[0m
[0;32mI (204) boot: Loaded app from partition at offset 0x10000[0m
[0;32mI (204) boot: Disabling RNG early entropy source...[0m
[0;32mI (215) cpu_start: Multicore app[0m
[0;32mI (224) cpu_start: Pro cpu start user code[0m
[0;32mI (224) cpu_start: cpu freq: 160000000 Hz[0m
[0;32mI (224) cpu_start: Application information:[0m
[0;32mI (227) cpu_start: Project name:     demo_sophia[0m
[0;32mI (232) cpu_start: App version:      e213c6e-dirty[0m
[0;32mI (238) cpu_start: Compile time:     Dec 23 2023 16:25:04[0m
[0;32mI (244) cpu_start: ELF file SHA256:  edca80695...[0m
[0;32mI (249) cpu_start: ESP-IDF:          v5.3-dev-1043-g8c9e29898f[0m
[0;32mI (256) cpu_start: Min chip rev:     v0.0[0m
[0;32mI (261) cpu_start: Max chip rev:     v3.99 [0m
[0;32mI (265) cpu_start: Chip rev:         v3.0[0m
[0;32mI (270) heap_init: Initializing. RAM available for dynamic allocation:[0m
[0;32mI (278) heap_init: At 3FFAE6E0 len 00001920 (6 KiB): DRAM[0m
[0;32mI (283) heap_init: At 3FFB2D50 len 0002D2B0 (180 KiB): DRAM[0m
[0;32mI (290) heap_init: At 3FFE0440 len 00003AE0 (14 KiB): D/IRAM[0m
[0;32mI (296) heap_init: At 3FFE4350 len 0001BCB0 (111 KiB): D/IRAM[0m
[0;32mI (303) heap_init: At 4008E1D0 len 00011E30 (71 KiB): IRAM[0m
[0;32mI (310) spi_flash: detected chip: generic[0m
[0;32mI (313) spi_flash: flash io: dio[0m
[0;33mW (317) spi_flash: Detected size(4096k) larger than the size in the binary image header(2048k). Using the size in the binary image header.[0m
[0;33mW (330) i2c: This driver is an old driver, please migrate your application code to adapt `driver/i2c_master.h`[0m
[0;32mI (342) main_task: Started on CPU0[0m
[0;32mI (352) main_task: Calling app_main()[0m
[0;32mI (352) gpio: GPIO[32]| InputEn: 0| OutputEn: 0| OpenDrain: 0| Pullup: 1| Pulldown: 0| Intr:0 [0m
[0;32mI (352) gpio: GPIO[35]| InputEn: 0| OutputEn: 0| OpenDrain: 0| Pullup: 1| Pulldown: 0| Intr:0 [0m
[0;32mI (362) gpio: GPIO[18]| InputEn: 0| OutputEn: 0| OpenDrain: 0| Pullup: 1| Pulldown: 0| Intr:0 [0m
[0;32mI (372) mpu9250: Initializating MPU9250[0m
ESP_ERROR_CHECK failed: esp_err_t 0x107 (ESP_ERR_TIMEOUT) at 0x400d84db
file: "./components/mpu9250/mpu9250.c" line 64
func: i2c_mpu9250_init
expression: i2c_write_bit(I2C_MASTER_NUM, MPU9250_I2C_ADDR, MPU9250_RA_PWR_MGMT_1, MPU9250_PWR1_DEVICE_RESET_BIT, 1)

abort() was called at PC 0x40086c67 on core 0


Backtrace: 0x4008197e:0x3ffb4ee0 0x40086c71:0x3ffb4f00 0x4008cb41:0x3ffb4f20 0x40086c67:0x3ffb4f90 0x400d84db:0x3ffb4fc0 0x400d6876:0x3ffb4fe0 0x400d6779:0x3ffb5010 0x400eaf38:0x3ffb5050 0x40087719:0x3ffb5080




ELF file SHA256: edca80695

Rebooting...
ets Jul 29 2019 12:21:46

rst:0xc (SW_CPU_RESET),boot:0x13 (SPI_FAST_FLASH_BOOT)
configsip: 0, SPIWP:0xee
clk_drv:0x00,q_drv:0x00,d_drv:0x00,cs0_drv:0x00,hd_drv:0x00,wp_drv:0x00
mode:DIO, clock div:2
load:0x3fff0030,len:7172
load:0x40078000,len:15532
load:0x40080400,len:4
load:0x40080404,len:3904
entry 0x40080640
[0;32mI (29) boot: ESP-IDF v5.3-dev-1043-g8c9e29898f 2nd stage bootloader[0m
[0;32mI (29) boot: compile time Dec 23 2023 16:25:19[0m
[0;32mI (31) boot: Multicore bootloader[0m
[0;32mI (35) boot: chip revision: v3.0[0m
[0;32mI (39) boot.esp32: SPI Speed      : 40MHz[0m
[0;32mI (44) boot.esp32: SPI Mode       : DIO[0m
[0;32mI (48) boot.esp32: SPI Flash Size : 2MB[0m
[0;32mI (53) boot: Enabling RNG early entropy source...[0m
[0;32mI (58) boot: Partition Table:[0m
[0;32mI (62) boot: ## Label            Usage          Type ST Offset   Length[0m
[0;32mI (69) boot:  0 nvs              WiFi data        01 02 00009000 00006000[0m
[0;32mI (76) boot:  1 phy_init         RF data          01 01 0000f000 00001000[0m
[0;32mI (84) boot:  2 factory          factory app      00 00 00010000 00100000[0m
[0;32mI (91) boot: End of partition table[0m
[0;32mI (96) esp_image: segment 0: paddr=00010020 vaddr=3f400020 size=0ce94h ( 52884) map[0m
[0;32mI (122) esp_image: segment 1: paddr=0001cebc vaddr=3ffb0000 size=02370h (  9072) load[0m
[0;32mI (126) esp_image: segment 2: paddr=0001f234 vaddr=40080000 size=00de4h (  3556) load[0m
[0;32mI (129) esp_image: segment 3: paddr=00020020 vaddr=400d0020 size=1b788h (112520) map[0m
[0;32mI (175) esp_image: segment 4: paddr=0003b7b0 vaddr=40080de4 size=0d3ech ( 54252) load[0m
[0;32mI (204) boot: Loaded app from partition at offset 0x10000[0m
[0;32mI (204) boot: Disabling RNG early entropy source...[0m
[0;32mI (215) cpu_start: Multicore app[0m
[0;32mI (224) cpu_start: Pro cpu start user code[0m
[0;32mI (224) cpu_start: cpu freq: 160000000 Hz[0m
[0;32mI (224) cpu_start: Application information:[0m
[0;32mI (227) cpu_start: Project name:     demo_sophia[0m
[0;32mI (232) cpu_start: App version:      e213c6e-dirty[0m
[0;32mI (238) cpu_start: Compile time:     Dec 23 2023 16:25:04[0m
[0;32mI (244) cpu_start: ELF file SHA256:  edca80695...[0m
[0;32mI (249) cpu_start: ESP-IDF:          v5.3-dev-1043-g8c9e29898f[0m
[0;32mI (256) cpu_start: Min chip rev:     v0.0[0m
[0;32mI (261) cpu_start: Max chip rev:     v3.99 [0m
[0;32mI (265) cpu_start: Chip rev:         v3.0[0m
[0;32mI (270) heap_init: Initializing. RAM available for dynamic allocation:[0m
[0;32mI (278) heap_init: At 3FFAE6E0 len 00001920 (6 KiB): DRAM[0m
[0;32mI (283) heap_init: At 3FFB2D50 len 0002D2B0 (180 KiB): DRAM[0m
[0;32mI (290) heap_init: At 3FFE0440 len 00003AE0 (14 KiB): D/IRAM[0m
[0;32mI (296) heap_init: At 3FFE4350 len 0001BCB0 (111 KiB): D/IRAM[0m
[0;32mI (302) heap_init: At 4008E1D0 len 00011E30 (71 KiB): IRAM[0m
[0;32mI (310) spi_flash: detected chip: generic[0m
[0;32mI (313) spi_flash: flash io: dio[0m
[0;33mW (317) spi_flash: Detected size(4096k) larger than the size in the binary image header(2048k). Using the size in the binary image header.[0m
[0;33mW (330) i2c: This driver is an old driver, please migrate your application code to adapt `driver/i2c_master.h`[0m
[0;32mI (342) main_task: Started on CPU0[0m
[0;32mI (352) main_task: Calling app_main()[0m
[0;32mI (352) gpio: GPIO[32]| InputEn: 0| OutputEn: 0| OpenDrain: 0| Pullup: 1| Pulldown: 0| Intr:0 [0m
[0;32mI (352) gpio: GPIO[35]| InputEn: 0| OutputEn: 0| OpenDrain: 0| Pullup: 1| Pulldown: 0| Intr:0 [0m
[0;32mI (362) gpio: GPIO[18]| InputEn: 0| OutputEn: 0| OpenDrain: 0| Pullup: 1| Pulldown: 0| Intr:0 [0m
[0;32mI (372) mpu9250: Initializating MPU9250[0m
ESP_ERROR_CHECK failed: esp_err_t 0x107 (ESP_ERR_TIMEOUT) at 0x400d84db
file: "./components/mpu9250/mpu9250.c" line 64
func: i2c_mpu9250_init
expression: i2c_write_bit(I2C_MASTER_NUM, MPU9250_I2C_ADDR, MPU9250_RA_PWR_MGMT_1, MPU9250_PWR1_DEVICE_RESET_BIT, 1)

abort() was called at PC 0x40086c67 on core 0


Backtrace: 0x4008197e:0x3ffb4ee0 0x40086c71:0x3ffb4f00 0x4008cb41:0x3ffb4f20 0x40086c67:0x3ffb4f90 0x400d84db:0x3ffb4fc0 0x400d6876:0x3ffb4fe0 0x400d6779:0x3ffb5010 0x400eaf38:0x3ffb5050 0x40087719:0x3ffb5080




ELF file SHA256: edca80695

Rebooting...
ets Jul 29 2019 12:21:46

rst:0xc (SW_CPU_RESET),boot:0x13 (SPI_FAST_FLASH_BOOT)
configsip: 0, SPIWP:0xee
clk_drv:0x00,q_drv:0x00,d_drv:0x00,cs0_drv:0x00,hd_drv:0x00,wp_drv:0x00
mode:DIO, clock div:2
load:0x3fff0030,len:7172
load:0x40078000,len:15532
load:0x40080400,len:4
load:0x40080404,len:3904
entry 0x40080640
[0;32mI (29) boot: ESP-IDF v5.3-dev-1043-g8c9e29898f 2nd stage bootloader[0m
[0;32mI (29) boot: compile time Dec 23 2023 16:25:19[0m
[0;32mI (31) boot: Multicore bootloader[0m
[0;32mI (35) boot: chip revision: v3.0[0m
[0;32mI (39) boot.esp32: SPI Speed      : 40MHz[0m
[0;32mI (44) boot.esp32: SPI Mode       : DIO[0m
[0;32mI (48) boot.esp32: SPI Flash Size : 2MB[0m
[0;32mI (53) boot: Enabling RNG early entropy source...[0m
[0;32mI (58) boot: Partition Table:[0m
[0;32mI (62) boot: ## Label            Usage          Type ST Offset   Length[0m
[0;32mI (69) boot:  0 nvs              WiFi data        01 02 00009000 00006000[0m
[0;32mI (76) boot:  1 phy_init         RF data          01 01 0000f000 00001000[0m
[0;32mI (84) boot:  2 factory          factory app      00 00 00010000 00100000[0m
[0;32mI (91) boot: End of partition table[0m
[0;32mI (96) esp_image: segment 0: paddr=00010020 vaddr=3f400020 size=0ce94h ( 52884) map[0m
[0;32mI (122) esp_image: segment 1: paddr=0001cebc vaddr=3ffb0000 size=02370h (  9072) load[0m
[0;32mI (126) esp_image: segment 2: paddr=0001f234 vaddr=40080000 size=00de4h (  3556) load[0m
[0;32mI (129) esp_image: segment 3: paddr=00020020 vaddr=400d0020 size=1b788h (112520) map[0m
[0;32mI (175) esp_image: segment 4: paddr=0003b7b0 vaddr=40080de4 size=0d3ech ( 54252) load[0m
[0;32mI (204) boot: Loaded app from partition at offset 0x10000[0m
[0;32mI (204) boot: Disabling RNG early entropy source...[0m
[0;32mI (215) cpu_start: Multicore app[0m
[0;32mI (224) cpu_start: Pro cpu start user code[0m
[0;32mI (224) cpu_start: cpu freq: 160000000 Hz[0m
[0;32mI (224) cpu_start: Application information:[0m
[0;32mI (227) cpu_start: Project name:     demo_sophia[0m
[0;32mI (232) cpu_start: App version:      e213c6e-dirty[0m
[0;32mI (238) cpu_start: Compile time:     Dec 23 2023 16:25:04[0m
[0;32mI (244) cpu_start: ELF file SHA256:  edca80695...[0m
[0;32mI (249) cpu_start: ESP-IDF:          v5.3-dev-1043-g8c9e29898f[0m
[0;32mI (256) cpu_start: Min chip rev:     v0.0[0m
[0;32mI (261) cpu_start: Max chip rev:     v3.99 [0m
[0;32mI (265) cpu_start: Chip rev:         v3.0[0m
[0;32mI (270) heap_init: Initializing. RAM available for dynamic allocation:[0m
[0;32mI (278) heap_init: At 3FFAE6E0 len 00001920 (6 KiB): DRAM[0m
[0;32mI (283) heap_init: At 3FFB2D50 len 0002D2B0 (180 KiB): DRAM[0m
[0;32mI (290) heap_init: At 3FFE0440 len 00003AE0 (14 KiB): D/IRAM[0m
[0;32mI (296) heap_init: At 3FFE4350 len 0001BCB0 (111 KiB): D/IRAM[0m
[0;32mI (303) heap_init: At 4008E1D0 len 00011E30 (71 KiB): IRAM[0m
[0;32mI (310) spi_flash: detected chip: generic[0m
[0;32mI (313) spi_flash: flash io: dio[0m
[0;33mW (317) spi_flash: Detected size(4096k) larger than the size in the binary image header(2048k). Using the size in the binary image header.[0m
[0;33mW (330) i2c: This driver is an old driver, please migrate your application code to adapt `driver/i2c_master.h`[0m
[0;32mI (342) main_task: Started on CPU0[0m
[0;32mI (352) main_task: Calling app_main()[0m
[0;32mI (352) gpio: GPIO[32]| InputEn: 0| OutputEn: 0| OpenDrain: 0| Pullup: 1| Pulldown: 0| Intr:0 [0m
[0;32mI (352) gpio: GPIO[35]| InputEn: 0| OutputEn: 0| OpenDrain: 0| Pullup: 1| Pulldown: 0| Intr:0 [0m
[0;32mI (362) gpio: GPIO[18]| InputEn: 0| OutputEn: 0| OpenDrain: 0| Pullup: 1| Pulldown: 0| Intr:0 [0m
[0;32mI (372) mpu9250: Initializating MPU9250[0m
ESP_ERROR_CHECK failed: esp_err_t 0x107 (ESP_ERR_TIMEOUT) at 0x400d84db
file: "./components/mpu9250/mpu9250.c" line 64
func: i2c_mpu9250_init
expression: i2c_write_bit(I2C_MASTER_NUM, MPU9250_I2C_ADDR, MPU9250_RA_PWR_MGMT_1, MPU9250_PWR1_DEVICE_RESET_BIT, 1)

abort() was called at PC 0x40086c67 on core 0


Backtrace: 0x4008197e:0x3ffb4ee0 0x40086c71:0x3ffb4f00 0x4008cb41:0x3ffb4f20 0x40086c67:0x3ffb4f90 0x400d84db:0x3ffb4fc0 0x400d6876:0x3ffb4fe0 0x400d6779:0x3ffb5010 0x400eaf38:0x3ffb5050 0x40087719:0x3ffb5080




ELF file SHA256: edca80695

Rebooting...
ets Jul 29 2019 12:21:46

rst:0xc (SW_CPU_RESET),boot:0x13 (SPI_FAST_FLASH_BOOT)
configsip: 0, SPIWP:0xee
clk_drv:0x00,q_drv:0x00,d_drv:0x00,cs0_drv:0x00,hd_drv:0x00,wp_drv:0x00
mode:DIO, clock div:2
load:0x3fff0030,len:7172
load:0x40078000,len:15532
load:0x40080400,len:4
load:0x40080404,len:3904
entry 0x40080640
[0;32mI (29) boot: ESP-IDF v5.3-dev-1043-g8c9e29898f 2nd stage bootloader[0m
[0;32mI (29) boot: compile time Dec 23 2023 16:25:19[0m
[0;32mI (31) boot: Multicore bootloader[0m
[0;32mI (35) boot: chip revision: v3.0[0m
[0;32mI (39) boot.esp32: SPI Speed      : 40MHz[0m
[0;32mI (44) boot.esp32: SPI Mode       : DIO[0m
[0;32mI (48) boot.esp32: SPI Flash Size : 2MB[0m
[0;32mI (53) boot: Enabling RNG early entropy source...[0m
[0;32mI (58) boot: Partition Table:[0m
[0;32mI (62) boot: ## Label            Usage          Type ST Offset   Length[0m
[0;32mI (69) boot:  0 nvs              WiFi data        01 02 00009000 00006000[0m
[0;32mI (76) boot:  1 phy_init         RF data          01 01 0000f000 00001000[0m
[0;32mI (84) boot:  2 factory          factory app      00 00 00010000 00100000[0m
[0;32mI (91) boot: End of partition table[0m
[0;32mI (96) esp_image: segment 0: paddr=00010020 vaddr=3f400020 size=0ce94h ( 52884) map[0m
[0;32mI (122) esp_image: segment 1: paddr=0001cebc vaddr=3ffb0000 size=02370h (  9072) load[0m
[0;32mI (126) esp_image: segment 2: paddr=0001f234 vaddr=40080000 size=00de4h (  3556) load[0m
[0;32mI (129) esp_image: segment 3: paddr=00020020 vaddr=400d0020 size=1b788h (112520) map[0m
[0;32mI (175) esp_image: segment 4: paddr=0003b7b0 vaddr=40080de4 size=0d3ech ( 54252) load[0m
[0;32mI (204) boot: Loaded app from partition at offset 0x10000[0m
[0;32mI (204) boot: Disabling RNG early entropy source...[0m
[0;32mI (215) cpu_start: Multicore app[0m
[0;32mI (224) cpu_start: Pro cpu start user code[0m
[0;32mI (224) cpu_start: cpu freq: 160000000 Hz[0m
[0;32mI (224) cpu_start: Application information:[0m
[0;32mI (227) cpu_start: Project name:     demo_sophia[0m
[0;32mI (232) cpu_start: App version:      e213c6e-dirty[0m
[0;32mI (238) cpu_start: Compile time:     Dec 23 2023 16:25:04[0m
[0;32mI (244) cpu_start: ELF file SHA256:  edca80695...[0m
[0;32mI (249) cpu_start: ESP-IDF:          v5.3-dev-1043-g8c9e29898f[0m
[0;32mI (256) cpu_start: Min chip rev:     v0.0[0m
[0;32mI (261) cpu_start: Max chip rev:     v3.99 [0m
[0;32mI (265) cpu_start: Chip rev:         v3.0[0m
[0;32mI (270) heap_init: Initializing. RAM available for dynamic allocation:[0m
[0;32mI (278) heap_init: At 3FFAE6E0 len 00001920 (6 KiB): DRAM[0m
[0;32mI (283) heap_init: At 3FFB2D50 len 0002D2B0 (180 KiB): DRAM[0m
[0;32mI (290) heap_init: At 3FFE0440 len 00003AE0 (14 KiB): D/IRAM[0m
[0;32mI (296) heap_init: At 3FFE4350 len 0001BCB0 (111 KiB): D/IRAM[0m
[0;32mI (303) heap_init: At 4008E1D0 len 00011E30 (71 KiB): IRAM[0m
[0;32mI (310) spi_flash: detected chip: generic[0m
[0;32mI (313) spi_flash: flash io: dio[0m
[0;33mW (317) spi_flash: Detected size(4096k) larger than the size in the binary image header(2048k). Using the size in the binary image header.[0m
[0;33mW (330) i2c: This driver is an old driver, please migrate your application code to adapt `driver/i2c_master.h`[0m
[0;32mI (342) main_task: Started on CPU0[0m
[0;32mI (352) main_task: Calling app_main()[0m
[0;32mI (352) gpio: GPIO[32]| InputEn: 0| OutputEn: 0| OpenDrain: 0| Pullup: 1| Pulldown: 0| Intr:0 [0m
[0;32mI (352) gpio: GPIO[35]| InputEn: 0| OutputEn: 0| OpenDrain: 0| Pullup: 1| Pulldown: 0| Intr:0 [0m
[0;32mI (362) gpio: GPIO[18]| InputEn: 0| OutputEn: 0| OpenDrain: 0| Pullup: 1| Pulldown: 0| Intr:0 [0m
[0;32mI (372) mpu9250: Initializating MPU9250[0m
ESP_ERROR_CHECK failed: esp_err_t 0x107 (ESP_ERR_TIMEOUT) at 0x400d84db
file: "./components/mpu9250/mpu9250.c" line 64
func: i2c_mpu9250_init
expression: i2c_write_bit(I2C_MASTER_NUM, MPU9250_I2C_ADDR, MPU9250_RA_PWR_MGMT_1, MPU9250_PWR1_DEVICE_RESET_BIT, 1)

abort() was called at PC 0x40086c67 on core 0


Backtrace: 0x4008197e:0x3ffb4ee0 0x40086c71:0x3ffb4f00 0x4008cb41:0x3ffb4f20 0x40086c67:0x3ffb4f90 0x400d84db:0x3ffb4fc0 0x400d6876:0x3ffb4fe0 0x400d6779:0x3ffb5010 0x400eaf38:0x3ffb5050 0x40087719:0x3ffb5080




ELF file SHA256: edca80695

Rebooting...
ets Jul 29 2019 12:21:46

rst:0xc (SW_CPU_RESET),boot:0x13 (SPI_FAST_FLASH_BOOT)
configsip: 0, SPIWP:0xee
clk_drv:0x00,q_drv:0x00,d_drv:0x00,cs0_drv:0x00,hd_drv:0x00,wp_drv:0x00
mode:DIO, clock div:2
load:0x3fff0030,len:7172
load:0x40078000,len:15532
load:0x40080400,len:4
load:0x40080404,len:3904
entry 0x40080640
[0;32mI (29) boot: ESP-IDF v5.3-dev-1043-g8c9e29898f 2nd stage bootloader[0m
[0;32mI (29) boot: compile time Dec 23 2023 16:25:19[0m
[0;32mI (31) boot: Multicore bootloader[0m
[0;32mI (35) boot: chip revision: v3.0[0m
[0;32mI (39) boot.esp32: SPI Speed      : 40MHz[0m
[0;32mI (44) boot.esp32: SPI Mode       : DIO[0m
[0;32mI (48) boot.esp32: SPI Flash Size : 2MB[0m
[0;32mI (53) boot: Enabling RNG early entropy source...[0m
[0;32mI (58) boot: Partition Table:[0m
[0;32mI (62) boot: ## Label            Usage          Type ST Offset   Length[0m
[0;32mI (69) boot:  0 nvs              WiFi data        01 02 00009000 00006000[0m
[0;32mI (76) boot:  1 phy_init         RF data          01 01 0000f000 00001000[0m
[0;32mI (84) boot:  2 factory          factory app      00 00 00010000 00100000[0m
[0;32mI (91) boot: End of partition table[0m
[0;32mI (96) esp_image: segment 0: paddr=00010020 vaddr=3f400020 size=0ce94h ( 52884) map[0m
[0;32mI (122) esp_image: segment 1: paddr=0001cebc vaddr=3ffb0000 size=02370h (  9072) load[0m
[0;32mI (126) esp_image: segment 2: paddr=0001f234 vaddr=40080000 size=00de4h (  3556) load[0m
[0;32mI (129) esp_image: segment 3: paddr=00020020 vaddr=400d0020 size=1b788h (112520) map[0m
[0;32mI (175) esp_image: segment 4: paddr=0003b7b0 vaddr=40080de4 size=0d3ech ( 54252) load[0m
[0;32mI (204) boot: Loaded app from partition at offset 0x10000[0m
[0;32mI (204) boot: Disabling RNG early entropy source...[0m
[0;32mI (215) cpu_start: Multicore app[0m
[0;32mI (224) cpu_start: Pro cpu start user code[0m
[0;32mI (224) cpu_start: cpu freq: 160000000 Hz[0m
[0;32mI (224) cpu_start: Application information:[0m
[0;32mI (227) cpu_start: Project name:     demo_sophia[0m
[0;32mI (232) cpu_start: App version:      e213c6e-dirty[0m
[0;32mI (238) cpu_start: Compile time:     Dec 23 2023 16:25:04[0m
[0;32mI (244) cpu_start: ELF file SHA256:  edca80695...[0m
[0;32mI (249) cpu_start: ESP-IDF:          v5.3-dev-1043-g8c9e29898f[0m
[0;32mI (256) cpu_start: Min chip rev:     v0.0[0m
[0;32mI (261) cpu_start: Max chip rev:     v3.99 [0m
[0;32mI (265) cpu_start: Chip rev:         v3.0[0m
[0;32mI (270) heap_init: Initializing. RAM available for dynamic allocation:[0m
[0;32mI (278) heap_init: At 3FFAE6E0 len 00001920 (6 KiB): DRAM[0m
[0;32mI (283) heap_init: At 3FFB2D50 len 0002D2B0 (180 KiB): DRAM[0m
[0;32mI (290) heap_init: At 3FFE0440 len 00003AE0 (14 KiB): D/IRAM[0m
[0;32mI (296) heap_init: At 3FFE4350 len 0001BCB0 (111 KiB): D/IRAM[0m
[0;32mI (303) heap_init: At 4008E1D0 len 00011E30 (71 KiB): IRAM[0m
[0;32mI (310) spi_flash: detected chip: generic[0m
[0;32mI (313) spi_flash: flash io: dio[0m
[0;33mW (317) spi_flash: Detected size(4096k) larger than the size in the binary image header(2048k). Using the size in the binary image header.[0m
[0;33mW (330) i2c: This driver is an old driver, please migrate your application code to adapt `driver/i2c_master.h`[0m
[0;32mI (342) main_task: Started on CPU0[0m
[0;32mI (352) main_task: Calling app_main()[0m
[0;32mI (352) gpio: GPIO[32]| InputEn: 0| OutputEn: 0| OpenDrain: 0| Pullup: 1| Pulldown: 0| Intr:0 [0m
[0;32mI (352) gpio: GPIO[35]| InputEn: 0| OutputEn: 0| OpenDrain: 0| Pullup: 1| Pulldown: 0| Intr:0 [0m
[0;32mI (362) gpio: GPIO[18]| InputEn: 0| OutputEn: 0| OpenDrain: 0| Pullup: 1| Pulldown: 0| Intr:0 [0m
[0;32mI (372) mpu9250: Initializating MPU9250[0m
ESP_ERROR_CHECK failed: esp_err_t 0x107 (ESP_ERR_TIMEOUT) at 0x400d84db
file: "./components/mpu9250/mpu9250.c" line 64
func: i2c_mpu9250_init
expression: i2c_write_bit(I2C_MASTER_NUM, MPU9250_I2C_ADDR, MPU9250_RA_PWR_MGMT_1, MPU9250_PWR1_DEVICE_RESET_BIT, 1)

abort() was called at PC 0x40086c67 on core 0


Backtrace: 0x4008197e:0x3ffb4ee0 0x40086c71:0x3ffb4f00 0x4008cb41:0x3ffb4f20 0x40086c67:0x3ffb4f90 0x400d84db:0x3ffb4fc0 0x400d6876:0x3ffb4fe0 0x400d6779:0x3ffb5010 0x400eaf38:0x3ffb5050 0x40087719:0x3ffb5080




ELF file SHA256: edca80695

Rebooting...
ets Jul 29 2019 12:21:46

rst:0xc (SW_CPU_RESET),boot:0x13 (SPI_FAST_FLASH_BOOT)
configsip: 0, SPIWP:0xee
clk_drv:0x00,q_drv:0x00,d_drv:0x00,cs0_drv:0x00,hd_drv:0x00,wp_drv:0x00
mode:DIO, clock div:2
load:0x3fff0030,len:7172
load:0x40078000,len:15532
load:0x40080400,len:4
load:0x40080404,len:3904
entry 0x40080640
[0;32mI (29) boot: ESP-IDF v5.3-dev-1043-g8c9e29898f 2nd stage bootloader[0m
[0;32mI (29) boot: compile time Dec 23 2023 16:25:19[0m
[0;32mI (31) boot: Multicore bootloader[0m
[0;32mI (35) boot: chip revision: v3.0[0m
[0;32mI (39) boot.esp32: SPI Speed      : 40MHz[0m
[0;32mI (44) boot.esp32: SPI Mode       : DIO[0m
[0;32mI (48) boot.esp32: SPI Flash Size : 2MB[0m
[0;32mI (53) boot: Enabling RNG early entropy source...[0m
[0;32mI (58) boot: Partition Table:[0m
[0;32mI (62) boot: ## Label            Usage          Type ST Offset   Length[0m
[0;32mI (69) boot:  0 nvs              WiFi data        01 02 00009000 00006000[0m
[0;32mI (76) boot:  1 phy_init         RF data          01 01 0000f000 00001000[0m
[0;32mI (84) boot:  2 factory          factory app      00 00 00010000 00100000[0m
[0;32mI (91) boot: End of partition table[0m
[0;32mI (96) esp_image: segment 0: paddr=00010020 vaddr=3f400020 size=0ce94h ( 52884) map[0m
[0;32mI (122) esp_image: segment 1: paddr=0001cebc vaddr=3ffb0000 size=02370h (  9072) load[0m
[0;32mI (126) esp_image: segment 2: paddr=0001f234 vaddr=40080000 size=00de4h (  3556) load[0m
[0;32mI (129) esp_image: segment 3: paddr=00020020 vaddr=400d0020 size=1b788h (112520) map[0m
[0;32mI (175) esp_image: segment 4: paddr=0003b7b0 vaddr=40080de4 size=0d3ech ( 54252) load[0m
[0;32mI (204) boot: Loaded app from partition at offset 0x10000[0m
[0;32mI (204) boot: Disabling RNG early entropy source...[0m
[0;32mI (215) cpu_start: Multicore app[0m
[0;32mI (224) cpu_start: Pro cpu start user code[0m
[0;32mI (224) cpu_start: cpu freq: 160000000 Hz[0m
[0;32mI (224) cpu_start: Application information:[0m
[0;32mI (227) cpu_start: Project name:     demo_sophia[0m
[0;32mI (232) cpu_start: App version:      e213c6e-dirty[0m
[0;32mI (238) cpu_start: Compile time:     Dec 23 2023 16:25:04[0m
[0;32mI (244) cpu_start: ELF file SHA256:  edca80695...[0m
[0;32mI (249) cpu_start: ESP-IDF:          v5.3-dev-1043-g8c9e29898f[0m
[0;32mI (256) cpu_start: Min chip rev:     v0.0[0m
[0;32mI (261) cpu_start: Max chip rev:     v3.99 [0m
[0;32mI (265) cpu_start: Chip rev:         v3.0[0m
[0;32mI (270) heap_init: Initializing. RAM available for dynamic allocation:[0m
[0;32mI (278) heap_init: At 3FFAE6E0 len 00001920 (6 KiB): DRAM[0m
[0;32mI (283) heap_init: At 3FFB2D50 len 0002D2B0 (180 KiB): DRAM[0m
[0;32mI (290) heap_init: At 3FFE0440 len 00003AE0 (14 KiB): D/IRAM[0m
[0;32mI (296) heap_init: At 3FFE4350 len 0001BCB0 (111 KiB): D/IRAM[0m
[0;32mI (302) heap_init: At 4008E1D0 len 00011E30 (71 KiB): IRAM[0m
[0;32mI (310) spi_flash: detected chip: generic[0m
[0;32mI (313) spi_flash: flash io: dio[0m
[0;33mW (317) spi_flash: Detected size(4096k) larger than the size in the binary image header(2048k). Using the size in the binary image header.[0m
[0;33mW (330) i2c: This driver is an old driver, please migrate your application code to adapt `driver/i2c_master.h`[0m
[0;32mI (342) main_task: Started on CPU0[0m
[0;32mI (352) main_task: Calling app_main()[0m
[0;32mI (352) gpio: GPIO[32]| InputEn: 0| OutputEn: 0| OpenDrain: 0| Pullup: 1| Pulldown: 0| Intr:0 [0m
[0;32mI (352) gpio: GPIO[35]| InputEn: 0| OutputEn: 0| OpenDrain: 0| Pullup: 1| Pulldown: 0| Intr:0 [0m
[0;32mI (362) gpio: GPIO[18]| InputEn: 0| OutputEn: 0| OpenDrain: 0| Pullup: 1| Pulldown: 0| Intr:0 [0m
[0;32mI (372) mpu9250: Initializating MPU9250[0m

load:0x400len:3904
entry 0x40080640
ï¿½ets Jul 29 2019 12:21:46

rst:0x1 (POWERON_RESET),boot:0x33 (SPI_FAST_FLASH_BOOT)
configsip: 0, SPIWP:0xee
clk_drv:0x00,q_drv:0x00,d_drv:0x00,cs0_drv:0x00,hd_drv:0x00,wp_drv:0x00
mode:DIO, clock div:2
load:0x3fff0030,len:7172
load:0x40078000,len:15532
load:0x40080400,len:4
load:0x40080404,len:3904
entry 0x40080640
[0;32mI (29) boot: ESP-IDF v5.3-dev-1043-g8c9e29898f 2nd stage bootloader[0m
[0;32mI (29) boot: compile time Dec 23 2023 16:25:19[0m
[0;32mI (31) boot: Multicore bootloader[0m
[0;32mI (35) boot: chip revision: v3.0[0m
[0;32mI (39) boot.esp32: SPI Speed      : 40MHz[0m
[0;32mI (44) boot.esp32: SPI Mode       : DIO[0m
[0;32mI (48) boot.esp32: SPI Flash Size : 2MB[0m
[0;32mI (53) boot: Enabling RNG early entropy source...[0m
[0;32mI (58) boot: Partition Table:[0m
[0;32mI (62) boot: ## Label            Usage          Type ST Offset   Length[0m
[0;32mI (69) boot:  0 nvs              WiFi data        01 02 00009000 00006000[0m
[0;32mI (76) boot:  1 phy_init         RF data          01 01 0000f000 00001000[0m
[0;32mI (84) boot:  2 factory          factory app      00 00 00010000 00100000[0m
[0;32mI (91) boot: End of partition table[0m
[0;32mI (96) esp_image: segment 0: paddr=00010020 vaddr=3f400020 size=0ce94h ( 52884) map[0m
[0;32mI (122) esp_image: segment 1: paddr=0001cebc vaddr=3ffb0000 size=02370h (  9072) load[0m
[0;32mI (126) esp_image: segment 2: paddr=0001f234 vaddr=40080000 size=00de4h (  3556) load[0m
[0;32mI (130) esp_image: segment 3: paddr=00020020 vaddr=400d0020 size=1b788h (112520) map[0m
[0;32mI (175) esp_image: segment 4: paddr=0003b7b0 vaddr=40080de4 size=0d3ech ( 54252) load[0m
[0;32mI (204) boot: Loaded app from partition at offset 0x10000[0m
[0;32mI (204) boot: Disabling RNG early entropy source...[0m
[0;32mI (215) cpu_start: Multicore app[0m
[0;32mI (224) cpu_start: Pro cpu start user code[0m
[0;32mI (224) cpu_start: cpu freq: 160000000 Hz[0m
[0;32mI (224) cpu_start: Application information:[0m
[0;32mI (227) cpu_start: Project name:     demo_sophia[0m
[0;32mI (233) cpu_start: App version:      e213c6e-dirty[0m
[0;32mI (238) cpu_start: Compile time:     Dec 23 2023 16:25:04[0m
[0;32mI (244) cpu_start: ELF file SHA256:  edca80695...[0m
[0;32mI (249) cpu_start: ESP-IDF:          v5.3-dev-1043-g8c9e29898f[0m
[0;32mI (256) cpu_start: Min chip rev:     v0.0[0m
[0;32mI (261) cpu_start: Max chip rev:     v3.99 [0m
[0;32mI (266) cpu_start: Chip rev:         v3.0[0m
[0;32mI (271) heap_init: Initializing. RAM available for dynamic allocation:[0m
[0;32mI (278) heap_init: At 3FFAE6E0 len 00001920 (6 KiB): DRAM[0m
[0;32mI (284) heap_init: At 3FFB2D50 len 0002D2B0 (180 KiB): DRAM[0m
[0;32mI (290) heap_init: At 3FFE0440 len 00003AE0 (14 KiB): D/IRAM[0m
[0;32mI (296) heap_init: At 3FFE4350 len 0001BCB0 (111 KiB): D/IRAM[0m
[0;32mI (303) heap_init: At 4008E1D0 len 00011E30 (71 KiB): IRAM[0m
[0;32mI (310) spi_flash: detected chip: generic[0m
[0;32mI (313) spi_flash: flash io: dio[0m
[0;33mW (317) spi_flash: Detected size(4096k) larger than the size in the binary image header(2048k). Using the size in the binary image header.[0m
[0;33mW (330) i2c: This driver is an old driver, please migrate your application code to adapt `driver/i2c_master.h`[0m
[0;32mI (342) main_task: Started on CPU0[0m
[0;32mI (352) main_task: Calling app_main()[0m
[0;32mI (352) gpio: GPIO[32]| InputEn: 0| OutputEn: 0| OpenDrain: 0| Pullup: 1| Pulldown: 0| Intr:0 [0m
[0;32mI (352) gpio: GPIO[35]| InputEn: 0| OutputEn: 0| OpenDrain: 0| Pullup: 1| Pulldown: 0| Intr:0 [0m
[0;32mI (362) gpio: GPIO[18]| InputEn: 0| OutputEn: 0| OpenDrain: 0| Pullup: 1| Pulldown: 0| Intr:0 [0m
[0;32mI (372) mpu9250: Initializating MPU9250[0m
[0;32mI (532) mpu9250: Enabling magnetometer[0m
[0;32mI (762) mpu9250: Magnetometer enabled[0m
[0;32mI (762) mpu9250: MPU9250:[0m
[0;32mI (762) mpu9250: --> i2c bus: 0x00[0m
[0;32mI (762) mpu9250: --> Device address: 0x69[0m
[0;32mI (762) mpu9250: --> Device ID: 0x71[0m
[0;32mI (762) mpu9250: --> initialised: Yes[0m
[0;32mI (772) mpu9250: --> BYPASS enabled: Yes[0m
[0;32mI (772) mpu9250: --> SleepEnabled Mode: Off[0m
[0;32mI (782) mpu9250: --> i2c Master Mode: Disabled[0m
[0;32mI (782) mpu9250: --> Power Management (0x6B, 0x6C):[0m
[0;32mI (792) mpu9250:   --> Clock Source: 1 1 (Auto selects the best available clock source)[0m
[0;32mI (802) mpu9250:   --> Accel enabled (x, y, z): (Yes, Yes, Yes)[0m
[0;32mI (802) mpu9250:   --> Gyro enabled (x, y, z): (Yes, Yes, Yes)[0m
[0;32mI (812) mpu9250: Accelerometer:[0m
[0;32mI (822) mpu9250: --> Full Scale Range (0x1C): Â±4g (1)[0m
[0;32mI (822) mpu9250: --> Scalar: 1/8192.000000[0m
[0;32mI (832) mpu9250: --> Calibration:[0m
[0;32mI (832) mpu9250:   --> Offset: [0m
[0;32mI (832) mpu9250:     --> x: 0.020900[0m
[0;32mI (842) mpu9250:     --> y: 0.014688[0m
[0;32mI (842) mpu9250:     --> z: -0.002580[0m
[0;32mI (852) mpu9250:   --> Scale: [0m
[0;32mI (852) mpu9250:     --> x: (-0.992052, 1.013558)[0m
[0;32mI (862) mpu9250:     --> y: (-0.990010, 1.011903)[0m
[0;32mI (862) mpu9250:     --> z: (-1.011147, 1.019645)[0m
[0;32mI (872) mpu9250: Gyroscope:[0m
[0;32mI (872) mpu9250: --> Full Scale Range (0x1B): +250 dps (0)[0m
[0;32mI (882) mpu9250: --> Scalar: 1/131.000000[0m
[0;32mI (882) mpu9250: --> Bias Offset:[0m
[0;32mI (882) mpu9250:   --> x: 0.303956[0m
[0;32mI (892) mpu9250:   --> y: -1.049768[0m
[0;32mI (892) mpu9250:   --> z: -0.403782[0m
[0;32mI (902) ak8963: Magnetometer (Compass):[0m
[0;32mI (902) ak8963: --> i2c address: 0x00[0m
[0;32mI (912) ak8963: --> initialised: true[0m
[0;32mI (912) ak8963: --> Device ID: 0x48[0m
[0;32mI (912) ak8963: --> Mode: 0x06 (Continuous measurement mode 2: 100Hz)[0m
[0;32mI (922) ak8963: --> ASA Scalars:[0m
[0;32mI (932) ak8963:   --> x: 1.175781[0m
[0;32mI (932) ak8963:   --> y: 1.187500[0m
[0;32mI (932) ak8963:   --> z: 1.136719[0m
[0;32mI (942) ak8963: --> Offset:[0m
[0;32mI (942) ak8963:   --> x: 25.183594[0m
[0;32mI (942) ak8963:   --> y: 57.519531[0m
[0;32mI (952) ak8963:   --> z: -62.648438[0m
[0;32mI (952) ak8963: --> Scale:[0m
[0;32mI (962) ak8963:   --> x: 1.513449[0m
[0;32mI (962) ak8963:   --> y: 1.557811[0m
[0;32mI (962) ak8963:   --> z: 1.434039[0m
Starting main loop
motor: 0, gyro: 0.000000, encoder: 0.000000, motor: 0.000000
motor: 0, gyro: 0.283051, encoder: 0.000000, motor: 283.050537
motor: 0, gyro: 0.283051, encoder: 0.000000, motor: 283.050537
motor: 0, gyro: 0.852295, encoder: 0.000000, motor: 852.294922
motor: 0, gyro: 1.707367, encoder: 0.000000, motor: 1707.366943
motor: 0, gyro: 2.281830, encoder: 0.000000, motor: 2281.829834
motor: 0, gyro: 2.864075, encoder: 0.000000, motor: 2864.074707
motor: 0, gyro: 3.749207, encoder: 0.000000, motor: 3749.206543
motor: 0, gyro: 4.348358, encoder: 0.000000, motor: 4348.358398
motor: 0, gyro: 5.256927, encoder: 0.000000, motor: 5256.927734
motor: 0, gyro: 5.868134, encoder: 0.000000, motor: 5868.133789
motor: 0, gyro: 6.491608, encoder: 0.000000, motor: 6491.607422
motor: 0, gyro: 7.434235, encoder: 0.000000, motor: 7434.234375
motor: 0, gyro: 8.069641, encoder: 0.000000, motor: 8069.641113
motor: 0, gyro: 8.712189, encoder: 0.000000, motor: 8712.188477
motor: 0, gyro: 9.688141, encoder: 0.000000, motor: 9688.140625
motor: 0, gyro: 10.345673, encoder: 0.000000, motor: 10345.672852
motor: 0, gyro: 11.338074, encoder: 0.000000, motor: 11338.074219
motor: 0, gyro: 12.009949, encoder: 0.000000, motor: 12009.949219
motor: 0, gyro: 12.687714, encoder: 0.000000, motor: 12687.713867
motor: 0, gyro: 13.713959, encoder: 0.000000, motor: 13713.958984
motor: 0, gyro: 14.405792, encoder: 0.000000, motor: 14405.791992
motor: 0, gyro: 15.456421, encoder: 0.000000, motor: 15456.420898
motor: 0, gyro: 16.167023, encoder: 0.000000, motor: 16167.022461
motor: 0, gyro: 17.252258, encoder: 0.000000, motor: 17252.257812
motor: 0, gyro: 17.985443, encoder: 0.000000, motor: 17985.443359
motor: 0, gyro: 18.725891, encoder: 0.000000, motor: 18725.890625
motor: 0, gyro: 19.850006, encoder: 0.000000, motor: 19850.005859
motor: 0, gyro: 20.609009, encoder: 0.000000, motor: 20609.007812
motor: 0, gyro: 21.761353, encoder: 0.000000, motor: 21761.351562
motor: 0, gyro: 22.537079, encoder: 0.000000, motor: 22537.078125
motor: 0, gyro: 23.715302, encoder: 0.000000, motor: 23715.300781
motor: 0, gyro: 24.512604, encoder: 0.000000, motor: 24512.603516
motor: 0, gyro: 25.726288, encoder: 0.000000, motor: 25726.287109
motor: 0, gyro: 26.543182, encoder: 0.000000, motor: 26543.181641
motor: 0, gyro: 27.371155, encoder: 0.000000, motor: 27371.154297
motor: 0, gyro: 28.628723, encoder: 0.000000, motor: 28628.722656
motor: 0, gyro: 29.477814, encoder: 0.000000, motor: 29477.814453
motor: 0, gyro: 30.768799, encoder: 0.000000, motor: 30768.798828
motor: 0, gyro: 31.643341, encoder: 0.000000, motor: 31643.341797
motor: 0, gyro: 32.972961, encoder: 0.000000, motor: 32972.960938
motor: 0, gyro: 33.872681, encoder: 0.000000, motor: 33872.679688
motor: 0, gyro: 34.778900, encoder: 0.000000, motor: 34778.898438
motor: 0, gyro: 36.164825, encoder: 0.000000, motor: 36164.824219
motor: 0, gyro: 37.099792, encoder: 0.000000, motor: 37099.792969
motor: 0, gyro: 38.522247, encoder: 0.000000, motor: 38522.246094
motor: 0, gyro: 39.483673, encoder: 0.000000, motor: 39483.671875
motor: 0, gyro: 40.947510, encoder: 0.000000, motor: 40947.507812
motor: 0, gyro: 41.937683, encoder: 0.000000, motor: 41937.683594
motor: 0, gyro: 43.441650, encoder: 0.000000, motor: 43441.648438
motor: 0, gyro: 44.457092, encoder: 0.000000, motor: 44457.093750
motor: 0, gyro: 45.485168, encoder: 0.000000, motor: 45485.167969
motor: 0, gyro: 47.054138, encoder: 0.000000, motor: 47054.136719
motor: 0, gyro: 48.112000, encoder: 0.000000, motor: 48112.000000
motor: 0, gyro: 49.722839, encoder: 0.000000, motor: 49722.839844
motor: 0, gyro: 50.809052, encoder: 0.000000, motor: 50809.050781
motor: 0, gyro: 52.453430, encoder: 0.000000, motor: 52453.429688
motor: 0, gyro: 53.567047, encoder: 0.000000, motor: 53567.046875
motor: 0, gyro: 54.692871, encoder: 0.000000, motor: 54692.871094
motor: 0, gyro: 56.397003, encoder: 0.000000, motor: 56397.003906
motor: 0, gyro: 57.545685, encoder: 0.000000, motor: 57545.683594
motor: 0, gyro: 59.290314, encoder: 0.000000, motor: 59290.312500
motor: 0, gyro: 60.464386, encoder: 0.000000, motor: 60464.386719
motor: 0, gyro: 62.241425, encoder: 0.000000, motor: 62241.425781
motor: 0, gyro: 63.438843, encoder: 0.000000, motor: 63438.843750
motor: 0, gyro: 65.248840, encoder: 0.000000, motor: 65248.839844
motor: 0, gyro: 66.464813, encoder: 0.000000, motor: 66464.812500
motor: 0, gyro: 67.687653, encoder: 0.000000, motor: 67687.656250
motor: 0, gyro: 69.536835, encoder: 0.000000, motor: 69536.835938
motor: 0, gyro: 70.778870, encoder: 0.000000, motor: 70778.867188
motor: 0, gyro: 72.649445, encoder: 0.000000, motor: 72649.445312
motor: 0, gyro: 73.902954, encoder: 0.000000, motor: 73902.953125
motor: 0, gyro: 75.788239, encoder: 0.000000, motor: 75788.242188
motor: 0, gyro: 77.050781, encoder: 0.000000, motor: 77050.781250
motor: 0, gyro: 78.954193, encoder: 0.000000, motor: 78954.195312
motor: 0, gyro: 80.223450, encoder: 0.000000, motor: 80223.453125
motor: 0, gyro: 81.493469, encoder: 0.000000, motor: 81493.468750
motor: 0, gyro: 83.401855, encoder: 0.000000, motor: 83401.859375
motor: 0, gyro: 84.674591, encoder: 0.000000, motor: 84674.593750
motor: 0, gyro: 86.582031, encoder: 0.000000, motor: 86582.031250
motor: 0, gyro: 87.850952, encoder: 0.000000, motor: 87850.953125
motor: 0, gyro: 89.750671, encoder: 0.000000, motor: 89750.671875
motor: 0, gyro: 91.013000, encoder: 0.000000, motor: 91013.000000
motor: 0, gyro: 92.271515, encoder: 0.000000, motor: 92271.515625
motor: 0, gyro: 94.146759, encoder: 0.000000, motor: 94146.757812
motor: 0, gyro: 95.394562, encoder: 0.000000, motor: 95394.562500
motor: 0, gyro: 97.251587, encoder: 0.000000, motor: 97251.585938
motor: 0, gyro: 98.480164, encoder: 0.000000, motor: 98480.164062
motor: 0, gyro: 100.300354, encoder: 0.000000, motor: 100300.351562
motor: 0, gyro: 101.508423, encoder: 0.000000, motor: 101508.421875
motor: 0, gyro: 103.309479, encoder: 0.000000, motor: 103309.476562
motor: 0, gyro: 104.497375, encoder: 0.000000, motor: 104497.375000
motor: 0, gyro: 106.261139, encoder: 0.000000, motor: 106261.140625
motor: 0, gyro: 107.424438, encoder: 0.000000, motor: 107424.437500
motor: 0, gyro: 109.149689, encoder: 0.000000, motor: 109149.687500
motor: 0, gyro: 110.285767, encoder: 0.000000, motor: 110285.765625
motor: 0, gyro: 111.967896, encoder: 0.000000, motor: 111967.898438
motor: 0, gyro: 113.074310, encoder: 0.000000, motor: 113074.312500
motor: 0, gyro: 114.719330, encoder: 0.000000, motor: 114719.328125
motor: 0, gyro: 115.797546, encoder: 0.000000, motor: 115797.546875
motor: 0, gyro: 117.391327, encoder: 0.000000, motor: 117391.328125
motor: 0, gyro: 118.436859, encoder: 0.000000, motor: 118436.859375
motor: 0, gyro: 119.985718, encoder: 0.000000, motor: 119985.718750
motor: 0, gyro: 121.004028, encoder: 0.000000, motor: 121004.031250
motor: 0, gyro: 122.508423, encoder: 0.000000, motor: 122508.421875
motor: 0, gyro: 123.499268, encoder: 0.000000, motor: 123499.265625
motor: 0, gyro: 124.960815, encoder: 0.000000, motor: 124960.812500
motor: 0, gyro: 125.914551, encoder: 0.000000, motor: 125914.546875
motor: 0, gyro: 127.322144, encoder: 0.000000, motor: 127322.140625
motor: 0, gyro: 128.242676, encoder: 0.000000, motor: 128242.671875
motor: 0, gyro: 129.601196, encoder: 0.000000, motor: 129601.195312
motor: 0, gyro: 130.496979, encoder: 0.000000, motor: 130496.976562
motor: 0, gyro: 131.818237, encoder: 0.000000, motor: 131818.234375
motor: 0, gyro: 132.681427, encoder: 0.000000, motor: 132681.421875
motor: 0, gyro: 133.965057, encoder: 0.000000, motor: 133965.062500
motor: 0, gyro: 134.807770, encoder: 0.000000, motor: 134807.765625
motor: 0, gyro: 136.049255, encoder: 0.000000, motor: 136049.250000
motor: 0, gyro: 136.868317, encoder: 0.000000, motor: 136868.312500
motor: 0, gyro: 138.073212, encoder: 0.000000, motor: 138073.218750
motor: 0, gyro: 138.862915, encoder: 0.000000, motor: 138862.921875
motor: 0, gyro: 140.033936, encoder: 0.000000, motor: 140033.937500
motor: 0, gyro: 140.795837, encoder: 0.000000, motor: 140795.843750
motor: 0, gyro: 141.924988, encoder: 0.000000, motor: 141924.984375
motor: 0, gyro: 142.664520, encoder: 0.000000, motor: 142664.515625
motor: 0, gyro: 143.749695, encoder: 0.000000, motor: 143749.687500
motor: 0, gyro: 144.811279, encoder: 0.000000, motor: 144811.281250
motor: 0, gyro: 145.510254, encoder: 0.000000, motor: 145510.250000
motor: 0, gyro: 146.549866, encoder: 0.000000, motor: 146549.859375
motor: 0, gyro: 147.235901, encoder: 0.000000, motor: 147235.906250
motor: 0, gyro: 148.250977, encoder: 0.000000, motor: 148250.968750
motor: 0, gyro: 148.918884, encoder: 0.000000, motor: 148918.890625
motor: 0, gyro: 149.890991, encoder: 0.000000, motor: 149890.984375
motor: 0, gyro: 150.520691, encoder: 0.000000, motor: 150520.687500
motor: 0, gyro: 151.456909, encoder: 0.000000, motor: 151456.906250
motor: 0, gyro: 152.073425, encoder: 0.000000, motor: 152073.421875
motor: 0, gyro: 152.966736, encoder: 0.000000, motor: 152966.734375
motor: 0, gyro: 153.552124, encoder: 0.000000, motor: 153552.125000
motor: 0, gyro: 154.442139, encoder: 0.000000, motor: 154442.140625
motor: 0, gyro: 155.011353, encoder: 0.000000, motor: 155011.359375
motor: 0, gyro: 155.858215, encoder: 0.000000, motor: 155858.218750
motor: 0, gyro: 156.412231, encoder: 0.000000, motor: 156412.234375
motor: 0, gyro: 157.224243, encoder: 0.000000, motor: 157224.250000
motor: 0, gyro: 157.751221, encoder: 0.000000, motor: 157751.218750
motor: 0, gyro: 158.485718, encoder: 0.000000, motor: 158485.718750
motor: 0, gyro: 158.961853, encoder: 0.000000, motor: 158961.859375
motor: 0, gyro: 159.658691, encoder: 0.000000, motor: 159658.687500
motor: 0, gyro: 160.104187, encoder: 0.000000, motor: 160104.187500
motor: 0, gyro: 160.744263, encoder: 0.000000, motor: 160744.265625
motor: 0, gyro: 161.158691, encoder: 0.000000, motor: 161158.687500
motor: 0, gyro: 161.752380, encoder: 0.000000, motor: 161752.375000
motor: 0, gyro: 162.153687, encoder: 0.000000, motor: 162153.687500
motor: 0, gyro: 162.708435, encoder: 0.000000, motor: 162708.437500
motor: 0, gyro: 163.055786, encoder: 0.000000, motor: 163055.781250
motor: 0, gyro: 163.523560, encoder: 0.000000, motor: 163523.562500
motor: 0, gyro: 163.817749, encoder: 0.000000, motor: 163817.750000
motor: 0, gyro: 164.221375, encoder: 0.000000, motor: 164221.375000
motor: 0, gyro: 164.606567, encoder: 0.000000, motor: 164606.562500
motor: 0, gyro: 164.852051, encoder: 0.000000, motor: 164852.046875
motor: 0, gyro: 165.191223, encoder: 0.000000, motor: 165191.218750
motor: 0, gyro: 165.383850, encoder: 0.000000, motor: 165383.843750
motor: 0, gyro: 165.652527, encoder: 0.000000, motor: 165652.531250
motor: 0, gyro: 165.799561, encoder: 0.000000, motor: 165799.562500
motor: 0, gyro: 166.037231, encoder: 0.000000, motor: 166037.234375
motor: 0, gyro: 166.170227, encoder: 0.000000, motor: 166170.234375
motor: 0, gyro: 166.347961, encoder: 0.000000, motor: 166347.968750
motor: 0, gyro: 166.460266, encoder: 0.000000, motor: 166460.265625
motor: 0, gyro: 166.627075, encoder: 0.000000, motor: 166627.078125
motor: 0, gyro: 166.707397, encoder: 0.000000, motor: 166707.390625
motor: 0, gyro: 166.826965, encoder: 0.000000, motor: 166826.968750
motor: 0, gyro: 166.909058, encoder: 0.000000, motor: 166909.062500
motor: 0, gyro: 167.021484, encoder: 0.000000, motor: 167021.484375
motor: 0, gyro: 167.072021, encoder: 0.000000, motor: 167072.015625
motor: 0, gyro: 167.176819, encoder: 0.000000, motor: 167176.812500
motor: 0, gyro: 167.239807, encoder: 0.000000, motor: 167239.812500
motor: 0, gyro: 167.298462, encoder: 0.000000, motor: 167298.468750
motor: 0, gyro: 167.335205, encoder: 0.000000, motor: 167335.203125
motor: 0, gyro: 167.403076, encoder: 0.000000, motor: 167403.078125
motor: 0, gyro: 167.425171, encoder: 0.000000, motor: 167425.171875
motor: 0, gyro: 167.456604, encoder: 0.000000, motor: 167456.609375
motor: 0, gyro: 167.482849, encoder: 0.000000, motor: 167482.843750
motor: 0, gyro: 167.530457, encoder: 0.000000, motor: 167530.453125
motor: 0, gyro: 167.555176, encoder: 0.000000, motor: 167555.171875
motor: 0, gyro: 167.591797, encoder: 0.000000, motor: 167591.796875
motor: 0, gyro: 167.629211, encoder: 0.000000, motor: 167629.218750
motor: 0, gyro: 167.635986, encoder: 0.000000, motor: 167635.984375
motor: 0, gyro: 167.664917, encoder: 0.000000, motor: 167664.921875
motor: 0, gyro: 167.689941, encoder: 0.000000, motor: 167689.937500
motor: 0, gyro: 167.709595, encoder: 0.000000, motor: 167709.593750
motor: 0, gyro: 167.733765, encoder: 0.000000, motor: 167733.765625
motor: 0, gyro: 167.771790, encoder: 0.000000, motor: 167771.796875
motor: 0, gyro: 167.786743, encoder: 0.000000, motor: 167786.750000
motor: 0, gyro: 167.819092, encoder: 0.000000, motor: 167819.093750
motor: 0, gyro: 167.835754, encoder: 0.000000, motor: 167835.750000
motor: 0, gyro: 167.838501, encoder: 0.000000, motor: 167838.500000
motor: 0, gyro: 167.859070, encoder: 0.000000, motor: 167859.062500
motor: 0, gyro: 167.844055, encoder: 0.000000, motor: 167844.062500
motor: 0, gyro: 167.857727, encoder: 0.000000, motor: 167857.734375
motor: 0, gyro: 167.879883, encoder: 0.000000, motor: 167879.875000
motor: 0, gyro: 167.904236, encoder: 0.000000, motor: 167904.234375
motor: 0, gyro: 167.917175, encoder: 0.000000, motor: 167917.171875
motor: 0, gyro: 167.939514, encoder: 0.000000, motor: 167939.515625
motor: 0, gyro: 167.935791, encoder: 0.000000, motor: 167935.796875
motor: 0, gyro: 167.934082, encoder: 0.000000, motor: 167934.078125
motor: 0, gyro: 167.930908, encoder: 0.000000, motor: 167930.906250
motor: 0, gyro: 167.938049, encoder: 0.000000, motor: 167938.046875
motor: 0, gyro: 167.944336, encoder: 0.000000, motor: 167944.343750
motor: 0, gyro: 167.949280, encoder: 0.000000, motor: 167949.281250
motor: 0, gyro: 167.962952, encoder: 0.000000, motor: 167962.953125
motor: 0, gyro: 167.953674, encoder: 0.000000, motor: 167953.671875
motor: 0, gyro: 167.904419, encoder: 0.000000, motor: 167904.421875
motor: 0, gyro: 167.885986, encoder: 0.000000, motor: 167885.984375
motor: 0, gyro: 167.875183, encoder: 0.000000, motor: 167875.187500
motor: 0, gyro: 167.888062, encoder: 0.000000, motor: 167888.062500
motor: 0, gyro: 167.906555, encoder: 0.000000, motor: 167906.562500
motor: 0, gyro: 167.894897, encoder: 0.000000, motor: 167894.890625
motor: 0, gyro: 167.886841, encoder: 0.000000, motor: 167886.843750
motor: 0, gyro: 167.883972, encoder: 0.000000, motor: 167883.968750
motor: 0, gyro: 167.885620, encoder: 0.000000, motor: 167885.625000
