mode:DIO, cï¿½Hï¿½ï¿½+ï¿½ï¿½0x3fff0030,len:7172
load:0x400ï¿½ets Jul 29 2019 12:21:46

rst:0x1 (POWERON_RESET),boot:0x13 (SPI_FAST_FLASH_BOOT)
configsip: 0, SPIWP:0xee
clk_drv:0x00,q_drv:0x00,d_drv:0x00,cs0_drv:0x00,hd_drv:0x00,wp_drv:0x00
mode:DIO, clock div:2
load:0x3fff0030,len:7172
load:0x40078000,len:15532
load:0x40080400,len:4
load:0x40080404,len:3904
entry 0x40080640
[0;32mI (29) boot: ESP-IDF v5.3-dev-1043-g8c9e29898f 2nd stage bootloader[0m
[0;32mI (29) boot: compile time Dec 23 2023 16:25:19[0m
[0;32mI (31) boot: Multicore bootloader[0m
[0;32mI (35) boot: chip revision: v3.0[0m
[0;32mI (39) boot.esp32: SPI Speed      : 40MHz[0m
[0;32mI (44) boot.esp32: SPI Mode       : DIO[0m
[0;32mI (48) boot.esp32: SPI Flash Size : 2MB[0m
[0;32mI (53) boot: Enabling RNG early entropy source...[0m
[0;32mI (58) boot: Partition Table:[0m
[0;32mI (62) boot: ## Label            Usage          Type ST Offset   Length[0m
[0;32mI (69) boot:  0 nvs              WiFi data        01 02 00009000 00006000[0m
[0;32mI (76) boot:  1 phy_init         RF data          01 01 0000f000 00001000[0m
[0;32mI (84) boot:  2 factory          factory app      00 00 00010000 00100000[0m
[0;32mI (91) boot: End of partition table[0m
[0;32mI (96) esp_image: segment 0: paddr=00010020 vaddr=3f400020 size=0ceb4h ( 52916) map[0m
[0;32mI (122) esp_image: segment 1: paddr=0001cedc vaddr=3ffb0000 size=02370h (  9072) load[0m
[0;32mI (126) esp_image: segment 2: paddr=0001f254 vaddr=40080000 size=00dc4h (  3524) load[0m
[0;32mI (130) esp_image: segment 3: paddr=00020020 vaddr=400d0020 size=1ba48h (113224) map[0m
[0;32mI (175) esp_image: segment 4: paddr=0003ba70 vaddr=40080dc4 size=0d40ch ( 54284) load[0m
[0;32mI (204) boot: Loaded app from partition at offset 0x10000[0m
[0;32mI (204) boot: Disabling RNG early entropy source...[0m
[0;32mI (215) cpu_start: Multicore app[0m
[0;32mI (224) cpu_start: Pro cpu start user code[0m
[0;32mI (225) cpu_start: cpu freq: 160000000 Hz[0m
[0;32mI (225) cpu_start: Application information:[0m
[0;32mI (228) cpu_start: Project name:     demo_sophia[0m
[0;32mI (233) cpu_start: App version:      e213c6e-dirty[0m
[0;32mI (238) cpu_start: Compile time:     Dec 23 2023 16:25:04[0m
[0;32mI (244) cpu_start: ELF file SHA256:  a8f16eac1...[0m
[0;32mI (250) cpu_start: ESP-IDF:          v5.3-dev-1043-g8c9e29898f[0m
[0;32mI (256) cpu_start: Min chip rev:     v0.0[0m
[0;32mI (261) cpu_start: Max chip rev:     v3.99 [0m
[0;32mI (266) cpu_start: Chip rev:         v3.0[0m
[0;32mI (271) heap_init: Initializing. RAM available for dynamic allocation:[0m
[0;32mI (278) heap_init: At 3FFAE6E0 len 00001920 (6 KiB): DRAM[0m
[0;32mI (284) heap_init: At 3FFB2D50 len 0002D2B0 (180 KiB): DRAM[0m
[0;32mI (290) heap_init: At 3FFE0440 len 00003AE0 (14 KiB): D/IRAM[0m
[0;32mI (296) heap_init: At 3FFE4350 len 0001BCB0 (111 KiB): D/IRAM[0m
[0;32mI (303) heap_init: At 4008E1D0 len 00011E30 (71 KiB): IRAM[0m
[0;32mI (311) spi_flash: detected chip: generic[0m
[0;32mI (314) spi_flash: flash io: dio[0m
[0;33mW (318) spi_flash: Detected size(4096k) larger than the size in the binary image header(2048k). Using the size in the binary image header.[0m
[0;33mW (331) i2c: This driver is an old driver, please migrate your application code to adapt `driver/i2c_master.h`[0m
[0;32mI (342) main_task: Started on CPU0[0m
[0;32mI (352) main_task: Calling app_main()[0m
[0;32mI (352) gpio: GPIO[32]| InputEn: 0| OutputEn: 0| OpenDrain: 0| Pullup: 1| Pulldown: 0| Intr:0 [0m
[0;32mI (352) gpio: GPIO[35]| InputEn: 0| OutputEn: 0| OpenDrain: 0| Pullup: 1| Pulldown: 0| Intr:0 [0m
[0;32mI (362) gpio: GPIO[18]| InputEn: 0| OutputEn: 0| OpenDrain: 0| Pullup: 1| Pulldown: 0| Intr:0 [0m
[0;32mI (372) mpu9250: Initializating MPU9250[0m
ESP_ERROR_CHECK failed: esp_err_t 0x107 (ESP_ERR_TIMEOUT) at 0x400d85e7
file: "./components/mpu9250/mpu9250.c" line 64
func: i2c_mpu9250_init
expression: i2c_write_bit(I2C_MASTER_NUM, MPU9250_I2C_ADDR, MPU9250_RA_PWR_MGMT_1, MPU9250_PWR1_DEVICE_RESET_BIT, 1)

abort() was called at PC 0x40086c67 on core 0


Backtrace: 0x4008197e:0x3ffb4ee0 0x40086c71:0x3ffb4f00 0x4008cb41:0x3ffb4f20 0x40086c67:0x3ffb4f90 0x400d85e7:0x3ffb4fc0 0x400d6982:0x3ffb4fe0 0x400d6795:0x3ffb5010 0x400eb1f8:0x3ffb5050 0x40087719:0x3ffb5080




ELF file SHA256: a8f16eac1

Rebooting...
ets Jul 29 2019 12:21:46

rst:0xc (SW_CPU_RESET),boot:0x13 (SPI_FAST_FLASH_BOOT)
configsip: 0, SPIWP:0xee
clk_drv:0x00,q_drv:0x00,d_drv:0x00,cs0_drv:0x00,hd_drv:0x00,wp_drv:0x00
mode:DIO, clock div:2
load:0x3fff0030,len:7172
load:0x40078000,len:15532
load:0x40080400,len:4
load:0x40080404,len:3904
entry 0x40080640
[0;32mI (29) boot: ESP-IDF v5.3-dev-1043-g8c9e29898f 2nd stage bootloader[0m
[0;32mI (29) boot: compile time Dec 23 2023 16:25:19[0m
[0;32mI (31) boot: Multicore bootloader[0m
[0;32mI (35) boot: chip revision: v3.0[0m
[0;32mI (39) boot.esp32: SPI Speed      : 40MHz[0m
[0;32mI (44) boot.esp32: SPI Mode       : DIO[0m
[0;32mI (48) boot.esp32: SPI Flash Size : 2MB[0m
[0;32mI (53) boot: Enabling RNG early entropy source...[0m
[0;32mI (58) boot: Partition Table:[0m
[0;32mI (62) boot: ## Label            Usage          Type ST Offset   Length[0m
[0;32mI (69) boot:  0 nvs              WiFi data        01 02 00009000 00006000[0m
[0;32mI (76) boot:  1 phy_init         RF data          01 01 0000f000 00001000[0m
[0;32mI (84) boot:  2 factory          factory app      00 00 00010000 00100000[0m
[0;32mI (91) boot: End of partition table[0m
[0;32mI (96) esp_image: segment 0: paddr=00010020 vaddr=3f400020 size=0ceb4h ( 52916) map[0m
[0;32mI (122) esp_image: segment 1: paddr=0001cedc vaddr=3ffb0000 size=02370h (  9072) load[0m
[0;32mI (126) esp_image: segment 2: paddr=0001f254 vaddr=40080000 size=00dc4h (  3524) load[0m
[0;32mI (129) esp_image: segment 3: paddr=00020020 vaddr=400d0020 size=1ba48h (113224) map[0m
[0;32mI (175) esp_image: segment 4: paddr=0003ba70 vaddr=40080dc4 size=0d40ch ( 54284) load[0m
[0;32mI (204) boot: Loaded app from partition at offset 0x10000[0m
[0;32mI (204) boot: Disabling RNG early entropy source...[0m
[0;32mI (215) cpu_start: Multicore app[0m
[0;32mI (224) cpu_start: Pro cpu start user code[0m
[0;32mI (224) cpu_start: cpu freq: 160000000 Hz[0m
[0;32mI (224) cpu_start: Application information:[0m
[0;32mI (227) cpu_start: Project name:     demo_sophia[0m
[0;32mI (233) cpu_start: App version:      e213c6e-dirty[0m
[0;32mI (238) cpu_start: Compile time:     Dec 23 2023 16:25:04[0m
[0;32mI (244) cpu_start: ELF file SHA256:  a8f16eac1...[0m
[0;32mI (250) cpu_start: ESP-IDF:          v5.3-dev-1043-g8c9e29898f[0m
[0;32mI (256) cpu_start: Min chip rev:     v0.0[0m
[0;32mI (261) cpu_start: Max chip rev:     v3.99 [0m
[0;32mI (266) cpu_start: Chip rev:         v3.0[0m
[0;32mI (271) heap_init: Initializing. RAM available for dynamic allocation:[0m
[0;32mI (278) heap_init: At 3FFAE6E0 len 00001920 (6 KiB): DRAM[0m
[0;32mI (284) heap_init: At 3FFB2D50 len 0002D2B0 (180 KiB): DRAM[0m
[0;32mI (290) heap_init: At 3FFE0440 len 00003AE0 (14 KiB): D/IRAM[0m
[0;32mI (296) heap_init: At 3FFE4350 len 0001BCB0 (111 KiB): D/IRAM[0m
[0;32mI (303) heap_init: At 4008E1D0 len 00011E30 (71 KiB): IRAM[0m
[0;32mI (310) spi_flash: detected chip: generic[0m
[0;32mI (314) spi_flash: flash io: dio[0m
[0;33mW (318) spi_flash: Detected size(4096k) larger than the size in the binary image header(2048k). Using the size in the binary image header.[0m
[0;33mW (331) i2c: This driver is an old driver, please migrate your application code to adapt `driver/i2c_master.h`[0m
[0;32mI (342) main_task: Started on CPU0[0m
[0;32mI (352) main_task: Calling app_main()[0m
[0;32mI (352) gpio: GPIO[32]| InputEn: 0| OutputEn: 0| OpenDrain: 0| Pullup: 1| Pulldown: 0| Intr:0 [0m
[0;32mI (352) gpio: GPIO[35]| InputEn: 0| OutputEn: 0| OpenDrain: 0| Pullup: 1| Pulldown: 0| Intr:0 [0m
[0;32mI (362) gpio: GPIO[18]| InputEn: 0| OutputEn: 0| OpenDrain: 0| Pullup: 1| Pulldown: 0| Intr:0 [0m
[0;32mI (372) mpu9250: Initializating MPU9250[0m
ESP_ERROR_CHECK failed: esp_err_t 0x107 (ESP_ERR_TIMEOUT) at 0x400d85e7
file: "./components/mpu9250/mpu9250.c" line 64
func: i2c_mpu9250_init
expression: i2c_write_bit(I2C_MASTER_NUM, MPU9250_I2C_ADDR, MPU9250_RA_PWR_MGMT_1, MPU9250_PWR1_DEVICE_RESET_BIT, 1)

abort() was called at PC 0x40086c67 on core 0


Backtrace: 0x4008197e:0x3ffb4ee0 0x40086c71:0x3ffb4f00 0x4008cb41:0x3ffb4f20 0x40086c67:0x3ffb4f90 0x400d85e7:0x3ffb4fc0 0x400d6982:0x3ffb4fe0 0x400d6795:0x3ffb5010 0x400eb1f8:0x3ffb5050 0x40087719:0x3ffb5080




ELF file SHA256: a8f16eac1

Rebooting...
ets Jul 29 2019 12:21:46

rst:0xc (SW_CPU_RESET),boot:0x13 (SPI_FAST_FLASH_BOOT)
configsip: 0, SPIWP:0xee
clk_drv:0x00,q_drv:0x00,d_drv:0x00,cs0_drv:0x00,hd_drv:0x00,wp_drv:0x00
mode:DIO, clock div:2
load:0x3fff0030,len:7172
load:0x40078000,len:15532
load:0x40080400,len:4
load:0x40080404,len:3904
entry 0x40080640
[0;32mI (29) boot: ESP-IDF v5.3-dev-1043-g8c9e29898f 2nd stage bootloader[0m
[0;32mI (29) boot: compile time Dec 23 2023 16:25:19[0m
[0;32mI (31) boot: Multicore bootloader[0m
[0;32mI (35) boot: chip revision: v3.0[0m
[0;32mI (39) boot.esp32: SPI Speed      : 40MHz[0m
[0;32mI (44) boot.esp32: SPI Mode       : DIO[0m
[0;32mI (48) boot.esp32: SPI Flash Size : 2MB[0m
[0;32mI (53) boot: Enabling RNG early entropy source...[0m
[0;32mI (58) boot: Partition Table:[0m
[0;32mI (62) boot: ## Label            Usage          Type ST Offset   Length[0m
[0;32mI (69) boot:  0 nvs              WiFi data        01 02 00009000 00006000[0m
[0;32mI (76) boot:  1 phy_init         RF data          01 01 0000f000 00001000[0m
[0;32mI (84) boot:  2 factory          factory app      00 00 00010000 00100000[0m
[0;32mI (91) boot: End of partition table[0m
[0;32mI (96) esp_image: segment 0: paddr=00010020 vaddr=3f400020 size=0ceb4h ( 52916) map[0m
[0;32mI (122) esp_image: segment 1: paddr=0001cedc vaddr=3ffb0000 size=02370h (  9072) load[0m
[0;32mI (126) esp_image: segment 2: paddr=0001f254 vaddr=40080000 size=00dc4h (  3524) load[0m
[0;32mI (129) esp_image: segment 3: paddr=00020020 vaddr=400d0020 size=1ba48h (113224) map[0m
[0;32mI (175) esp_image: segment 4: paddr=0003ba70 vaddr=40080dc4 size=0d40ch ( 54284) load[0m
[0;32mI (204) boot: Loaded app from partition at offset 0x10000[0m
[0;32mI (204) boot: Disabling RNG early entropy source...[0m
[0;32mI (215) cpu_start: Multicore app[0m
[0;32mI (224) cpu_start: Pro cpu start user code[0m
[0;32mI (224) cpu_start: cpu freq: 160000000 Hz[0m
[0;32mI (224) cpu_start: Application information:[0m
[0;32mI (227) cpu_start: Project name:     demo_sophia[0m
[0;32mI (233) cpu_start: App version:      e213c6e-dirty[0m
[0;32mI (238) cpu_start: Compile time:     Dec 23 2023 16:25:04[0m
[0;32mI (244) cpu_start: ELF file SHA256:  a8f16eac1...[0m
[0;32mI (250) cpu_start: ESP-IDF:          v5.3-dev-1043-g8c9e29898f[0m
[0;32mI (256) cpu_start: Min chip rev:     v0.0[0m
[0;32mI (261) cpu_start: Max chip rev:     v3.99 [0m
[0;32mI (266) cpu_start: Chip rev:         v3.0[0m
[0;32mI (271) heap_init: Initializing. RAM available for dynamic allocation:[0m
[0;32mI (278) heap_init: At 3FFAE6E0 len 00001920 (6 KiB): DRAM[0m
[0;32mI (284) heap_init: At 3FFB2D50 len 0002D2B0 (180 KiB): DRAM[0m
[0;32mI (290) heap_init: At 3FFE0440 len 00003AE0 (14 KiB): D/IRAM[0m
[0;32mI (296) heap_init: At 3FFE4350 len 0001BCB0 (111 KiB): D/IRAM[0m
[0;32mI (303) heap_init: At 4008E1D0 len 00011E30 (71 KiB): IRAM[0m
[0;32mI (310) spi_flash: detected chip: generic[0m
[0;32mI (314) spi_flash: flash io: dio[0m
[0;33mW (317) spi_flash: Detected size(4096k) larger than the size in the binary image header(2048k). Using the size in the binary image header.[0m
[0;33mW (331) i2c: This driver is an old driver, please migrate your application code to adapt `driver/i2c_master.h`[0m
[0;32mI (342) main_task: Started on CPU0[0m
[0;32mI (352) main_task: Calling app_main()[0m
[0;32mI (352) gpio: GPIO[32]| InputEn: 0| OutputEn: 0| OpenDrain: 0| Pullup: 1| Pulldown: 0| Intr:0 [0m
[0;32mI (352) gpio: GPIO[35]| InputEn: 0| OutputEn: 0| OpenDrain: 0| Pullup: 1| Pulldown: 0| Intr:0 [0m
[0;32mI (362) gpio: GPIO[18]| InputEn: 0| OutputEn: 0| OpenDrain: 0| Pullup: 1| Pulldown: 0| Intr:0 [0m
[0;32mI (372) mpu9250: Initializating MPU9250[0m
ESP_ERROR_CHECK failed: esp_err_t 0x107 (ESP_ERR_TIMEOUT) at 0x400d85e7
file: "./components/mpu9250/mpu9250.c" line 64
func: i2c_mpu9250_init
expression: i2c_write_bit(I2C_MASTER_NUM, MPU9250_I2C_ADDR, MPU9250_RA_PWR_MGMT_1, MPU9250_PWR1_DEVICE_RESET_BIT, 1)

abort() was called at PC 0x40086c67 on core 0


Backtrace: 0x4008197e:0x3ffb4ee0 0x40086c71:0x3ffb4f00 0x4008cb41:0x3ffb4f20 0x40086c67:0x3ffb4f90 0x400d85e7:0x3ffb4fc0 0x400d6982:0x3ffb4fe0 0x400d6795:0x3ffb5010 0x400eb1f8:0x3ffb5050 0x40087719:0x3ffb5080




ELF file SHA256: a8f16eac1

Rebooting...
ets Jul 29 2019 12:21:46

rst:0xc (SW_CPU_RESET),boot:0x13 (SPI_FAST_FLASH_BOOT)
configsip: 0, SPIWP:0xee
clk_drv:0x00,q_drv:0x00,d_drv:0x00,cs0_drv:0x00,hd_drv:0x00,wp_drv:0x00
mode:DIO, clock div:2
load:0x3fff0030,len:7172
load:0x40078000,len:15532
load:0x40080400,len:4
load:0x40080404,len:3904
entry 0x40080640
[0;32mI (29) boot: ESP-IDF v5.3-dev-1043-g8c9e29898f 2nd stage bootloader[0m
[0;32mI (29) boot: compile time Dec 23 2023 16:25:19[0m
[0;32mI (31) boot: Multicore bootloader[0m
[0;32mI (35) boot: chip revision: v3.0[0m
[0;32mI (39) boot.esp32: SPI Speed      : 40MHz[0m
[0;32mI (44) boot.esp32: SPI Mode       : DIO[0m
[0;32mI (48) boot.esp32: SPI Flash Size : 2MB[0m
[0;32mI (53) boot: Enabling RNG early entropy source...[0m
[0;32mI (58) boot: Partition Table:[0m
[0;32mI (62) boot: ## Label            Usage          Type ST Offset   Length[0m
[0;32mI (69) boot:  0 nvs              WiFi data        01 02 00009000 00006000[0m
[0;32mI (76) boot:  1 phy_init         RF data          01 01 0000f000 00001000[0m
[0;32mI (84) boot:  2 factory          factory app      00 00 00010000 00100000[0m
[0;32mI (91) boot: End of partition table[0m
[0;32mI (96) esp_image: segment 0: paddr=00010020 vaddr=3f400020 size=0ceb4h ( 52916) map[0m
[0;32mI (122) esp_image: segment 1: paddr=0001cedc vaddr=3ffb0000 size=02370h (  9072) load[0m
[0;32mI (126) esp_image: segment 2: paddr=0001f254 vaddr=40080000 size=00dc4h (  3524) load[0m
[0;32mI (129) esp_image: segment 3: paddr=00020020 vaddr=400d0020 size=1ba48h (113224) map[0m
[0;32mI (175) esp_image: segment 4: paddr=0003ba70 vaddr=40080dc4 size=0d40ch ( 54284) load[0m
[0;32mI (204) boot: Loaded app from partition at offset 0x10000[0m
[0;32mI (204) boot: Disabling RNG early entropy source...[0m
[0;32mI (215) cpu_start: Multicore app[0m
[0;32mI (224) cpu_start: Pro cpu start user code[0m
[0;32mI (224) cpu_start: cpu freq: 160000000 Hz[0m
[0;32mI (224) cpu_start: Application information:[0m
[0;32mI (227) cpu_start: Project name:     demo_sophia[0m
[0;32mI (233) cpu_start: App version:      e213c6e-dirty[0m
[0;32mI (238) cpu_start: Compile time:     Dec 23 2023 16:25:04[0m
[0;32mI (244) cpu_start: ELF file SHA256:  a8f16eac1...[0m
[0;32mI (250) cpu_start: ESP-IDF:          v5.3-dev-1043-g8c9e29898f[0m
[0;32mI (256) cpu_start: Min chip rev:     v0.0[0m
[0;32mI (261) cpu_start: Max chip rev:     v3.99 [0m
[0;32mI (266) cpu_start: Chip rev:         v3.0[0m
[0;32mI (271) heap_init: Initializing. RAM available for dynamic allocation:[0m
[0;32mI (278) heap_init: At 3FFAE6E0 len 00001920 (6 KiB): DRAM[0m
[0;32mI (284) heap_init: At 3FFB2D50 len 0002D2B0 (180 KiB): DRAM[0m
[0;32mI (290) heap_init: At 3FFE0440 len 00003AE0 (14 KiB): D/IRAM[0m
[0;32mI (296) heap_init: At 3FFE4350 len 0001BCB0 (111 KiB): D/IRAM[0m
[0;32mI (303) heap_init: At 4008E1D0 len 00011E30 (71 KiB): IRAM[0m
[0;32mI (310) spi_flash: detected chip: generic[0m
[0;32mI (314) spi_flash: flash io: dio[0m
[0;33mW (318) spi_flash: Detected size(4096k) larger than the size in the binary image header(2048k). Using the size in the binary image header.[0m
[0;33mW (331) i2c: This driver is an old driver, please migrate your application code to adapt `driver/i2c_master.h`[0m
[0;32mI (342) main_task: Started on CPU0[0m
[0;32mI (352) main_task: Calling app_main()[0m
[0;32mI (352) gpio: GPIO[32]| InputEn: 0| OutputEn: 0| OpenDrain: 0| Pullup: 1| Pulldown: 0| Intr:0 [0m
[0;32mI (352) gpio: GPIO[35]| InputEn: 0| OutputEn: 0| OpenDrain: 0| Pullup: 1| Pulldown: 0| Intr:0 [0m
[0;32mI (362) gpio: GPIO[18]| InputEn: 0| OutputEn: 0| OpenDrain: 0| Pullup: 1| Pulldown: 0| Intr:0 [0m
[0;32mI (372) mpu9250: Initializating MPU9250[0m
ESP_ERROR_CHECK failed: esp_err_t 0x107 (ESP_ERR_TIMEOUT) at 0x400d85e7
file: "./components/mpu9250/mpu9250.c" line 64
func: i2c_mpu9250_init
expression: i2c_write_bit(I2C_MASTER_NUM, MPU9250_I2C_ADDR, MPU9250_RA_PWR_MGMT_1, MPU9250_PWR1_DEVICE_RESET_BIT, 1)

abort() was called at PC 0x40086c67 on core 0


Backtrace: 0x4008197e:0x3ffb4ee0 0x40086c71:0x3ffb4f00 0x4008cb41:0x3ffb4f20 0x40086c67:0x3ffb4f90 0x400d85e7:0x3ffb4fc0 0x400d6982:0x3ffb4fe0 0x400d6795:0x3ffb5010 0x400eb1f8:0x3ffb5050 0x40087719:0x3ffb5080




ELF file SHA256: a8f16eac1

Rebooting...
ets Jul 29 2019 12:21:46

rst:0xc (SW_CPU_RESET),boot:0x13 (SPI_FAST_FLASH_BOOT)
configsip: 0, SPIWP:0xee
clk_drv:0x00,q_drv:0x00,d_drv:0x00,cs0_drv:0x00,hd_drv:0x00,wp_drv:0x00
mode:DIO, clock div:2
load:0x3fff0030,len:7172
load:0x40078000,len:15532
load:0x40080400,len:4
load:0x40080404,len:3904
entry 0x40080640
[0;32mI (29) boot: ESP-IDF v5.3-dev-1043-g8c9e29898f 2nd stage bootloader[0m
[0;32mI (29) boot: compile time Dec 23 2023 16:25:19[0m
[0;32mI (31) boot: Multicore bootloader[0m
[0;32mI (35) boot: chip revision: v3.0[0m
[0;32mI (39) boot.esp32: SPI Speed      : 40MHz[0m
[0;32mI (44) boot.esp32: SPI Mode       : DIO[0m
[0;32mI (48) boot.esp32: SPI Flash Size : 2MB[0m
[0;32mI (53) boot: Enabling RNG early entropy source...[0m
[0;32mI (58) boot: Partition Table:[0m
[0;32mI (62) boot: ## Label            Usage          Type ST Offset   Length[0m
[0;32mI (69) boot:  0 nvs              WiFi data        01 02 00009000 00006000[0m
[0;32mI (76) boot:  1 phy_init         RF data          01 01 0000f000 00001000[0m
[0;32mI (84) boot:  2 factory          factory app      00 00 00010000 00100000[0m
[0;32mI (91) boot: End of partition table[0m
[0;32mI (96) esp_image: segment 0: paddr=00010020 vaddr=3f400020 size=0ceb4h ( 52916) map[0m
[0;32mI (122) esp_image: segment 1: paddr=0001cedc vaddr=3ffb0000 size=02370h (  9072) load[0m
[0;32mI (126) esp_image: segment 2: paddr=0001f254 vaddr=40080000 size=00dc4h (  3524) load[0m
[0;32mI (129) esp_image: segment 3: paddr=00020020 vaddr=400d0020 size=1ba48h (113224) map[0m
[0;32mI (175) esp_image: segment 4: paddr=0003ba70 vaddr=40080dc4 size=0d40ch ( 54284) load[0m
[0;32mI (204) boot: Loaded app from partition at offset 0x10000[0m
[0;32mI (204) boot: Disabling RNG early entropy source...[0m
[0;32mI (215) cpu_start: Multicore app[0m
[0;32mI (224) cpu_start: Pro cpu start user code[0m
[0;32mI (224) cpu_start: cpu freq: 160000000 Hz[0m
[0;32mI (224) cpu_start: Application information:[0m
[0;32mI (227) cpu_start: Project name:     demo_sophia[0m
[0;32mI (233) cpu_start: App version:      e213c6e-dirty[0m
[0;32mI (238) cpu_start: Compile time:     Dec 23 2023 16:25:04[0m
[0;32mI (244) cpu_start: ELF file SHA256:  a8f16eac1...[0m
[0;32mI (250) cpu_start: ESP-IDF:          v5.3-dev-1043-g8c9e29898f[0m
[0;32mI (256) cpu_start: Min chip rev:     v0.0[0m
[0;32mI (261) cpu_start: Max chip rev:     v3.99 [0m
[0;32mI (266) cpu_start: Chip rev:         v3.0[0m
[0;32mI (271) heap_init: Initializing. RAM available for dynamic allocation:[0m
[0;32mI (278) heap_init: At 3FFAE6E0 len 00001920 (6 KiB): DRAM[0m
[0;32mI (284) heap_init: At 3FFB2D50 len 0002D2B0 (180 KiB): DRAM[0m
[0;32mI (290) heap_init: At 3FFE0440 len 00003AE0 (14 KiB): D/IRAM[0m
[0;32mI (296) heap_init: At 3FFE4350 len 0001BCB0 (111 KiB): D/IRAM[0m
[0;32mI (303) heap_init: At 4008E1D0 len 00011E30 (71 KiB): IRAM[0m
[0;32mI (310) spi_flash: detected chip: generic[0m
[0;32mI (314) spi_flash: flash io: dio[0m
[0;33mW (317) spi_flash: Detected size(4096k) larger than the size in the binary image header(2048k). Using the size in the binary image header.[0m
[0;33mW (331) i2c: This driver is an old driver, please migrate your application code to adapt `driver/i2c_master.h`[0m
[0;32mI (342) main_task: Started on CPU0[0m
[0;32mI (352) main_task: Calling app_main()[0m
[0;32mI (352) gpio: GPIO[32]| InputEn: 0| OutputEn: 0| OpenDrain: 0| Pullup: 1| Pulldown: 0| Intr:0 [0m
[0;32mI (352) gpio: GPIO[35]| InputEn: 0| OutputEn: 0| OpenDrain: 0| Pullup: 1| Pulldown: 0| Intr:0 [0m
[0;32mI (362) gpio: GPIO[18]| InputEn: 0| OutputEn: 0| OpenDrain: 0| Pullup: 1| Pulldown: 0| Intr:0 [0m
[0;32mI (372) mpu9250: Initializating MPU9250[0m
ESP_ERROR_CHECK failed: esp_err_t 0x107 (ESP_ERR_TIMEOUT) at 0x400d85e7
file: "./components/mpu9250/mpu9250.c" line 64
func: i2c_mpu9250_init
expression: i2c_write_bit(I2C_MASTER_NUM, MPU9250_I2C_ADDR, MPU9250_RA_PWR_MGMT_1, MPU9250_PWR1_DEVICE_RESET_BIT, 1)

abort() was called at PC 0x40086c67 on core 0


Backtrace: 0x4008197e:0x3ffb4ee0 0x40086c71:0x3ffb4f00 0x4008cb41:0x3ffb4f20 0x40086c67:0x3ffb4f90 0x400d85e7:0x3ffb4fc0 0x400d6982:0x3ffb4fe0 0x400d6795:0x3ffb5010 0x400eb1f8:0x3ffb5050 0x40087719:0x3ffb5080




ELF file SHA256: a8f16eac1

Rebooting...
ets Jul 29 2019 12:21:46

rst:0xc (SW_CPU_RESET),boot:0x13 (SPI_FAST_FLASH_BOOT)
configsip: 0, SPIWP:0xee
clk_drv:0x00,q_drv:0x00,d_drv:0x00,cs0_drv:0x00,hd_drv:0x00,wp_drv:0x00
mode:DIO, clock div:2
load:0x3fff0030,len:7172
load:0x40078000,len:15532
load:0x40080400,len:4
load:0x40080404,len:3904
entry 0x40080640
[0;32mI (29) boot: ESP-IDF v5.3-dev-1043-g8c9e29898f 2nd stage bootloader[0m
[0;32mI (29) boot: compile time Dec 23 2023 16:25:19[0m
[0;32mI (31) boot: Multicore bootloader[0m
[0;32mI (35) boot: chip revision: v3.0[0m
[0;32mI (39) boot.esp32: SPI Speed      : 40MHz[0m
[0;32mI (44) boot.esp32: SPI Mode       : DIO[0m
[0;32mI (48) boot.esp32: SPI Flash Size : 2MB[0m
[0;32mI (53) boot: Enabling RNG early entropy source...[0m
[0;32mI (58) boot: Partition Table:[0m
[0;32mI (62) boot: ## Label            Usage          Type ST Offset   Length[0m
[0;32mI (69) boot:  0 nvs              WiFi data        01 02 00009000 00006000[0m
[0;32mI (76) boot:  1 phy_init         RF data          01 01 0000f000 00001000[0m
[0;32mI (84) boot:  2 factory          factory app      00 00 00010000 00100000[0m
[0;32mI (91) boot: End of partition table[0m
[0;32mI (96) esp_image: segment 0: paddr=00010020 vaddr=3f400020 size=0ceb4h ( 52916) map[0m
[0;32mI (122) esp_image: segment 1: paddr=0001cedc vaddr=3ffb0000 size=02370h (  9072) load[0m
[0;32mI (126) esp_image: segment 2: paddr=0001f254 vaddr=40080000 size=00dc4h (  3524) load[0m
[0;32mI (129) esp_image: segment 3: paddr=00020020 vaddr=400d0020 size=1ba48h (113224) map[0m
[0;32mI (175) esp_image: segment 4: paddr=0003ba70 vaddr=40080dc4 size=0d40ch ( 54284) load[0m
[0;32mI (204) boot: Loaded app from partition at offset 0x10000[0m
[0;32mI (204) boot: Disabling RNG early entropy source...[0m
[0;32mI (215) cpu_start: Multicore app[0m
[0;32mI (224) cpu_start: Pro cpu start user code[0m
[0;32mI (224) cpu_start: cpu freq: 160000000 Hz[0m
[0;32mI (224) cpu_start: Application information:[0m
[0;32mI (227) cpu_start: Project name:     demo_sophia[0m
[0;32mI (233) cpu_start: App version:      e213c6e-dirty[0m
[0;32mI (238) cpu_start: Compile time:     Dec 23 2023 16:25:04[0m
[0;32mI (244) cpu_start: ELF file SHA256:  a8f16eac1...[0m
[0;32mI (250) cpu_start: ESP-IDF:          v5.3-dev-1043-g8c9e29898f[0m
[0;32mI (256) cpu_start: Min chip rev:     v0.0[0m
[0;32mI (261) cpu_start: Max chip rev:     v3.99 [0m
[0;32mI (266) cpu_start: Chip rev:         v3.0[0m
[0;32mI (271) heap_init: Initializing. RAM available for dynamic allocation:[0m
[0;32mI (278) heap_init: At 3FFAE6E0 len 00001920 (6 KiB): DRAM[0m
[0;32mI (284) heap_init: At 3FFB2D50 len 0002D2B0 (180 KiB): DRAM[0m
[0;32mI (290) heap_init: At 3FFE0440 len 00003AE0 (14 KiB): D/IRAM[0m
[0;32mI (296) heap_init: At 3FFE4350 len 0001BCB0 (111 KiB): D/IRAM[0m
[0;32mI (303) heap_init: At 4008E1D0 len 00011E30 (71 KiB): IRAM[0m
[0;32mI (310) spi_flash: detected chip: generic[0m
[0;32mI (314) spi_flash: flash io: dio[0m
[0;33mW (317) spi_flash: Detected size(4096k) larger than the size in the binary image header(2048k). Using the size in the binary image header.[0m
[0;33mW (331) i2c: This driver is an old driver, please migrate your application code to adapt `driver/i2c_master.h`[0m
[0;32mI (342) main_task: Started on CPU0[0m
[0;32mI (352) main_task: Calling app_main()[0m
[0;32mI (352) gpio: GPIO[32]| InputEn: 0| OutputEn: 0| OpenDrain: 0| Pullup: 1| Pulldown: 0| Intr:0 [0m
[0;32mI (352) gpio: GPIO[35]| InputEn: 0| OutputEn: 0| OpenDrain: 0| Pullup: 1| Pulldown: 0| Intr:0 [0m
[0;32mI (362) gpio: GPIO[18]| InputEn: 0| OutputEn: 0| OpenDrain: 0| Pullup: 1| Pulldown: 0| Intr:0 [0m
[0;32mI (372) mpu9250: Initializating MPU9250[0m
ESP_ERROR_CHECK failed: esp_err_t 0x107 (ESP_ERR_TIMEOUT) at 0x400d85e7
file: "./components/mpu9250/mpu9250.c" line 64
func: i2c_mpu9250_init
expression: i2c_write_bit(I2C_MASTER_NUM, MPU9250_I2C_ADDR, MPU9250_RA_PWR_MGMT_1, MPU9250_PWR1_DEVICE_RESET_BIT, 1)

abort() was called at PC 0x40086c67 on core 0


Backtrace: 0x4008197e:0x3ffb4ee0 0x40086c71:0x3ffb4f00 0x4008cb41:0x3ffb4f20 0x40086c67:0x3ffb4f90 0x400d85e7:0x3ffb4fc0 0x400d6982:0x3ffb4fe0 0x400d6795:0x3ffb5010 0x400eb1f8:0x3ffb5050 0x40087719:0x3ffb5080




ELF file SHA256: a8f16eac1

Rebooting...
ets Jul 29 2019 12:21:46

rst:0xc (SW_CPU_RESET),boot:0x13 (SPI_FAST_FLASH_BOOT)
configsip: 0, SPIWP:0xee
clk_drv:0x00,q_drv:0x00,d_drv:0x00,cs0_drv:0x00,hd_drv:0x00,wp_drv:0x00
mode:DIO, clock div:2
load:0x3fff0030,len:7172
load:0x40078000,len:15532
load:0x40080400,len:4
load:0x40080404,len:3904
entry 0x40080640
[0;32mI (29) boot: ESP-IDF v5.3-dev-1043-g8c9e29898f 2nd stage bootloader[0m
[0;32mI (29) boot: compile time Dec 23 2023 16:25:19[0m
[0;32mI (31) boot: Multicore bootloader[0m
[0;32mI (35) boot: chip revision: v3.0[0m
[0;32mI (39) boot.esp32: SPI Speed      : 40MHz[0m
[0;32mI (44) boot.esp32: SPI Mode       : DIO[0m
[0;32mI (48) boot.esp32: SPI Flash Size : 2MB[0m
[0;32mI (53) boot: Enabling RNG early entropy source...[0m
[0;32mI (58) boot: Partition Table:[0m
[0;32mI (62) boot: ## Label            Usage          Type ST Offset   Length[0m
[0;32mI (69) boot:  0 nvs              WiFi data        01 02 00009000 00006000[0m
[0;32mI (76) boot:  1 phy_init         RF data          01 01 0000f000 00001000[0m
[0;32mI (84) boot:  2 factory          factory app      00 00 00010000 00100000[0m
[0;32mI (91) boot: End of partition table[0m
[0;32mI (96) esp_image: segment 0: paddr=00010020 vaddr=3f400020 size=0ceb4h ( 52916) map[0m
[0;32mI (122) esp_image: segment 1: paddr=0001cedc vaddr=3ffb0000 size=02370h (  9072) load[0m
[0;32mI (126) esp_image: segment 2: paddr=0001f254 vaddr=40080000 size=00dc4h (  3524) load[0m
[0;32mI (129) esp_image: segment 3: paddr=00020020 vaddr=400d0020 size=1ba48h (113224) map[0m
[0;32mI (175) esp_image: segment 4: paddr=0003ba70 vaddr=40080dc4 size=0d40ch ( 54284) load[0m
[0;32mI (204) boot: Loaded app from partition at offset 0x10000[0m
[0;32mI (204) boot: Disabling RNG early entropy source...[0m
[0;32mI (215) cpu_start: Multicore app[0m
[0;32mI (224) cpu_start: Pro cpu start user code[0m
[0;32mI (224) cpu_start: cpu freq: 160000000 Hz[0m
[0;32mI (224) cpu_start: Application information:[0m
[0;32mI (227) cpu_start: Project name:     demo_sophia[0m
[0;32mI (233) cpu_start: App version:      e213c6e-dirty[0m
[0;32mI (238) cpu_start: Compile time:     Dec 23 2023 16:25:04[0m
[0;32mI (244) cpu_start: ELF file SHA256:  a8f16eac1...[0m
[0;32mI (250) cpu_start: ESP-IDF:          v5.3-dev-1043-g8c9e29898f[0m
[0;32mI (256) cpu_start: Min chip rev:     v0.0[0m
[0;32mI (261) cpu_start: Max chip rev:     v3.99 [0m
[0;32mI (266) cpu_start: Chip rev:         v3.0[0m
[0;32mI (271) heap_init: Initializing. RAM available for dynamic allocation:[0m
[0;32mI (278) heap_init: At 3FFAE6E0 len 00001920 (6 KiB): DRAM[0m
[0;32mI (284) heap_init: At 3FFB2D50 len 0002D2B0 (180 KiB): DRAM[0m
[0;32mI (290) heap_init: At 3FFE0440 len 00003AE0 (14 KiB): D/IRAM[0m
[0;32mI (296) heap_init: At 3FFE4350 len 0001BCB0 (111 KiB): D/IRAM[0m
[0;32mI (303) heap_init: At 4008E1D0 len 00011E30 (71 KiB): IRAM[0m
[0;32mI (310) spi_flash: detected chip: generic[0m
[0;32mI (314) spi_flash: flash io: dio[0m
[0;33mW (318) spi_flash: Detected size(4096k) larger than the size in the binary image header(2048k). Using the size in the binary image header.[0m
[0;33mW (331) i2c: This driver is an old driver, please migrate your application code to adapt `driver/i2c_master.h`[0m
[0;32mI (342) main_task: Started on CPU0[0m
[0;32mI (352) main_task: Calling app_main()[0m
[0;32mI (352) gpio: GPIO[32]| InputEn: 0| OutputEn: 0| OpenDrain: 0| Pullup: 1| Pulldown: 0| Intr:0 [0m
[0;32mI (352) gpio: GPIO[35]| InputEn: 0| OutputEn: 0| OpenDrain: 0| Pullup: 1| Pulldown: 0| Intr:0 [0m
[0;32mI (362) gpio: GPIO[18]| InputEn: 0| OutputEn: 0| OpenDrain: 0| Pullup: 1| Pulldown: 0| Intr:0 [0m
[0;32mI (372) mpu9250: Initializating MPU9250[0m
ESP_ERROR_CHECK failed: esp_err_t 0x107 (ESP_ERR_TIMEOUT) at 0x400d85e7
file: "./components/mpu9250/mpu9250.c" line 64
func: i2c_mpu9250_init
expression: i2c_write_bit(I2C_MASTER_NUM, MPU9250_I2C_ADDR, MPU9250_RA_PWR_MGMT_1, MPU9250_PWR1_DEVICE_RESET_BIT, 1)

abort() was called at PC 0x40086c67 on core 0


Backtrace: 0x4008197e:0x3ffb4ee0 0x40086c71:0x3ffb4f00 0x4008cb41:0x3ffb4f20 0x40086c67:0x3ffb4f90 0x400d85e7:0x3ffb4fc0 0x400d6982:0x3ffb4fe0 0x400d6795:0x3ffb5010 0x400eb1f8:0x3ffb5050 0x40087719:0x3ffb5080




ELF file SHA256: a8f16eac1

Rebooting...
ets Jul 29 2019 12:21:46

rst:0xc (SW_CPU_RESET),boot:0x13 (SPI_FAST_FLASH_BOOT)
configsip: 0, SPIWP:0xee
clk_drv:0x00,q_drv:0x00,d_drv:0x00,cs0_drv:0x00,hd_drv:0x00,wp_drv:0x00
mode:DIO, clock div:2
load:0x3fff0030,len:7172
load:0x40078000,len:15532
load:0x40080400,len:4
load:0x40080404,len:3904
entry 0x40080640
[0;32mI (29) boot: ESP-IDF v5.3-dev-1043-g8c9e29898f 2nd stage bootloader[0m
[0;32mI (29) boot: compile time Dec 23 2023 16:25:19[0m
[0;32mI (31) boot: Multicore bootloader[0m
[0;32mI (35) boot: chip revision: v3.0[0m
[0;32mI (39) boot.esp32: SPI Speed      : 40MHz[0m
[0;32mI (44) boot.esp32: SPI Mode       : DIO[0m
[0;32mI (48) boot.esp32: SPI Flash Size : 2MB[0m
[0;32mI (53) boot: Enabling RNG early entropy source...[0m
[0;32mI (58) boot: Partition Table:[0m
[0;32mI (62) boot: ## Label            Usage          Type ST Offset   Length[0m
[0;32mI (69) boot:  0 nvs              WiFi data        01 02 00009000 00006000[0m
[0;32mI (76) boot:  1 phy_init         RF data          01 01 0000f000 00001000[0m
[0;32mI (84) boot:  2 factory          factory app      00 00 00010000 00100000[0m
[0;32mI (91) boot: End of partition table[0m
[0;32mI (96) esp_image: segment 0: paddr=00010020 vaddr=3f400020 size=0ceb4h ( 52916) map[0m
[0;32mI (122) esp_image: segment 1: paddr=0001cedc vaddr=3ffb0000 size=02370h (  9072) load[0m
[0;32mI (126) esp_image: segment 2: paddr=0001f254 vaddr=40080000 size=00dc4h (  3524) load[0m
[0;32mI (129) esp_image: segment 3: paddr=00020020 vaddr=400d0020 size=1ba48h (113224) map[0m
[0;32mI (175) esp_image: segment 4: paddr=0003ba70 vaddr=40080dc4 size=0d40ch ( 54284) load[0m
[0;32mI (204) boot: Loaded app from partition at offset 0x10000[0m
[0;32mI (204) boot: Disabling RNG early entropy source...[0m
[0;32mI (215) cpu_start: Multicore app[0m
[0;32mI (224) cpu_start: Pro cpu start user code[0m
[0;32mI (224) cpu_start: cpu freq: 160000000 Hz[0m
[0;32mI (224) cpu_start: Application information:[0m
[0;32mI (227) cpu_start: Project name:     demo_sophia[0m
[0;32mI (233) cpu_start: App version:      e213c6e-dirty[0m
[0;32mI (238) cpu_start: Compile time:     Dec 23 2023 16:25:04[0m
[0;32mI (244) cpu_start: ELF file SHA256:  a8f16eac1...[0m
[0;32mI (250) cpu_start: ESP-IDF:          v5.3-dev-1043-g8c9e29898f[0m
[0;32mI (256) cpu_start: Min chip rev:     v0.0[0m
[0;32mI (261) cpu_start: Max chip rev:     v3.99 [0m
[0;32mI (266) cpu_start: Chip rev:         v3.0[0m
[0;32mI (271) heap_init: Initializing. RAM available for dynamic allocation:[0m
[0;32mI (278) heap_init: At 3FFAE6E0 len 00001920 (6 KiB): DRAM[0m
[0;32mI (284) heap_init: At 3FFB2D50 len 0002D2B0 (180 KiB): DRAM[0m
[0;32mI (290) heap_init: At 3FFE0440 len 00003AE0 (14 KiB): D/IRAM[0m
[0;32mI (296) heap_init: At 3FFE4350 len 0001BCB0 (111 KiB): D/IRAM[0m
[0;32mI (303) heap_init: At 4008E1D0 len 00011E30 (71 KiB): IRAM[0m
[0;32mI (310) spi_flash: detected chip: generic[0m
[0;32mI (314) spi_flash: flash io: dio[0m
[0;33mW (318) spi_flash: Detected size(4096k) larger than the size in the binary image header(2048k). Using the size in the binary image header.[0m
[0;33mW (331) i2c: This driver is an old driver, please migrate your application code to adapt `driver/i2c_master.h`[0m
[0;32mI (342) main_task: Started on CPU0[0m
[0;32mI (352) main_task: Calling app_main()[0m
[0;32mI (352) gpio: GPIO[32]| InputEn: 0| OutputEn: 0| OpenDrain: 0| Pullup: 1| Pulldown: 0| Intr:0 [0m
[0;32mI (352) gpio: GPIO[35]| InputEn: 0| OutputEn: 0| OpenDrain: 0| Pullup: 1| Pulldown: 0| Intr:0 [0m
[0;32mI (362) gpio: GPIO[18]| InputEn: 0| OutputEn: 0| OpenDrain: 0| Pullup: 1| Pulldown: 0| Intr:0 [0m
[0;32mI (372) mpu9250: Initializating MPU9250[0m
ESP_ERROR_CHECK failed: esp_err_t 0x107 (ESP_ERR_TIMEOUT) at 0x400d85e7
file: "./components/mpu9250/mpu9250.c" line 64
func: i2c_mpu9250_init
expression: i2c_write_bit(I2C_MASTER_NUM, MPU9250_I2C_ADDR, MPU9250_RA_PWR_MGMT_1, MPU9250_PWR1_DEVICE_RESET_BIT, 1)

abort() was called at PC 0x40086c67 on core 0


Backtrace: 0x4008197e:0x3ffb4ee0 0x40086c71:0x3ffb4f00 0x4008cb41:0x3ffb4f20 0x40086c67:0x3ffb4f90 0x400d85e7:0x3ffb4fc0 0x400d6982:0x3ffb4fe0 0x400d6795:0x3ffb5010 0x400eb1f8:0x3ffb5050 0x40087719:0x3ffb5080




ELF file SHA256: a8f16eac1

Rebooting...
ets Jul 29 2019 12:21:46

rst:0xc (SW_CPU_RESET),boot:0x13 (SPI_FAST_FLASH_BOOT)
configsip: 0, SPIWP:0xee
clk_drv:0x00,q_drv:0x00,d_drv:0x00,cs0_drv:0x00,hd_drv:0x00,wp_drv:0x00
mode:DIO, clock div:2
load:0x3fff0030,len:7172
load:0x40078000,len:15532
load:0x40080400,len:4
load:0x40080404,len:3904
entry 0x40080640
[0;32mI (29) boot: ESP-IDF v5.3-dev-1043-g8c9e29898f 2nd stage bootloader[0m
[0;32mI (29) boot: compile time Dec 23 2023 16:25:19[0m
[0;32mI (31) boot: Multicore bootloader[0m
[0;32mI (35) boot: chip revision: v3.0[0m
[0;32mI (39) boot.esp32: SPI Speed      : 40MHz[0m
[0;32mI (44) boot.esp32: SPI Mode       : DIO[0m
[0;32mI (48) boot.esp32: SPI Flash Size : 2MB[0m
[0;32mI (53) boot: Enabling RNG early entropy source...[0m
[0;32mI (58) boot: Partition Table:[0m
[0;32mI (62) boot: ## Label            Usage          Type ST Offset   Length[0m
[0;32mI (69) boot:  0 nvs              WiFi data        01 02 00009000 00006000[0m
[0;32mI (76) boot:  1 phy_init         RF data          01 01 0000f000 00001000[0m
[0;32mI (84) boot:  2 factory          factory app      00 00 00010000 00100000[0m
[0;32mI (91) boot: End of partition table[0m
[0;32mI (96) esp_image: segment 0: paddr=00010020 vaddr=3f400020 size=0ceb4h ( 52916) map[0m
[0;32mI (122) esp_image: segment 1: paddr=0001cedc vaddr=3ffb0000 size=02370h (  9072) load[0m
[0;32mI (126) esp_image: segment 2: paddr=0001f254 vaddr=40080000 size=00dc4h (  3524) load[0m
[0;32mI (129) esp_image: segment 3: paddr=00020020 vaddr=400d0020 size=1ba48h (113224) map[0m
[0;32mI (175) esp_image: segment 4: paddr=0003ba70 vaddr=40080dc4 size=0d40ch ( 54284) load[0m
[0;32mI (204) boot: Loaded app from partition at offset 0x10000[0m
[0;32mI (204) boot: Disabling RNG early entropy source...[0m
[0;32mI (215) cpu_start: Multicore app[0m
[0;32mI (224) cpu_start: Pro cpu start user code[0m
[0;32mI (224) cpu_start: cpu freq: 160000000 Hz[0m
[0;32mI (224) cpu_start: Application information:[0m
[0;32mI (227) cpu_start: Project name:     demo_sophia[0m
[0;32mI (233) cpu_start: App version:      e213c6e-dirty[0m
[0;32mI (238) cpu_start: Compile time:     Dec 23 2023 16:25:04[0m
[0;32mI (244) cpu_start: ELF file SHA256:  a8f16eac1...[0m
[0;32mI (250) cpu_start: ESP-IDF:          v5.3-dev-1043-g8c9e29898f[0m
[0;32mI (256) cpu_start: Min chip rev:     v0.0[0m
[0;32mI (261) cpu_start: Max chip rev:     v3.99 [0m
[0;32mI (266) cpu_start: Chip rev:         v3.0[0m
[0;32mI (271) heap_init: Initializing. RAM available for dynamic allocation:[0m
[0;32mI (278) heap_init: At 3FFAE6E0 len 00001920 (6 KiB): DRAM[0m
[0;32mI (284) heap_init: At 3FFB2D50 len 0002D2B0 (180 KiB): DRAM[0m
[0;32mI (290) heap_init: At 3FFE0440 len 00003AE0 (14 KiB): D/IRAM[0m
[0;32mI (296) heap_init: At 3FFE4350 len 0001BCB0 (111 KiB): D/IRAM[0m
[0;32mI (303) heap_init: At 4008E1D0 len 00011E30 (71 KiB): IRAM[0m
[0;32mI (310) spi_flash: detected chip: generic[0m
[0;32mI (314) spi_flash: flash io: dio[0m
[0;33mW (318) spi_flash: Detected size(4096k) larger than the size in the binary image header(2048k). Using the size in the binary image header.[0m
[0;33mW (331) i2c: This driver is an old driver, please migrate your application code to adapt `driver/i2c_master.h`[0m
[0;32mI (342) main_task: Started on CPU0[0m
[0;32mI (352) main_task: Calling app_main()[0m
[0;32mI (352) gpio: GPIO[32]| InputEn: 0| OutputEn: 0| OpenDrain: 0| Pullup: 1| Pulldown: 0| Intr:0 [0m
[0;32mI (352) gpio: GPIO[35]| InputEn: 0| OutputEn: 0| OpenDrain: 0| Pullup: 1| Pulldown: 0| Intr:0 [0m
[0;32mI (362) gpio: GPIO[18]| InputEn: 0| OutputEn: 0| OpenDrain: 0| Pullup: 1| Pulldown: 0| Intr:0 [0m
[0;32mI (372) mpu9250: Initializating MPU9250[0m
ESP_ERROR_CHECK failed: esp_err_t 0x107 (ESP_ERR_TIMEOUT) at 0x400d85e7
file: "./components/mpu9250/mpu9250.c" line 64
func: i2c_mpu9250_init
expression: i2c_write_bit(I2C_MASTER_NUM, MPU9250_I2C_ADDR, MPU9250_RA_PWR_MGMT_1, MPU9250_PWR1_DEVICE_RESET_BIT, 1)

abort() was called at PC 0x40086c67 on core 0


Backtrace: 0x4008197e:0x3ffb4ee0 0x40086c71:0x3ffb4f00 0x4008cb41:0x3ffb4f20 0x40086c67:0x3ffb4f90 0x400d85e7:0x3ffb4fc0 0x400d6982:0x3ffb4fe0 0x400d6795:0x3ffb5010 0x400eb1f8:0x3ffb5050 0x40087719:0x3ffb5080




ELF file SHA256: a8f16eac1

Rebooting...
ets Jul 29 2019 12:21:46

rst:0xc (SW_CPU_RESET),boot:0x13 (SPI_FAST_FLASH_BOOT)
configsip: 0, SPIWP:0xee
clk_drv:0x00,q_drv:0x00,d_drv:0x00,cs0_drv:0x00,hd_drv:0x00,wp_drv:0x00
mode:DIO, clock div:2
load:0x3fff0030,len:7172
load:0x40078000,len:15532
load:0x40080400,len:4
load:0x40080404,len:3904
entry 0x40080640
[0;32mI (29) boot: ESP-IDF v5.3-dev-1043-g8c9e29898f 2nd stage bootloader[0m
[0;32mI (29) boot: compile time Dec 23 2023 16:25:19[0m
[0;32mI (31) boot: Multicore bootloader[0m
[0;32mI (35) boot: chip revision: v3.0[0m
[0;32mI (39) boot.esp32: SPI Speed      : 40MHz[0m
[0;32mI (44) boot.esp32: SPI Mode       : DIO[0m
[0;32mI (48) boot.esp32: SPI Flash Size : 2MB[0m
[0;32mI (53) boot: Enabling RNG early entropy source...[0m
[0;32mI (58) boot: Partition Table:[0m
[0;32mI (62) boot: ## Label            Usage          Type ST Offset   Length[0m
[0;32mI (69) boot:  0 nvs              WiFi data        01 02 00009000 00006000[0m
[0;32mI (76) boot:  1 phy_init         RF data          01 01 0000f000 00001000[0m
[0;32mI (84) boot:  2 factory          factory app      00 00 00010000 00100000[0m
[0;32mI (91) boot: End of partition table[0m
[0;32mI (96) esp_image: segment 0: paddr=00010020 vaddr=3f400020 size=0ceb4h ( 52916) map[0m
[0;32mI (122) esp_image: segment 1: paddr=0001cedc vaddr=3ffb0000 size=02370h (  9072) load[0m
[0;32mI (126) esp_image: segment 2: paddr=0001f254 vaddr=40080000 size=00dc4h (  3524) load[0m
[0;32mI (129) esp_image: segment 3: paddr=00020020 vaddr=400d0020 size=1ba48h (113224) map[0m
[0;32mI (175) esp_image: segment 4: paddr=0003ba70 vaddr=40080dc4 size=0d40ch ( 54284) load[0m
[0;32mI (204) boot: Loaded app from partition at offset 0x10000[0m
[0;32mI (204) boot: Disabling RNG early entropy source...[0m
[0;32mI (215) cpu_start: Multicore app[0m
[0;32mI (224) cpu_start: Pro cpu start user code[0m
[0;32mI (224) cpu_start: cpu freq: 160000000 Hz[0m
[0;32mI (224) cpu_start: Application information:[0m
[0;32mI (227) cpu_start: Project name:     demo_sophia[0m
[0;32mI (233) cpu_start: App version:      e213c6e-dirty[0m
[0;32mI (238) cpu_start: Compile time:     Dec 23 2023 16:25:04[0m
[0;32mI (244) cpu_start: ELF file SHA256:  a8f16eac1...[0m
[0;32mI (250) cpu_start: ESP-IDF:          v5.3-dev-1043-g8c9e29898f[0m
[0;32mI (256) cpu_start: Min chip rev:     v0.0[0m
[0;32mI (261) cpu_start: Max chip rev:     v3.99 [0m
[0;32mI (266) cpu_start: Chip rev:         v3.0[0m
[0;32mI (271) heap_init: Initializing. RAM available for dynamic allocation:[0m
[0;32mI (278) heap_init: At 3FFAE6E0 len 00001920 (6 KiB): DRAM[0m
[0;32mI (284) heap_init: At 3FFB2D50 len 0002D2B0 (180 KiB): DRAM[0m
[0;32mI (290) heap_init: At 3FFE0440 len 00003AE0 (14 KiB): D/IRAM[0m
[0;32mI (296) heap_init: At 3FFE4350 len 0001BCB0 (111 KiB): D/IRAM[0m
[0;32mI (303) heap_init: At 4008E1D0 len 00011E30 (71 KiB): IRAM[0m
[0;32mI (310) spi_flash: detected chip: generic[0m
[0;32mI (314) spi_flash: flash io: dio[0m
[0;33mW (317) spi_flash: Detected size(4096k) larger than the size in the binary image header(2048k). Using the size in the binary image header.[0m
[0;33mW (331) i2c: This driver is an old driver, please migrate your application code to adapt `driver/i2c_master.h`[0m
[0;32mI (342) main_task: Started on CPU0[0m
[0;32mI (352) main_task: Calling app_main()[0m
[0;32mI (352) gpio: GPIO[32]| InputEn: 0| OutputEn: 0| OpenDrain: 0| Pullup: 1| Pulldown: 0| Intr:0 [0m
[0;32mI (352) gpio: GPIO[35]| InputEn: 0| OutputEn: 0| OpenDrain: 0| Pullup: 1| Pulldown: 0| Intr:0 [0m
[0;32mI (362) gpio: GPIO[18]| InputEn: 0| OutputEn: 0| OpenDrain: 0| Pullup: 1| Pulldown: 0| Intr:0 [0m
[0;32mI (372) mpu9250: Initializating MPU9250[0m
ESP_ERROR_CHECK failed: esp_err_t 0x107 (ESP_ERR_TIMEOUT) at 0x400d85e7
file: "./components/mpu9250/mpu9250.c" line 64
func: i2c_mpu9250_init
expression: i2c_write_bit(I2C_MASTER_NUM, MPU9250_I2C_ADDR, MPU9250_RA_PWR_MGMT_1, MPU9250_PWR1_DEVICE_RESET_BIT, 1)

abort() was called at PC 0x40086c67 on core 0


Backtrace: 0x4008197e:0x3ffb4ee0 0x40086c71:0x3ffb4f00 0x4008cb41:0x3ffb4f20 0x40086c67:0x3ffb4f90 0x400d85e7:0x3ffb4fc0 0x400d6982:0x3ffb4fe0 0x400d6795:0x3ffb5010 0x400eb1f8:0x3ffb5050 0x40087719:0x3ffb5080




ELF file SHA256: a8f16eac1

Rebooting...
ets Jul 29 2019 12:21:46

rst:0xc (SW_CPU_RESET),boot:0x13 (SPI_FAST_FLASH_BOOT)
configsip: 0, SPIWP:0xee
clk_drv:0x00,q_drv:0x00,d_drv:0x00,cs0_drv:0x00,hd_drv:0x00,wp_drv:0x00
mode:DIO, clock div:2
load:0x3fff0030,len:7172
load:0x40078000,len:15532
load:0x40080400,len:4
load:0x40080404,len:3904
entry 0x40080640
[0;32mI (29) boot: ESP-IDF v5.3-dev-1043-g8c9e29898f 2nd stage bootloader[0m
[0;32mI (29) boot: compile time Dec 23 2023 16:25:19[0m
[0;32mI (31) boot: Multicore bootloader[0m
[0;32mI (35) boot: chip revision: v3.0[0m
[0;32mI (39) boot.esp32: SPI Speed      : 40MHz[0m
[0;32mI (44) boot.esp32: SPI Mode       : DIO[0m
[0;32mI (48) boot.esp32: SPI Flash Size : 2MB[0m
[0;32mI (53) boot: Enabling RNG early entropy source...[0m
[0;32mI (58) boot: Partition Table:[0m
[0;32mI (62) boot: ## Label            Usage          Type ST Offset   Length[0m
[0;32mI (69) boot:  0 nvs              WiFi data        01 02 00009000 00006000[0m
[0;32mI (76) boot:  1 phy_init         RF data          01 01 0000f000 00001000[0m
[0;32mI (84) boot:  2 factory          factory app      00 00 00010000 00100000[0m
[0;32mI (91) boot: End of partition table[0m
[0;32mI (96) esp_image: segment 0: paddr=00010020 vaddr=3f400020 size=0ceb4h ( 52916) map[0m
[0;32mI (122) esp_image: segment 1: paddr=0001cedc vaddr=3ffb0000 size=02370h (  9072) load[0m
[0;32mI (126) esp_image: segment 2: paddr=0001f254 vaddr=40080000 size=00dc4h (  3524) load[0m
[0;32mI (129) esp_image: segment 3: paddr=00020020 vaddr=400d0020 size=1ba48h (113224) map[0m
[0;32mI (175) esp_image: segment 4: paddr=0003ba70 vaddr=40080dc4 size=0d40ch ( 54284) load[0m
[0;32mI (204) boot: Loaded app from partition at offset 0x10000[0m
[0;32mI (204) boot: Disabling RNG early entropy source...[0m
[0;32mI (215) cpu_start: Multicore app[0m
[0;32mI (224) cpu_start: Pro cpu start user code[0m
[0;32mI (224) cpu_start: cpu freq: 160000000 Hz[0m
[0;32mI (224) cpu_start: Application information:[0m
[0;32mI (227) cpu_start: Project name:     demo_sophia[0m
[0;32mI (233) cpu_start: App version:      e213c6e-dirty[0m
[0;32mI (238) cpu_start: Compile time:     Dec 23 2023 16:25:04[0m
[0;32mI (244) cpu_start: ELF file SHA256:  a8f16eac1...[0m
[0;32mI (250) cpu_start: ESP-IDF:          v5.3-dev-1043-g8c9e29898f[0m
[0;32mI (256) cpu_start: Min chip rev:     v0.0[0m
[0;32mI (261) cpu_start: Max chip rev:     v3.99 [0m
[0;32mI (266) cpu_start: Chip rev:         v3.0[0m
[0;32mI (271) heap_init: Initializing. RAM available for dynamic allocation:[0m
[0;32mI (278) heap_init: At 3FFAE6E0 len 00001920 (6 KiB): DRAM[0m
[0;32mI (284) heap_init: At 3FFB2D50 len 0002D2B0 (180 KiB): DRAM[0m
[0;32mI (290) heap_init: At 3FFE0440 len 00003AE0 (14 KiB): D/IRAM[0m
[0;32mI (296) heap_init: At 3FFE4350 len 0001BCB0 (111 KiB): D/IRAM[0m
[0;32mI (303) heap_init: At 4008E1D0 len 00011E30 (71 KiB): IRAM[0m
[0;32mI (310) spi_flash: detected chip: generic[0m
[0;32mI (314) spi_flash: flash io: dio[0m
[0;33mW (317) spi_flash: Detected size(4096k) larger than the size in the binary image header(2048k). Using the size in the binary image header.[0m
[0;33mW (331) i2c: This driver is an old driver, please migrate your application code to adapt `driver/i2c_master.h`[0m
[0;32mI (342) main_task: Started on CPU0[0m
[0;32mI (352) main_task: Calling app_main()[0m
[0;32mI (352) gpio: GPIO[32]| InputEn: 0| OutputEn: 0| OpenDrain: 0| Pullup: 1| Pulldown: 0| Intr:0 [0m
[0;32mI (352) gpio: GPIO[35]| InputEn: 0| OutputEn: 0| OpenDrain: 0| Pullup: 1| Pulldown: 0| Intr:0 [0m
[0;32mI (362) gpio: GPIO[18]| InputEn: 0| OutputEn: 0| OpenDrain: 0| Pullup: 1| Pulldown: 0| Intr:0 [0m
[0;32mI (372) mpu9250: Initializating MPU9250[0m
ESP_ERROR_CHECK failed: esp_err_t 0x107 (ESP_ERR_TIMEOUT) at 0x400d85e7
file: "./components/mpu9250/mpu9250.c" line 64
func: i2c_mpu9250_init
expression: i2c_write_bit(I2C_MASTER_NUM, MPU9250_I2C_ADDR, MPU9250_RA_PWR_MGMT_1, MPU9250_PWR1_DEVICE_RESET_BIT, 1)

abort() was called at PC 0x40086c67 on core 0


Backtrace: 0x4008197e:0x3ffb4ee0 0x40086c71:0x3ffb4f00 0x4008cb41:0x3ffb4f20 0x40086c67:0x3ffb4f90 0x400d85e7:0x3ffb4fc0 0x400d6982:0x3ffb4fe0 0x400d6795:0x3ffb5010 0x400eb1f8:0x3ffb5050 0x40087719:0x3ffb5080




ELF file SHA256: a8f16eac1

Rebooting...
ets Jul 29 2019 12:21:46

rst:0xc (SW_CPU_RESET),boot:0x13 (SPI_FAST_FLASH_BOOT)
configsip: 0, SPIWP:0xee
clk_drv:0x00,q_drv:0x00,d_drv:0x00,cs0_drv:0x00,hd_drv:0x00,wp_drv:0x00
mode:DIO, clock div:2
load:0x3fff0030,len:7172
load:0x40078000,len:15532
load:0x40080400,len:4
load:0x40080404,len:3904
entry 0x40080640
[0;32mI (29) boot: ESP-IDF v5.3-dev-1043-g8c9e29898f 2nd stage bootloader[0m
[0;32mI (29) boot: compile time Dec 23 2023 16:25:19[0m
[0;32mI (31) boot: Multicore bootloader[0m
[0;32mI (35) boot: chip revision: v3.0[0m
[0;32mI (39) boot.esp32: SPI Speed      : 40MHz[0m
[0;32mI (44) boot.esp32: SPI Mode       : DIO[0m
[0;32mI (48) boot.esp32: SPI Flash Size : 2MB[0m
[0;32mI (53) boot: Enabling RNG early entropy source...[0m
[0;32mI (58) boot: Partition Table:[0m
[0;32mI (62) boot: ## Label            Usage          Type ST Offset   Length[0m
[0;32mI (69) boot:  0 nvs              WiFi data        01 02 00009000 00006000[0m
[0;32mI (76) boot:  1 phy_init         RF data          01 01 0000f000 00001000[0m
[0;32mI (84) boot:  2 factory          factory app      00 00 00010000 00100000[0m
[0;32mI (91) boot: End of partition table[0m
[0;32mI (96) esp_image: segment 0: paddr=00010020 vaddr=3f400020 size=0ceb4h ( 52916) map[0m
[0;32mI (122) esp_image: segment 1: paddr=0001cedc vaddr=3ffb0000 size=02370h (  9072) load[0m
[0;32mI (126) esp_image: segment 2: paddr=0001f254 vaddr=40080000 size=00dc4h (  3524) load[0m
[0;32mI (129) esp_image: segment 3: paddr=00020020 vaddr=400d0020 size=1ba48h (113224) map[0m
[0;32mI (175) esp_image: segment 4: paddr=0003ba70 vaddr=40080dc4 size=0d40ch ( 54284) load[0m
[0;32mI (204) boot: Loaded app from partition at offset 0x10000[0m
[0;32mI (204) boot: Disabling RNG early entropy source...[0m
[0;32mI (215) cpu_start: Multicore app[0m
[0;32mI (224) cpu_start: Pro cpu start user code[0m
[0;32mI (224) cpu_start: cpu freq: 160000000 Hz[0m
[0;32mI (224) cpu_start: Application information:[0m
[0;32mI (227) cpu_start: Project name:     demo_sophia[0m
[0;32mI (233) cpu_start: App version:      e213c6e-dirty[0m
[0;32mI (238) cpu_start: Compile time:     Dec 23 2023 16:25:04[0m
[0;32mI (244) cpu_start: ELF file SHA256:  a8f16eac1...[0m
[0;32mI (250) cpu_start: ESP-IDF:          v5.3-dev-1043-g8c9e29898f[0m
[0;32mI (256) cpu_start: Min chip rev:     v0.0[0m
[0;32mI (261) cpu_start: Max chip rev:     v3.99 [0m
[0;32mI (266) cpu_start: Chip rev:         v3.0[0m
[0;32mI (271) heap_init: Initializing. RAM available for dynamic allocation:[0m
[0;32mI (278) heap_init: At 3FFAE6E0 len 00001920 (6 KiB): DRAM[0m
[0;32mI (284) heap_init: At 3FFB2D50 len 0002D2B0 (180 KiB): DRAM[0m
[0;32mI (290) heap_init: At 3FFE0440 len 00003AE0 (14 KiB): D/IRAM[0m
[0;32mI (296) heap_init: At 3FFE4350 len 0001BCB0 (111 KiB): D/IRAM[0m
[0;32mI (303) heap_init: At 4008E1D0 len 00011E30 (71 KiB): IRAM[0m
[0;32mI (310) spi_flash: detected chip: generic[0m
[0;32mI (314) spi_flash: flash io: dio[0m
[0;33mW (317) spi_flash: Detected size(4096k) larger than the size in the binary image header(2048k). Using the size in the binary image header.[0m
[0;33mW (331) i2c: This driver is an old driver, please migrate your application code to adapt `driver/i2c_master.h`[0m
[0;32mI (342) main_task: Started on CPU0[0m
[0;32mI (352) main_task: Calling app_main()[0m
[0;32mI (352) gpio: GPIO[32]| InputEn: 0| OutputEn: 0| OpenDrain: 0| Pullup: 1| Pulldown: 0| Intr:0 [0m
[0;32mI (352) gpio: GPIO[35]| InputEn: 0| OutputEn: 0| OpenDrain: 0| Pullup: 1| Pulldown: 0| Intr:0 [0m
[0;32mI (362) gpio: GPIO[18]| InputEn: 0| OutputEn: 0| OpenDrain: 0| Pullup: 1| Pulldown: 0| Intr:0 [0m
[0;32mI (372) mpu9250: Initializating MPU9250[0m
ESP_ERROR_CHECK failed: esp_err_t 0x107 (ESP_ERR_TIMEOUT) at 0x400d85e7
file: "./components/mpu9250/mpu9250.c" line 64
func: i2c_mpu9250_init
expression: i2c_write_bit(I2C_MASTER_NUM, MPU9250_I2C_ADDR, MPU9250_RA_PWR_MGMT_1, MPU9250_PWR1_DEVICE_RESET_BIT, 1)

abort() was called at PC 0x40086c67 on core 0


Backtrace: 0x4008197e:0x3ffb4ee0 0x40086c71:0x3ffb4f00 0x4008cb41:0x3ffb4f20 0x40086c67:0x3ffb4f90 0x400d85e7:0x3ffb4fc0 0x400d6982:0x3ffb4fe0 0x400d6795:0x3ffb5010 0x400eb1f8:0x3ffb5050 0x40087719:0x3ffb5080




ELF file SHA256: a8f16eac1

Rebooting...
ets Jul 29 2019 12:21:46

rst:0xc (SW_CPU_RESET),boot:0x13 (SPI_FAST_FLASH_BOOT)
configsip: 0, SPIWP:0xee
clk_drv:0x00,q_drv:0x00,d_drv:0x00,cs0_drv:0x00,hd_drv:0x00,wp_drv:0x00
mode:DIO, clock div:2
load:0x3fff0030,len:7172
load:0x40078000,len:15532
load:0x40080400,len:4
load:0x40080404,len:3904
entry 0x40080640
[0;32mI (29) boot: ESP-IDF v5.3-dev-1043-g8c9e29898f 2nd stage bootloader[0m
[0;32mI (29) boot: compile time Dec 23 2023 16:25:19[0m
[0;32mI (31) boot: Multicore bootloader[0m
[0;32mI (35) boot: chip revision: v3.0[0m
[0;32mI (39) boot.esp32: SPI Speed      : 40MHz[0m
[0;32mI (44) boot.esp32: SPI Mode       : DIO[0m
[0;32mI (48) boot.esp32: SPI Flash Size : 2MB[0m
[0;32mI (53) boot: Enabling RNG early entropy source...[0m
[0;32mI (58) boot: Partition Table:[0m
[0;32mI (62) boot: ## Label            Usage          Type ST Offset   Length[0m
[0;32mI (69) boot:  0 nvs              WiFi data        01 02 00009000 00006000[0m
[0;32mI (76) boot:  1 phy_init         RF data          01 01 0000f000 00001000[0m
[0;32mI (84) boot:  2 factory          factory app      00 00 00010000 00100000[0m
[0;32mI (91) boot: End of partition table[0m
[0;32mI (96) esp_image: segment 0: paddr=00010020 vaddr=3f400020 size=0ceb4h ( 52916) map[0m
[0;32mI (122) esp_image: segment 1: paddr=0001cedc vaddr=3ffb0000 size=02370h (  9072) load[0m
[0;32mI (126) esp_image: segment 2: paddr=0001f254 vaddr=40080000 size=00dc4h (  3524) load[0m
[0;32mI (129) esp_image: segment 3: paddr=00020020 vaddr=400d0020 size=1ba48h (113224) map[0m
[0;32mI (175) esp_image: segment 4: paddr=0003ba70 vaddr=40080dc4 size=0d40ch ( 54284) load[0m
[0;32mI (204) boot: Loaded app from partition at offset 0x10000[0m
[0;32mI (204) boot: Disabling RNG early entropy source...[0m
[0;32mI (215) cpu_start: Multicore app[0m
[0;32mI (224) cpu_start: Pro cpu start user code[0m
[0;32mI (224) cpu_start: cpu freq: 160000000 Hz[0m
[0;32mI (224) cpu_start: Application information:[0m
[0;32mI (227) cpu_start: Project name:     demo_sophia[0m
[0;32mI (233) cpu_start: App version:      e213c6e-dirty[0m
[0;32mI (238) cpu_start: Compile time:     Dec 23 2023 16:25:04[0m
[0;32mI (244) cpu_start: ELF file SHA256:  a8f16eac1...[0m
[0;32mI (250) cpu_start: ESP-IDF:          v5.3-dev-1043-g8c9e29898f[0m
[0;32mI (256) cpu_start: Min chip rev:     v0.0[0m
[0;32mI (261) cpu_start: Max chip rev:     v3.99 [0m
[0;32mI (266) cpu_start: Chip rev:         v3.0[0m
[0;32mI (271) heap_init: Initializing. RAM available for dynamic allocation:[0m
[0;32mI (278) heap_init: At 3FFAE6E0 len 00001920 (6 KiB): DRAM[0m
[0;32mI (284) heap_init: At 3FFB2D50 len 0002D2B0 (180 KiB): DRAM[0m
[0;32mI (290) heap_init: At 3FFE0440 len 00003AE0 (14 KiB): D/IRAM[0m
[0;32mI (296) heap_init: At 3FFE4350 len 0001BCB0 (111 KiB): D/IRAM[0m
[0;32mI (303) heap_init: At 4008E1D0 len 00011E30 (71 KiB): IRAM[0m
[0;32mI (310) spi_flash: detected chip: generic[0m
[0;32mI (314) spi_flash: flash io: dio[0m
[0;33mW (318) spi_flash: Detected size(4096k) larger than the size in the binary image header(2048k). Using the size in the binary image header.[0m
[0;33mW (331) i2c: This driver is an old driver, please migrate your application code to adapt `driver/i2c_master.h`[0m
[0;32mI (342) main_task: Started on CPU0[0m
[0;32mI (352) main_task: Calling app_main()[0m
[0;32mI (352) gpio: GPIO[32]| InputEn: 0| OutputEn: 0| OpenDrain: 0| Pullup: 1| Pulldown: 0| Intr:0 [0m
[0;32mI (352) gpio: GPIO[35]| InputEn: 0| OutputEn: 0| OpenDrain: 0| Pullup: 1| Pulldown: 0| Intr:0 [0m
[0;32mI (362) gpio: GPIO[18]| InputEn: 0| OutputEn: 0| OpenDrain: 0| Pullup: 1| Pulldown: 0| Intr:0 [0m
[0;32mI (372) mpu9250: Initializating MPU9250[0m
ESP_ERROR_CHECK failed: esp_err_t 0x107 (ESP_ERR_TIMEOUT) at 0x400d85e7
file: "./components/mpu9250/mpu9250.c" line 64
func: i2c_mpu9250_init
expression: i2c_write_bit(I2C_MASTER_NUM, MPU9250_I2C_ADDR, MPU9250_RA_PWR_MGMT_1, MPU9250_PWR1_DEVICE_RESET_BIT, 1)

abort() was called at PC 0x40086c67 on core 0


Backtrace: 0x4008197e:0x3ffb4ee0 0x40086c71:0x3ffb4f00 0x4008cb41:0x3ffb4f20 0x40086c67:0x3ffb4f90 0x400d85e7:0x3ffb4fc0 0x400d6982:0x3ffb4fe0 0x400d6795:0x3ffb5010 0x400eb1f8:0x3ffb5050 0x40087719:0x3ffb5080




ELF file SHA256: a8f16eac1

Rebooting...
ets Jul 29 2019 12:21:46

rst:0xc (SW_CPU_RESET),boot:0x13 (SPI_FAST_FLASH_BOOT)
configsip: 0, SPIWP:0xee
clk_drv:0x00,q_drv:0x00,d_drv:0x00,cs0_drv:0x00,hd_drv:0x00,wp_drv:0x00
mode:DIO, clock div:2
load:0x3fff0030,len:7172
load:0x40078000,len:15532
load:0x40080400,len:4
load:0x40080404,len:3904
entry 0x40080640
[0;32mI (29) boot: ESP-IDF v5.3-dev-1043-g8c9e29898f 2nd stage bootloader[0m
[0;32mI (29) boot: compile time Dec 23 2023 16:25:19[0m
[0;32mI (31) boot: Multicore bootloader[0m
[0;32mI (35) boot: chip revision: v3.0[0m
[0;32mI (39) boot.esp32: SPI Speed      : 40MHz[0m
[0;32mI (44) boot.esp32: SPI Mode       : DIO[0m
[0;32mI (48) boot.esp32: SPI Flash Size : 2MB[0m
[0;32mI (53) boot: Enabling RNG early entropy source...[0m
[0;32mI (58) boot: Partition Table:[0m
[0;32mI (62) boot: ## Label            Usage          Type ST Offset   Length[0m
[0;32mI (69) boot:  0 nvs              WiFi data        01 02 00009000 00006000[0m
[0;32mI (76) boot:  1 phy_init         RF data          01 01 0000f000 00001000[0m
[0;32mI (84) boot:  2 factory          factory app      00 00 00010000 00100000[0m
[0;32mI (91) boot: End of partition table[0m
[0;32mI (96) esp_image: segment 0: paddr=00010020 vaddr=3f400020 size=0ceb4h ( 52916) map[0m
[0;32mI (122) esp_image: segment 1: paddr=0001cedc vaddr=3ffb0000 size=02370h (  9072) load[0m
[0;32mI (126) esp_image: segment 2: paddr=0001f254 vaddr=40080000 size=00dc4h (  3524) load[0m
[0;32mI (129) esp_image: segment 3: paddr=00020020 vaddr=400d0020 size=1ba48h (113224) map[0m
[0;32mI (175) esp_image: segment 4: paddr=0003ba70 vaddr=40080dc4 size=0d40ch ( 54284) load[0m
[0;32mI (204) boot: Loaded app from partition at offset 0x10000[0m
[0;32mI (204) boot: Disabling RNG early entropy source...[0m
[0;32mI (215) cpu_start: Multicore app[0m
[0;32mI (224) cpu_start: Pro cpu start user code[0m
[0;32mI (224) cpu_start: cpu freq: 160000000 Hz[0m
[0;32mI (225) cpu_start: Application information:[0m
[0;32mI (227) cpu_start: Project name:     demo_sophia[0m
[0;32mI (233) cpu_start: App version:      e213c6e-dirty[0m
[0;32mI (238) cpu_start: Compile time:     Dec 23 2023 16:25:04[0m
[0;32mI (244) cpu_start: ELF file SHA256:  a8f16eac1...[0m
[0;32mI (250) cpu_start: ESP-IDF:          v5.3-dev-1043-g8c9e29898f[0m
[0;32mI (256) cpu_start: Min chip rev:     v0.0[0m
[0;32mI (261) cpu_start: Max chip rev:     v3.99 [0m
[0;32mI (266) cpu_start: Chip rev:         v3.0[0m
[0;32mI (271) heap_init: Initializing. RAM available for dynamic allocation:[0m
[0;32mI (278) heap_init: At 3FFAE6E0 len 00001920 (6 KiB): DRAM[0m
[0;32mI (284) heap_init: At 3FFB2D50 len 0002D2B0 (180 KiB): DRAM[0m
[0;32mI (290) heap_init: At 3FFE0440 len 00003AE0 (14 KiB): D/IRAM[0m
[0;32mI (296) heap_init: At 3FFE4350 len 0001BCB0 (111 KiB): D/IRAM[0m
[0;32mI (303) heap_init: At 4008E1D0 len 00011E30 (71 KiB): IRAM[0m
[0;32mI (310) spi_flash: detected chip: generic[0m
[0;32mI (314) spi_flash: flash io: dio[0m
[0;33mW (318) spi_flash: Detected size(4096k) larger than the size in the binary image header(2048k). Using the size in the binary image header.[0m
[0;33mW (331) i2c: This driver is an old driver, please migrate your application code to adapt `driver/i2c_master.h`[0m
[0;32mI (342) main_task: Started on CPU0[0m
[0;32mI (352) main_task: Calling app_main()[0m
[0;32mI (352) gpio: GPIO[32]| InputEn: 0| OutputEn: 0| OpenDrain: 0| Pullup: 1| Pulldown: 0| Intr:0 [0m
[0;32mI (352) gpio: GPIO[35]| InputEn: 0| OutputEn: 0| OpenDrain: 0| Pullup: 1| Pulldown: 0| Intr:0 [0m
[0;32mI (362) gpio: GPIO[18]| InputEn: 0| OutputEn: 0| OpenDrain: 0| Pullup: 1| Pulldown: 0| Intr:0 [0m
[0;32mI (372) mpu9250: Initializating MPU9250[0m
ESP_ERROR_CHECK failed: esp_err_t 0x107 (ESP_ERR_TIMEOUT) at 0x400d85e7
file: "./components/mpu9250/mpu9250.c" line 64
func: i2c_mpu9250_init
expression: i2c_write_bit(I2C_MASTER_NUM, MPU9250_I2C_ADDR, MPU9250_RA_PWR_MGMT_1, MPU9250_PWR1_DEVICE_RESET_BIT, 1)

abort() was called at PC 0x40086c67 on core 0


Backtrace: 0x4008197e:0x3ffb4ee0 0x40086c71:0x3ffb4f00 0x4008cb41:0x3ffb4f20 0x40086c67:0x3ffb4f90 0x400d85e7:0x3ffb4fc0 0x400d6982:0x3ffb4fe0 0x400d6795:0x3ffb5010 0x400eb1f8:0x3ffb5050 0x40087719:0x3ffb5080




ELF file SHA256: a8f16eac1

Rebooting...
ets Jul 29 2019 12:21:46

rst:0xc (SW_CPU_RESET),boot:0x13 (SPI_FAST_FLASH_BOOT)
configsip: 0, SPIWP:0xee
clk_drv:0x00,q_drv:0x00,d_drv:0x00,cs0_drv:0x00,hd_drv:0x00,wp_drv:0x00
mode:DIO, clock div:2
load:0x3fff0030,len:7172
load:0x40078000,len:15532
load:0x40080400,len:4
load:0x40080404,len:3904
entry 0x40080640
[0;32mI (29) boot: ESP-IDF v5.3-dev-1043-g8c9e29898f 2nd stage bootloader[0m
[0;32mI (29) boot: compile time Dec 23 2023 16:25:19[0m
[0;32mI (31) boot: Multicore bootloader[0m
[0;32mI (35) boot: chip revision: v3.0[0m
[0;32mI (39) boot.esp32: SPI Speed      : 40MHz[0m
[0;32mI (44) boot.esp32: SPI Mode       : DIO[0m
[0;32mI (48) boot.esp32: SPI Flash Size : 2MB[0m
[0;32mI (53) boot: Enabling RNG early entropy source...[0m
[0;32mI (58) boot: Partition Table:[0m
[0;32mI (62) boot: ## Label            Usage          Type ST Offset   Length[0m
[0;32mI (69) boot:  0 nvs              WiFi data        01 02 00009000 00006000[0m
[0;32mI (76) boot:  1 phy_init         RF data          01 01 0000f000 00001000[0m
[0;32mI (84) boot:  2 factory          factory app      00 00 00010000 00100000[0m
[0;32mI (91) boot: End of partition table[0m
[0;32mI (96) esp_image: segment 0: paddr=00010020 vaddr=3f400020 size=0ceb4h ( 52916) map[0m
[0;32mI (122) esp_image: segment 1: paddr=0001cedc vaddr=3ffb0000 size=02370h (  9072) load[0m
[0;32mI (126) esp_image: segment 2: paddr=0001f254 vaddr=40080000 size=00dc4h (  3524) load[0m
[0;32mI (129) esp_image: segment 3: paddr=00020020 vaddr=400d0020 size=1ba48h (113224) map[0m
[0;32mI (175) esp_image: segment 4: paddr=0003ba70 vaddr=40080dc4 size=0d40ch ( 54284) load[0m
[0;32mI (204) boot: Loaded app from partition at offset 0x10000[0m
[0;32mI (204) boot: Disabling RNG early entropy source...[0m
[0;32mI (215) cpu_start: Multicore app[0m
[0;32mI (224) cpu_start: Pro cpu start user code[0m
[0;32mI (224) cpu_start: cpu freq: 160000000 Hz[0m
[0;32mI (224) cpu_start: Application information:[0m
[0;32mI (227) cpu_start: Project name:     demo_sophia[0m
[0;32mI (233) cpu_start: App version:      e213c6e-dirty[0m
[0;32mI (238) cpu_start: Compile time:     Dec 23 2023 16:25:04[0m
[0;32mI (244) cpu_start: ELF file SHA256:  a8f16eac1...[0m
[0;32mI (250) cpu_start: ESP-IDF:          v5.3-dev-1043-g8c9e29898f[0m
[0;32mI (256) cpu_start: Min chip rev:     v0.0[0m
[0;32mI (261) cpu_start: Max chip rev:     v3.99 [0m
[0;32mI (266) cpu_start: Chip rev:         v3.0[0m
[0;32mI (271) heap_init: Initializing. RAM available for dynamic allocation:[0m
[0;32mI (278) heap_init: At 3FFAE6E0 len 00001920 (6 KiB): DRAM[0m
[0;32mI (284) heap_init: At 3FFB2D50 len 0002D2B0 (180 KiB): DRAM[0m
[0;32mI (290) heap_init: At 3FFE0440 len 00003AE0 (14 KiB): D/IRAM[0m
[0;32mI (296) heap_init: At 3FFE4350 len 0001BCB0 (111 KiB): D/IRAM[0m
[0;32mI (303) heap_init: At 4008E1D0 len 00011E30 (71 KiB): IRAM[0m
[0;32mI (310) spi_flash: detected chip: generic[0m
[0;32mI (314) spi_flash: flash io: dio[0m
[0;33mW (318) spi_flash: Detected size(4096k) larger than the size in the binary image header(2048k). Using the size in the binary image header.[0m
[0;33mW (331) i2c: This driver is an old driver, please migrate your application code to adapt `driver/i2c_master.h`[0m
[0;32mI (342) main_task: Started on CPU0[0m
[0;32mI (352) main_task: Calling app_main()[0m
[0;32mI (352) gpio: GPIO[32]| InputEn: 0| OutputEn: 0| OpenDrain: 0| Pullup: 1| Pulldown: 0| Intr:0 [0m
[0;32mI (352) gpio: GPIO[35]| InputEn: 0| OutputEn: 0| OpenDrain: 0| Pullup: 1| Pulldown: 0| Intr:0 [0m
[0;32mI (362) gpio: GPIO[18]| InputEn: 0| OutputEn: 0| OpenDrain: 0| Pullup: 1| Pulldown: 0| Intr:0 [0m
[0;32mI (372) mpu9250: Initializating MPU9250[0m
ESP_ERROR_CHECK failed: esp_err_t 0x107 (ESP_ERR_TIMEOUT) at 0x400d85e7
file: "./components/mpu9250/mpu9250.c" line 64
func: i2c_mpu9250_init
expression: i2c_write_bit(I2C_MASTER_NUM, MPU9250_I2C_ADDR, MPU9250_RA_PWR_MGMT_1, MPU9250_PWR1_DEVICE_RESET_BIT, 1)

abort() was called at PC 0x40086c67 on core 0


Backtrace: 0x4008197e:0x3ffb4ee0 0x40086c71:0x3ffb4f00 0x4008cb41:0x3ffb4f20 0x40086c67:0x3ffb4f90 0x400d85e7:0x3ffb4fc0 0x400d6982:0x3ffb4fe0 0x400d6795:0x3ffb5010 0x400eb1f8:0x3ffb5050 0x40087719:0x3ffb5080




ELF file SHA256: a8f16eac1

Rebooting...
ets Jul 29 2019 12:21:46

rst:0xc (SW_CPU_RESET),boot:0x13 (SPI_FAST_FLASH_BOOT)
configsip: 0, SPIWP:0xee
clk_drv:0x00,q_drv:0x00,d_drv:0x00,cs0_drv:0x00,hd_drv:0x00,wp_drv:0x00
mode:DIO, clock div:2
load:0x3fff0030,len:7172
load:0x40078000,len:15532
load:0x40080400,len:4
load:0x40080404,len:3904
entry 0x40080640
[0;32mI (29) boot: ESP-IDF v5.3-dev-1043-g8c9e29898f 2nd stage bootloader[0m
[0;32mI (29) boot: compile time Dec 23 2023 16:25:19[0m
[0;32mI (31) boot: Multicore bootloader[0m
[0;32mI (35) boot: chip revision: v3.0[0m
[0;32mI (39) boot.esp32: SPI Speed      : 40MHz[0m
[0;32mI (44) boot.esp32: SPI Mode       : DIO[0m
[0;32mI (48) boot.esp32: SPI Flash Size : 2MB[0m
[0;32mI (53) boot: Enabling RNG early entropy source...[0m
[0;32mI (58) boot: Partition Table:[0m
[0;32mI (62) boot: ## Label            Usage          Type ST Offset   Length[0m
[0;32mI (69) boot:  0 nvs              WiFi data        01 02 00009000 00006000[0m
[0;32mI (76) boot:  1 phy_init         RF data          01 01 0000f000 00001000[0m
[0;32mI (84) boot:  2 factory          factory app      00 00 00010000 00100000[0m
[0;32mI (91) boot: End of partition table[0m
[0;32mI (96) esp_image: segment 0: paddr=00010020 vaddr=3f400020 size=0ceb4h ( 52916) map[0m
[0;32mI (122) esp_image: segment 1: paddr=0001cedc vaddr=3ffb0000 size=02370h (  9072) load[0m
[0;32mI (126) esp_image: segment 2: paddr=0001f254 vaddr=40080000 size=00dc4h (  3524) load[0m
[0;32mI (129) esp_image: segment 3: paddr=00020020 vaddr=400d0020 size=1ba48h (113224) map[0m
[0;32mI (175) esp_image: segment 4: paddr=0003ba70 vaddr=40080dc4 size=0d40ch ( 54284) load[0m
[0;32mI (204) boot: Loaded app from partition at offset 0x10000[0m
[0;32mI (204) boot: Disabling RNG early entropy source...[0m
[0;32mI (215) cpu_start: Multicore app[0m
[0;32mI (224) cpu_start: Pro cpu start user code[0m
[0;32mI (224) cpu_start: cpu freq: 160000000 Hz[0m
[0;32mI (224) cpu_start: Application information:[0m
[0;32mI (227) cpu_start: Project name:     demo_sophia[0m
[0;32mI (233) cpu_start: App version:      e213c6e-dirty[0m
[0;32mI (238) cpu_start: Compile time:     Dec 23 2023 16:25:04[0m
[0;32mI (244) cpu_start: ELF file SHA256:  a8f16eac1...[0m
[0;32mI (250) cpu_start: ESP-IDF:          v5.3-dev-1043-g8c9e29898f[0m
[0;32mI (256) cpu_start: Min chip rev:     v0.0[0m
[0;32mI (261) cpu_start: Max chip rev:     v3.99 [0m
[0;32mI (266) cpu_start: Chip rev:         v3.0[0m
[0;32mI (271) heap_init: Initializing. RAM available for dynamic allocation:[0m
[0;32mI (278) heap_init: At 3FFAE6E0 len 00001920 (6 KiB): DRAM[0m
[0;32mI (284) heap_init: At 3FFB2D50 len 0002D2B0 (180 KiB): DRAM[0m
[0;32mI (290) heap_init: At 3FFE0440 len 00003AE0 (14 KiB): D/IRAM[0m
[0;32mI (296) heap_init: At 3FFE4350 len 0001BCB0 (111 KiB): D/IRAM[0m
[0;32mI (303) heap_init: At 4008E1D0 len 00011E30 (71 KiB): IRAM[0m
[0;32mI (310) spi_flash: detected chip: generic[0m
[0;32mI (314) spi_flash: flash io: dio[0m
[0;33mW (318) spi_flash: Detected size(4096k) larger than the size in the binary image header(2048k). Using the size in the binary image header.[0m
[0;33mW (331) i2c: This driver is an old driver, please migrate your application code to adapt `driver/i2c_master.h`[0m
[0;32mI (342) main_task: Started on CPU0[0m
[0;32mI (352) main_task: Calling app_main()[0m
[0;32mI (352) gpio: GPIO[32]| InputEn: 0| OutputEn: 0| OpenDrain: 0| Pullup: 1| Pulldown: 0| Intr:0 [0m
[0;32mI (352) gpio: GPIO[35]| InputEn: 0| OutputEn: 0| OpenDrain: 0| Pullup: 1| Pulldown: 0| Intr:0 [0m
[0;32mI (362) gpio: GPIO[18]| InputEn: 0| OutputEn: 0| OpenDrain: 0| Pullup: 1| Pulldown: 0| Intr:0 [0m
[0;32mI (372) mpu9250: Initializating MPU9250[0m
ESP_ERROR_CHECK failed: esp_err_t 0x107 (ESP_ERR_TIMEOUT) at 0x400d85e7
file: "./components/mpu9250/mpu9250.c" line 64
func: i2c_mpu9250_init
expression: i2c_write_bit(I2C_MASTER_NUM, MPU9250_I2C_ADDR, MPU9250_RA_PWR_MGMT_1, MPU9250_PWR1_DEVICE_RESET_BIT, 1)

abort() was called at PC 0x40086c67 on core 0


Backtrace: 0x4008197e:0x3ffb4ee0 0x40086c71:0x3ffb4f00 0x4008cb41:0x3ffb4f20 0x40086c67:0x3ffb4f90 0x400d85e7:0x3ffb4fc0 0x400d6982:0x3ffb4fe0 0x400d6795:0x3ffb5010 0x400eb1f8:0x3ffb5050 0x40087719:0x3ffb5080




ELF file SHA256: a8f16eac1

Rebooting...
ets Jul 29 2019 12:21:46

rst:0xc (SW_CPU_RESET),boot:0x13 (SPI_FAST_FLASH_BOOT)
configsip: 0, SPIWP:0xee
clk_drv:0x00,q_drv:0x00,d_drv:0x00,cs0_drv:0x00,hd_drv:0x00,wp_drv:0x00
mode:DIO, clock div:2
load:0x3fff0030,len:7172
load:0x40078000,len:15532
load:0x40080400,len:4
load:0x40080404,len:3904
entry 0x40080640
[0;32mI (29) boot: ESP-IDF v5.3-dev-1043-g8c9e29898f 2nd stage bootloader[0m
[0;32mI (29) boot: compile time Dec 23 2023 16:25:19[0m
[0;32mI (31) boot: Multicore bootloader[0m
[0;32mI (35) boot: chip revision: v3.0[0m
[0;32mI (39) boot.esp32: SPI Speed      : 40MHz[0m
[0;32mI (44) boot.esp32: SPI Mode       : DIO[0m
[0;32mI (48) boot.esp32: SPI Flash Size : 2MB[0m
[0;32mI (53) boot: Enabling RNG early entropy source...[0m
[0;32mI (58) boot: Partition Table:[0m
[0;32mI (62) boot: ## Label            Usage          Type ST Offset   Length[0m
[0;32mI (69) boot:  0 nvs              WiFi data        01 02 00009000 00006000[0m
[0;32mI (76) boot:  1 phy_init         RF data          01 01 0000f000 00001000[0m
[0;32mI (84) boot:  2 factory          factory app      00 00 00010000 00100000[0m
[0;32mI (91) boot: End of partition table[0m
[0;32mI (96) esp_image: segment 0: paddr=00010020 vaddr=3f400020 size=0ceb4h ( 52916) map[0m
[0;32mI (122) esp_image: segment 1: paddr=0001cedc vaddr=3ffb0000 size=02370h (  9072) load[0m
[0;32mI (126) esp_image: segment 2: paddr=0001f254 vaddr=40080000 size=00dc4h (  3524) load[0m
[0;32mI (129) esp_image: segment 3: paddr=00020020 vaddr=400d0020 size=1ba48h (113224) map[0m
[0;32mI (175) esp_image: segment 4: paddr=0003ba70 vaddr=40080dc4 size=0d40ch ( 54284) load[0m
[0;32mI (204) boot: Loaded app from partition at offset 0x10000[0m
[0;32mI (204) boot: Disabling RNG early entropy source...[0m
[0;32mI (215) cpu_start: Multicore app[0m
[0;32mI (224) cpu_start: Pro cpu start user code[0m
[0;32mI (224) cpu_start: cpu freq: 160000000 Hz[0m
[0;32mI (224) cpu_start: Application information:[0m
[0;32mI (227) cpu_start: Project name:     demo_sophia[0m
[0;32mI (233) cpu_start: App version:      e213c6e-dirty[0m
[0;32mI (238) cpu_start: Compile time:     Dec 23 2023 16:25:04[0m
[0;32mI (244) cpu_start: ELF file SHA256:  a8f16eac1...[0m
[0;32mI (250) cpu_start: ESP-IDF:          v5.3-dev-1043-g8c9e29898f[0m
[0;32mI (256) cpu_start: Min chip rev:     v0.0[0m
[0;32mI (261) cpu_start: Max chip rev:     v3.99 [0m
[0;32mI (266) cpu_start: Chip rev:         v3.0[0m
[0;32mI (271) heap_init: Initializing. RAM available for dynamic allocation:[0m
[0;32mI (278) heap_init: At 3FFAE6E0 len 00001920 (6 KiB): DRAM[0m
[0;32mI (284) heap_init: At 3FFB2D50 len 0002D2B0 (180 KiB): DRAM[0m
[0;32mI (290) heap_init: At 3FFE0440 len 00003AE0 (14 KiB): D/IRAM[0m
[0;32mI (296) heap_init: At 3FFE4350 len 0001BCB0 (111 KiB): D/IRAM[0m
[0;32mI (303) heap_init: At 4008E1D0 len 00011E30 (71 KiB): IRAM[0m
[0;32mI (310) spi_flash: detected chip: generic[0m
[0;32mI (314) spi_flash: flash io: dio[0m
[0;33mW (318) spi_flash: Detected size(4096k) larger than the size in the binary image header(2048k). Using the size in the binary image header.[0m
[0;33mW (331) i2c: This driver is an old driver, please migrate your application code to adapt `driver/i2c_master.h`[0m
[0;32mI (342) main_task: Started on CPU0[0m
[0;32mI (352) main_task: Calling app_main()[0m
[0;32mI (352) gpio: GPIO[32]| InputEn: 0| OutputEn: 0| OpenDrain: 0| Pullup: 1| Pulldown: 0| Intr:0 [0m
[0;32mI (352) gpio: GPIO[35]| InputEn: 0| OutputEn: 0| OpenDrain: 0| Pullup: 1| Pulldown: 0| Intr:0 [0m
[0;32mI (362) gpio: GPIO[18]| InputEn: 0| OutputEn: 0| OpenDrain: 0| Pullup: 1| Pulldown: 0| Intr:0 [0m
[0;32mI (372) mpu9250: Initializating MPU9250[0m
ESP_ERROR_CHECK failed: esp_err_t 0x107 (ESP_ERR_TIMEOUT) at 0x400d85e7
file: "./components/mpu9250/mpu9250.c" line 64
func: i2c_mpu9250_init
expression: i2c_write_bit(I2C_MASTER_NUM, MPU9250_I2C_ADDR, MPU9250_RA_PWR_MGMT_1, MPU9250_PWR1_DEVICE_RESET_BIT, 1)

abort() was called at PC 0x40086c67 on core 0


Backtrace: 0x4008197e:0x3ffb4ee0 0x40086c71:0x3ffb4f00 0x4008cb41:0x3ffb4f20 0x40086c67:0x3ffb4f90 0x400d85e7:0x3ffb4fc0 0x400d6982:0x3ffb4fe0 0x400d6795:0x3ffb5010 0x400eb1f8:0x3ffb5050 0x40087719:0x3ffb5080




ELF file SHA256: a8f16eac1

Rebooting...
ets Jul 29 2019 12:21:46

rst:0xc (SW_CPU_RESET),boot:0x13 (SPI_FAST_FLASH_BOOT)
configsip: 0, SPIWP:0xee
clk_drv:0x00,q_drv:0x00,d_drv:0x00,cs0_drv:0x00,hd_drv:0x00,wp_drv:0x00
mode:DIO, clock div:2
load:0x3fff0030,len:7172
load:0x40078000,len:15532
load:0x40080400,len:4
load:0x40080404,len:3904
entry 0x40080640
[0;32mI (29) boot: ESP-IDF v5.3-dev-1043-g8c9e29898f 2nd stage bootloader[0m
[0;32mI (29) boot: compile time Dec 23 2023 16:25:19[0m
[0;32mI (31) boot: Multicore bootloader[0m
[0;32mI (35) boot: chip revision: v3.0[0m
[0;32mI (39) boot.esp32: SPI Speed      : 40MHz[0m
[0;32mI (44) boot.esp32: SPI Mode       : DIO[0m
[0;32mI (48) boot.esp32: SPI Flash Size : 2MB[0m
[0;32mI (53) boot: Enabling RNG early entropy source...[0m
[0;32mI (58) boot: Partition Table:[0m
[0;32mI (62) boot: ## Label            Usage          Type ST Offset   Length[0m
[0;32mI (69) boot:  0 nvs              WiFi data        01 02 00009000 00006000[0m
[0;32mI (76) boot:  1 phy_init         RF data          01 01 0000f000 00001000[0m
[0;32mI (84) boot:  2 factory          factory app      00 00 00010000 00100000[0m
[0;32mI (91) boot: End of partition table[0m
[0;32mI (96) esp_image: segment 0: paddr=00010020 vaddr=3f400020 size=0ceb4h ( 52916) map[0m
[0;32mI (122) esp_image: segment 1: paddr=0001cedc vaddr=3ffb0000 size=02370h (  9072) load[0m
[0;32mI (126) esp_image: segment 2: paddr=0001f254 vaddr=40080000 size=00dc4h (  3524) load[0m
[0;32mI (129) esp_image: segment 3: paddr=00020020 vaddr=400d0020 size=1ba48h (113224) map[0m
[0;32mI (175) esp_image: segment 4: paddr=0003ba70 vaddr=40080dc4 size=0d40ch ( 54284) load[0m
[0;32mI (204) boot: Loaded app from partition at offset 0x10000[0m
[0;32mI (204) boot: Disabling RNG early entropy source...[0m
[0;32mI (215) cpu_start: Multicore app[0m
[0;32mI (224) cpu_start: Pro cpu start user code[0m
[0;32mI (224) cpu_start: cpu freq: 160000000 Hz[0m
[0;32mI (224) cpu_start: Application information:[0m
[0;32mI (227) cpu_start: Project name:     demo_sophia[0m
[0;32mI (233) cpu_start: App version:      e213c6e-dirty[0m
[0;32mI (238) cpu_start: Compile time:     Dec 23 2023 16:25:04[0m
[0;32mI (244) cpu_start: ELF file SHA256:  a8f16eac1...[0m
[0;32mI (250) cpu_start: ESP-IDF:          v5.3-dev-1043-g8c9e29898f[0m
[0;32mI (256) cpu_start: Min chip rev:     v0.0[0m
[0;32mI (261) cpu_start: Max chip rev:     v3.99 [0m
[0;32mI (266) cpu_start: Chip rev:         v3.0[0m
[0;32mI (271) heap_init: Initializing. RAM available for dynamic allocation:[0m
[0;32mI (278) heap_init: At 3FFAE6E0 len 00001920 (6 KiB): DRAM[0m
[0;32mI (284) heap_init: At 3FFB2D50 len 0002D2B0 (180 KiB): DRAM[0m
[0;32mI (290) heap_init: At 3FFE0440 len 00003AE0 (14 KiB): D/IRAM[0m
[0;32mI (296) heap_init: At 3FFE4350 len 0001BCB0 (111 KiB): D/IRAM[0m
[0;32mI (303) heap_init: At 4008E1D0 len 00011E30 (71 KiB): IRAM[0m
[0;32mI (310) spi_flash: detected chip: generic[0m
[0;32mI (314) spi_flash: flash io: dio[0m
[0;33mW (318) spi_flash: Detected size(4096k) larger than the size in the binary image header(2048k). Using the size in the binary image header.[0m
[0;33mW (331) i2c: This driver is an old driver, please migrate your application code to adapt `driver/i2c_master.h`[0m
[0;32mI (342) main_task: Started on CPU0[0m
[0;32mI (352) main_task: Calling app_main()[0m
[0;32mI (352) gpio: GPIO[32]| InputEn: 0| OutputEn: 0| OpenDrain: 0| Pullup: 1| Pulldown: 0| Intr:0 [0m
[0;32mI (352) gpio: GPIO[35]| InputEn: 0| OutputEn: 0| OpenDrain: 0| Pullup: 1| Pulldown: 0| Intr:0 [0m
[0;32mI (362) gpio: GPIO[18]| InputEn: 0| OutputEn: 0| OpenDrain: 0| Pullup: 1| Pulldown: 0| Intr:0 [0m
[0;32mI (372) mpu9250: Initializating MPU9250[0m
ESP_ERROR_CHECK failed: esp_err_t 0x107 (ESP_ERR_TIMEOUT) at 0x400d85e7
file: "./components/mpu9250/mpu9250.c" line 64
func: i2c_mpu9250_init
expression: i2c_write_bit(I2C_MASTER_NUM, MPU9250_I2C_ADDR, MPU9250_RA_PWR_MGMT_1, MPU9250_PWR1_DEVICE_RESET_BIT, 1)

abort() was called at PC 0x40086c67 on core 0


Backtrace: 0x4008197e:0x3ffb4ee0 0x40086c71:0x3ffb4f00 0x4008cb41:0x3ffb4f20 0x40086c67:0x3ffb4f90 0x400d85e7:0x3ffb4fc0 0x400d6982:0x3ffb4fe0 0x400d6795:0x3ffb5010 0x400eb1f8:0x3ffb5050 0x40087719:0x3ffb5080




ELF file SHA256: a8f16eac1

Rebooting...
ets Jul 29 2019 12:21:46

rst:0xc (SW_CPU_RESET),boot:0x13 (SPI_FAST_FLASH_BOOT)
configsip: 0, SPIWP:0xee
clk_drv:0x00,q_drv:0x00,d_drv:0x00,cs0_drv:0x00,hd_drv:0x00,wp_drv:0x00
mode:DIO, clock div:2
load:0x3fff0030,len:7172
load:0x40078000,len:15532
load:0x40080400,len:4
load:0x40080404,len:3904
entry 0x40080640
[0;32mI (29) boot: ESP-IDF v5.3-dev-1043-g8c9e29898f 2nd stage bootloader[0m
[0;32mI (29) boot: compile time Dec 23 2023 16:25:19[0m
[0;32mI (31) boot: Multicore bootloader[0m
[0;32mI (35) boot: chip revision: v3.0[0m
[0;32mI (39) boot.esp32: SPI Speed      : 40MHz[0m
[0;32mI (44) boot.esp32: SPI Mode       : DIO[0m
[0;32mI (48) boot.esp32: SPI Flash Size : 2MB[0m
[0;32mI (53) boot: Enabling RNG early entropy source...[0m
[0;32mI (58) boot: Partition Table:[0m
[0;32mI (62) boot: ## Label            Usage          Type ST Offset   Length[0m
[0;32mI (69) boot:  0 nvs              WiFi data        01 02 00009000 00006000[0m
[0;32mI (76) boot:  1 phy_init         RF data          01 01 0000f000 00001000[0m
[0;32mI (84) boot:  2 factory          factory app      00 00 00010000 00100000[0m
[0;32mI (91) boot: End of partition table[0m
[0;32mI (96) esp_image: segment 0: paddr=00010020 vaddr=3f400020 size=0ceb4h ( 52916) map[0m
[0;32mI (122) esp_image: segment 1: paddr=0001cedc vaddr=3ffb0000 size=02370h (  9072) load[0m
[0;32mI (126) esp_image: segment 2: paddr=0001f254 vaddr=40080000 size=00dc4h (  3524) load[0m
[0;32mI (129) esp_image: segment 3: paddr=00020020 vaddr=400d0020 size=1ba48h (113224) map[0m
[0;32mI (175) esp_image: segment 4: paddr=0003ba70 vaddr=40080dc4 size=0d40ch ( 54284) load[0m
[0;32mI (204) boot: Loaded app from partition at offset 0x10000[0m
[0;32mI (204) boot: Disabling RNG early entropy source...[0m
[0;32mI (215) cpu_start: Multicore app[0m
[0;32mI (224) cpu_start: Pro cpu start user code[0m
[0;32mI (224) cpu_start: cpu freq: 160000000 Hz[0m
[0;32mI (224) cpu_start: Application information:[0m
[0;32mI (227) cpu_start: Project name:     demo_sophia[0m
[0;32mI (233) cpu_start: App version:      e213c6e-dirty[0m
[0;32mI (238) cpu_start: Compile time:     Dec 23 2023 16:25:04[0m
[0;32mI (244) cpu_start: ELF file SHA256:  a8f16eac1...[0m
[0;32mI (250) cpu_start: ESP-IDF:          v5.3-dev-1043-g8c9e29898f[0m
[0;32mI (256) cpu_start: Min chip rev:     v0.0[0m
[0;32mI (261) cpu_start: Max chip rev:     v3.99 [0m
[0;32mI (266) cpu_start: Chip rev:         v3.0[0m
[0;32mI (271) heap_init: Initializing. RAM available for dynamic allocation:[0m
[0;32mI (278) heap_init: At 3FFAE6E0 len 00001920 (6 KiB): DRAM[0m
[0;32mI (284) heap_init: At 3FFB2D50 len 0002D2B0 (180 KiB): DRAM[0m
[0;32mI (290) heap_init: At 3FFE0440 len 00003AE0 (14 KiB): D/IRAM[0m
[0;32mI (296) heap_init: At 3FFE4350 len 0001BCB0 (111 KiB): D/IRAM[0m
[0;32mI (303) heap_init: At 4008E1D0 len 00011E30 (71 KiB): IRAM[0m
[0;32mI (310) spi_flash: detected chip: generic[0m
[0;32mI (314) spi_flash: flash io: dio[0m
[0;33mW (318) spi_flash: Detected size(4096k) larger than the size in the binary image header(2048k). Using the size in the binary image header.[0m
[0;33mW (331) i2c: This driver is an old driver, please migrate your application code to adapt `driver/i2c_master.h`[0m
[0;32mI (342) main_task: Started on CPU0[0m
[0;32mI (352) main_task: Calling app_main()[0m
[0;32mI (352) gpio: GPIO[32]| InputEn: 0| OutputEn: 0| OpenDrain: 0| Pullup: 1| Pulldown: 0| Intr:0 [0m
[0;32mI (352) gpio: GPIO[35]| InputEn: 0| OutputEn: 0| OpenDrain: 0| Pullup: 1| Pulldown: 0| Intr:0 [0m
[0;32mI (362) gpio: GPIO[18]| InputEn: 0| OutputEn: 0| OpenDrain: 0| Pullup: 1| Pulldown: 0| Intr:0 [0m
[0;32mI (372) mpu9250: Initializating MPU9250[0m
ESP_ERROR_CHECK failed: esp_err_t 0x107 (ESP_ERR_TIMEOUT) at 0x400d85e7
file: "./components/mpu9250/mpu9250.c" line 64
func: i2c_mpu9250_init
expression: i2c_write_bit(I2C_MASTER_NUM, MPU9250_I2C_ADDR, MPU9250_RA_PWR_MGMT_1, MPU9250_PWR1_DEVICE_RESET_BIT, 1)

abort() was called at PC 0x40086c67 on core 0


Backtrace: 0x4008197e:0x3ffb4ee0 0x40086c71:0x3ffb4f00 0x4008cb41:0x3ffb4f20 0x40086c67:0x3ffb4f90 0x400d85e7:0x3ffb4fc0 0x400d6982:0x3ffb4fe0 0x400d6795:0x3ffb5010 0x400eb1f8:0x3ffb5050 0x40087719:0x3ffb5080




ELF file SHA256: a8f16eac1

Rebooting...
ets Jul 29 2019 12:21:46

rst:0xc (SW_CPU_RESET),boot:0x13 (SPI_FAST_FLASH_BOOT)
configsip: 0, SPIWP:0xee
clk_drv:0x00,q_drv:0x00,d_drv:0x00,cs0_drv:0x00,hd_drv:0x00,wp_drv:0x00
mode:DIO, clock div:2
load:0x3fff0030,len:7172
load:0x40078000,len:15532
load:0x40080400,len:4
load:0x40080404,len:3904
entry 0x40080640
[0;32mI (29) boot: ESP-IDF v5.3-dev-1043-g8c9e29898f 2nd stage bootloader[0m
[0;32mI (29) boot: compile time Dec 23 2023 16:25:19[0m
[0;32mI (31) boot: Multicore bootloader[0m
[0;32mI (35) boot: chip revision: v3.0[0m
[0;32mI (39) boot.esp32: SPI Speed      : 40MHz[0m
[0;32mI (44) boot.esp32: SPI Mode       : DIO[0m
[0;32mI (48) boot.esp32: SPI Flash Size : 2MB[0m
[0;32mI (53) boot: Enabling RNG early entropy source...[0m
[0;32mI (58) boot: Partition Table:[0m
[0;32mI (62) boot: ## Label            Usage          Type ST Offset   Length[0m
[0;32mI (69) boot:  0 nvs              WiFi data        01 02 00009000 00006000[0m
[0;32mI (76) boot:  1 phy_init         RF data          01 01 0000f000 00001000[0m
[0;32mI (84) boot:  2 factory          factory app      00 00 00010000 00100000[0m
[0;32mI (91) boot: End of partition table[0m
[0;32mI (96) esp_image: segment 0: paddr=00010020 vaddr=3f400020 size=0ceb4h ( 52916) map[0m
[0;32mI (122) esp_image: segment 1: paddr=0001cedc vaddr=3ffb0000 size=02370h (  9072) load[0m
[0;32mI (126) esp_image: segment 2: paddr=0001f254 vaddr=40080000 size=00dc4h (  3524) load[0m
[0;32mI (129) esp_image: segment 3: paddr=00020020 vaddr=400d0020 size=1ba48h (113224) map[0m
[0;32mI (175) esp_image: segment 4: paddr=0003ba70 vaddr=40080dc4 size=0d40ch ( 54284) load[0m
[0;32mI (204) boot: Loaded app from partition at offset 0x10000[0m
[0;32mI (204) boot: Disabling RNG early entropy source...[0m
[0;32mI (215) cpu_start: Multicore app[0m
[0;32mI (224) cpu_start: Pro cpu start user code[0m
[0;32mI (224) cpu_start: cpu freq: 160000000 Hz[0m
[0;32mI (224) cpu_start: Application information:[0m
[0;32mI (227) cpu_start: Project name:     demo_sophia[0m
[0;32mI (233) cpu_start: App version:      e213c6e-dirty[0m
[0;32mI (238) cpu_start: Compile time:     Dec 23 2023 16:25:04[0m
[0;32mI (244) cpu_start: ELF file SHA256:  a8f16eac1...[0m
[0;32mI (250) cpu_start: ESP-IDF:          v5.3-dev-1043-g8c9e29898f[0m
[0;32mI (256) cpu_start: Min chip rev:     v0.0[0m
[0;32mI (261) cpu_start: Max chip rev:     v3.99 [0m
[0;32mI (266) cpu_start: Chip rev:         v3.0[0m
[0;32mI (271) heap_init: Initializing. RAM available for dynamic allocation:[0m
[0;32mI (278) heap_init: At 3FFAE6E0 len 00001920 (6 KiB): DRAM[0m
[0;32mI (284) heap_init: At 3FFB2D50 len 0002D2B0 (180 KiB): DRAM[0m
[0;32mI (290) heap_init: At 3FFE0440 len 00003AE0 (14 KiB): D/IRAM[0m
[0;32mI (296) heap_init: At 3FFE4350 len 0001BCB0 (111 KiB): D/IRAM[0m
[0;32mI (303) heap_init: At 4008E1D0 len 00011E30 (71 KiB): IRAM[0m
[0;32mI (310) spi_flash: detected chip: generic[0m
[0;32mI (314) spi_flash: flash io: dio[0m
[0;33mW (318) spi_flash: Detected size(4096k) larger than the size in the binary image header(2048k). Using the size in the binary image header.[0m
[0;33mW (331) i2c: This driver is an old driver, please migrate your application code to adapt `driver/i2c_master.h`[0m
[0;32mI (342) main_task: Started on CPU0[0m
[0;32mI (352) main_task: Calling app_main()[0m
[0;32mI (352) gpio: GPIO[32]| InputEn: 0| OutputEn: 0| OpenDrain: 0| Pullup: 1| Pulldown: 0| Intr:0 [0m
[0;32mI (352) gpio: GPIO[35]| InputEn: 0| OutputEn: 0| OpenDrain: 0| Pullup: 1| Pulldown: 0| Intr:0 [0m
[0;32mI (362) gpio: GPIO[18]| InputEn: 0| OutputEn: 0| OpenDrain: 0| Pullup: 1| Pulldown: 0| Intr:0 [0m
[0;32mI (372) mpu9250: Initializating MPU9250[0m
ESP_ERROR_CHECK failed: esp_err_t 0x107 (ESP_ERR_TIMEOUT) at 0x400d85e7
file: "./components/mpu9250/mpu9250.c" line 64
func: i2c_mpu9250_init
expression: i2c_write_bit(I2C_MASTER_NUM, MPU9250_I2C_ADDR, MPU9250_RA_PWR_MGMT_1, MPU9250_PWR1_DEVICE_RESET_BIT, 1)

abort() was called at PC 0x40086c67 on core 0


Backtrace: 0x4008197e:0x3ffb4ee0 0x40086c71:0x3ffb4f00 0x4008cb41:0x3ffb4f20 0x40086c67:0x3ffb4f90 0x400d85e7:0x3ffb4fc0 0x400d6982:0x3ffb4fe0 0x400d6795:0x3ffb5010 0x400eb1f8:0x3ffb5050 0x40087719:0x3ffb5080




ELF file SHA256: a8f16eac1

Rebooting...
ets Jul 29 2019 12:21:46

rst:0xc (SW_CPU_RESET),boot:0x13 (SPI_FAST_FLASH_BOOT)
configsip: 0, SPIWP:0xee
clk_drv:0x00,q_drv:0x00,d_drv:0x00,cs0_drv:0x00,hd_drv:0x00,wp_drv:0x00
mode:DIO, clock div:2
load:0x3fff0030,len:7172
load:0x40078000,len:15532
load:0x40080400,len:4
load:0x40080404,len:3904
entry 0x40080640
[0;32mI (29) boot: ESP-IDF v5.3-dev-1043-g8c9e29898f 2nd stage bootloader[0m
[0;32mI (29) boot: compile time Dec 23 2023 16:25:19[0m
[0;32mI (31) boot: Multicore bootloader[0m
[0;32mI (35) boot: chip revision: v3.0[0m
[0;32mI (39) boot.esp32: SPI Speed      : 40MHz[0m
[0;32mI (44) boot.esp32: SPI Mode       : DIO[0m
[0;32mI (48) boot.esp32: SPI Flash Size : 2MB[0m
[0;32mI (53) boot: Enabling RNG early entropy source...[0m
[0;32mI (58) boot: Partition Table:[0m
[0;32mI (62) boot: ## Label            Usage          Type ST Offset   Length[0m
[0;32mI (69) boot:  0 nvs              WiFi data        01 02 00009000 00006000[0m
[0;32mI (76) boot:  1 phy_init         RF data          01 01 0000f000 00001000[0m
[0;32mI (84) boot:  2 factory          factory app      00 00 00010000 00100000[0m
[0;32mI (91) boot: End of partition table[0m
[0;32mI (96) esp_image: segment 0: paddr=00010020 vaddr=3f400020 size=0ceb4h ( 52916) map[0m
[0;32mI (122) esp_image: segment 1: paddr=0001cedc vaddr=3ffb0000 size=02370h (  9072) load[0m
[0;32mI (126) esp_image: segment 2: paddr=0001f254 vaddr=40080000 size=00dc4h (  3524) load[0m
[0;32mI (129) esp_image: segment 3: paddr=00020020 vaddr=400d0020 size=1ba48h (113224) map[0m
[0;32mI (175) esp_image: segment 4: paddr=0003ba70 vaddr=40080dc4 size=0d40ch ( 54284) load[0m
[0;32mI (204) boot: Loaded app from partition at offset 0x10000[0m
[0;32mI (204) boot: Disabling RNG early entropy source...[0m
[0;32mI (215) cpu_start: Multicore app[0m
[0;32mI (224) cpu_start: Pro cpu start user code[0m
[0;32mI (224) cpu_start: cpu freq: 160000000 Hz[0m
[0;32mI (224) cpu_start: Application information:[0m
[0;32mI (227) cpu_start: Project name:     demo_sophia[0m
[0;32mI (233) cpu_start: App version:      e213c6e-dirty[0m
[0;32mI (238) cpu_start: Compile time:     Dec 23 2023 16:25:04[0m
[0;32mI (244) cpu_start: ELF file SHA256:  a8f16eac1...[0m
[0;32mI (250) cpu_start: ESP-IDF:          v5.3-dev-1043-g8c9e29898f[0m
[0;32mI (256) cpu_start: Min chip rev:     v0.0[0m
[0;32mI (261) cpu_start: Max chip rev:     v3.99 [0m
[0;32mI (266) cpu_start: Chip rev:         v3.0[0m
[0;32mI (271) heap_init: Initializing. RAM available for dynamic allocation:[0m
[0;32mI (278) heap_init: At 3FFAE6E0 len 00001920 (6 KiB): DRAM[0m
[0;32mI (284) heap_init: At 3FFB2D50 len 0002D2B0 (180 KiB): DRAM[0m
[0;32mI (290) heap_init: At 3FFE0440 len 00003AE0 (14 KiB): D/IRAM[0m
[0;32mI (296) heap_init: At 3FFE4350 len 0001BCB0 (111 KiB): D/IRAM[0m
[0;32mI (303) heap_init: At 4008E1D0 len 00011E30 (71 KiB): IRAM[0m
[0;32mI (310) spi_flash: detected chip: generic[0m
[0;32mI (314) spi_flash: flash io: dio[0m
[0;33mW (318) spi_flash: Detected size(4096k) larger than the size in the binary image header(2048k). Using the size in the binary image header.[0m
[0;33mW (331) i2c: This driver is an old driver, please migrate your application code to adapt `driver/i2c_master.h`[0m
[0;32mI (342) main_task: Started on CPU0[0m
[0;32mI (352) main_task: Calling app_main()[0m
[0;32mI (352) gpio: GPIO[32]| InputEn: 0| OutputEn: 0| OpenDrain: 0| Pullup: 1| Pulldown: 0| Intr:0 [0m
[0;32mI (352) gpio: GPIO[35]| InputEn: 0| OutputEn: 0| OpenDrain: 0| Pullup: 1| Pulldown: 0| Intr:0 [0m
[0;32mI (362) gpio: GPIO[18]| InputEn: 0| OutputEn: 0| OpenDrain: 0| Pullup: 1| Pulldown: 0| Intr:0 [0m
[0;32mI (372) mpu9250: Initializating MPU9250[0m
ESP_ERROR_CHECK failed: esp_err_t 0x107 (ESP_ERR_TIMEOUT) at 0x400d85e7
file: "./components/mpu9250/mpu9250.c" line 64
func: i2c_mpu9250_init
expression: i2c_write_bit(I2C_MASTER_NUM, MPU9250_I2C_ADDR, MPU9250_RA_PWR_MGMT_1, MPU9250_PWR1_DEVICE_RESET_BIT, 1)

abort() was called at PC 0x40086c67 on core 0


Backtrace: 0x4008197e:0x3ffb4ee0 0x40086c71:0x3ffb4f00 0x4008cb41:0x3ffb4f20 0x40086c67:0x3ffb4f90 0x400d85e7:0x3ffb4fc0 0x400d6982:0x3ffb4fe0 0x400d6795:0x3ffb5010 0x400eb1f8:0x3ffb5050 0x40087719:0x3ffb5080




ELF file SHA256: a8f16eac1

Rebooting...
ets Jul 29 2019 12:21:46

rst:0xc (SW_CPU_RESET),boot:0x13 (SPI_FAST_FLASH_BOOT)
configsip: 0, SPIWP:0xee
clk_drv:0x00,q_drv:0x00,d_drv:0x00,cs0_drv:0x00,hd_drv:0x00,wp_drv:0x00
mode:DIO, clock div:2
load:0x3fff0030,len:7172
load:0x40078000,len:15532
load:0x40080400,len:4
load:0x40080404,len:3904
entry 0x40080640
[0;32mI (29) boot: ESP-IDF v5.3-dev-1043-g8c9e29898f 2nd stage bootloader[0m
[0;32mI (29) boot: compile time Dec 23 2023 16:25:19[0m
[0;32mI (31) boot: Multicore bootloader[0m
[0;32mI (35) boot: chip revision: v3.0[0m
[0;32mI (39) boot.esp32: SPI Speed      : 40MHz[0m
[0;32mI (44) boot.esp32: SPI Mode       : DIO[0m
[0;32mI (48) boot.esp32: SPI Flash Size : 2MB[0m
[0;32mI (53) boot: Enabling RNG early entropy source...[0m
[0;32mI (58) boot: Partition Table:[0m
[0;32mI (62) boot: ## Label            Usage          Type ST Offset   Length[0m
[0;32mI (69) boot:  0 nvs              WiFi data        01 02 00009000 00006000[0m
[0;32mI (76) boot:  1 phy_init         RF data          01 01 0000f000 00001000[0m
[0;32mI (84) boot:  2 factory          factory app      00 00 00010000 00100000[0m
[0;32mI (91) boot: End of partition table[0m
[0;32mI (96) esp_image: segment 0: paddr=00010020 vaddr=3f400020 size=0ceb4h ( 52916) map[0m
[0;32mI (122) esp_image: segment 1: paddr=0001cedc vaddr=3ffb0000 size=02370h (  9072) load[0m
[0;32mI (126) esp_image: segment 2: paddr=0001f254 vaddr=40080000 size=00dc4h (  3524) load[0m
[0;32mI (129) esp_image: segment 3: paddr=00020020 vaddr=400d0020 size=1ba48h (113224) map[0m
[0;32mI (175) esp_image: segment 4: paddr=0003ba70 vaddr=40080dc4 size=0d40ch ( 54284) load[0m
[0;32mI (204) boot: Loaded app from partition at offset 0x10000[0m
[0;32mI (204) boot: Disabling RNG early entropy source...[0m
[0;32mI (215) cpu_start: Multicore app[0m
[0;32mI (224) cpu_start: Pro cpu start user code[0m
[0;32mI (224) cpu_start: cpu freq: 160000000 Hz[0m
[0;32mI (224) cpu_start: Application information:[0m
[0;32mI (227) cpu_start: Project name:     demo_sophia[0m
[0;32mI (233) cpu_start: App version:      e213c6e-dirty[0m
[0;32mI (238) cpu_start: Compile time:     Dec 23 2023 16:25:04[0m
[0;32mI (244) cpu_start: ELF file SHA256:  a8f16eac1...[0m
[0;32mI (250) cpu_start: ESP-IDF:          v5.3-dev-1043-g8c9e29898f[0m
[0;32mI (256) cpu_start: Min chip rev:     v0.0[0m
[0;32mI (261) cpu_start: Max chip rev:     v3.99 [0m
[0;32mI (266) cpu_start: Chip rev:         v3.0[0m
[0;32mI (271) heap_init: Initializing. RAM available for dynamic allocation:[0m
[0;32mI (278) heap_init: At 3FFAE6E0 len 00001920 (6 KiB): DRAM[0m
[0;32mI (284) heap_init: At 3FFB2D50 len 0002D2B0 (180 KiB): DRAM[0m
[0;32mI (290) heap_init: At 3FFE0440 len 00003AE0 (14 KiB): D/IRAM[0m
[0;32mI (296) heap_init: At 3FFE4350 len 0001BCB0 (111 KiB): D/IRAM[0m
[0;32mI (303) heap_init: At 4008E1D0 len 00011E30 (71 KiB): IRAM[0m
[0;32mI (310) spi_flash: detected chip: generic[0m
[0;32mI (314) spi_flash: flash io: dio[0m
[0;33mW (318) spi_flash: Detected size(4096k) larger than the size in the binary image header(2048k). Using the size in the binary image header.[0m
[0;33mW (331) i2c: This driver is an old driver, please migrate your application code to adapt `driver/i2c_master.h`[0m
[0;32mI (342) main_task: Started on CPU0[0m
[0;32mI (352) main_task: Calling app_main()[0m
[0;32mI (352) gpio: GPIO[32]| InputEn: 0| OutputEn: 0| OpenDrain: 0| Pullup: 1| Pulldown: 0| Intr:0 [0m
[0;32mI (352) gpio: GPIO[35]| InputEn: 0| OutputEn: 0| OpenDrain: 0| Pullup: 1| Pulldown: 0| Intr:0 [0m
[0;32mI (362) gpio: GPIO[18]| InputEn: 0| OutputEn: 0| OpenDrain: 0| Pullup: 1| Pulldown: 0| Intr:0 [0m
[0;32mI (372) mpu9250: Initializating MPU9250[0m
ESP_ERROR_CHECK failed: esp_err_t 0x107 (ESP_ERR_TIMEOUT) at 0x400d85e7
file: "./components/mpu9250/mpu9250.c" line 64
func: i2c_mpu9250_init
expression: i2c_write_bit(I2C_MASTER_NUM, MPU9250_I2C_ADDR, MPU9250_RA_PWR_MGMT_1, MPU9250_PWR1_DEVICE_RESET_BIT, 1)

abort() was called at PC 0x40086c67 on core 0


Backtrace: 0x4008197e:0x3ffb4ee0 0x40086c71:0x3ffb4f00 0x4008cb41:0x3ffb4f20 0x40086c67:0x3ffb4f90 0x400d85e7:0x3ffb4fc0 0x400d6982:0x3ffb4fe0 0x400d6795:0x3ffb5010 0x400eb1f8:0x3ffb5050 0x40087719:0x3ffb5080




ELF file SHA256: a8f16eac1

Rebooting...
ets Jul 29 2019 12:21:46

rst:0xc (SW_CPU_RESET),boot:0x13 (SPI_FAST_FLASH_BOOT)
configsip: 0, SPIWP:0xee
clk_drv:0x00,q_drv:0x00,d_drv:0x00,cs0_drv:0x00,hd_drv:0x00,wp_drv:0x00
mode:DIO, clock div:2
load:0x3fff0030,len:7172
load:0x40078000,len:15532
load:0x40080400,len:4
load:0x40080404,len:3904
entry 0x40080640
[0;32mI (29) boot: ESP-IDF v5.3-dev-1043-g8c9e29898f 2nd stage bootloader[0m
[0;32mI (29) boot: compile time Dec 23 2023 16:25:19[0m
[0;32mI (31) boot: Multicore bootloader[0m
[0;32mI (35) boot: chip revision: v3.0[0m
[0;32mI (39) boot.esp32: SPI Speed      : 40MHz[0m
[0;32mI (44) boot.esp32: SPI Mode       : DIO[0m
[0;32mI (48) boot.esp32: SPI Flash Size : 2MB[0m
[0;32mI (53) boot: Enabling RNG early entropy source...[0m
[0;32mI (58) boot: Partition Table:[0m
[0;32mI (62) boot: ## Label            Usage          Type ST Offset   Length[0m
[0;32mI (69) boot:  0 nvs              WiFi data        01 02 00009000 00006000[0m
[0;32mI (76) boot:  1 phy_init         RF data          01 01 0000f000 00001000[0m
[0;32mI (84) boot:  2 factory          factory app      00 00 00010000 00100000[0m
[0;32mI (91) boot: End of partition table[0m
[0;32mI (96) esp_image: segment 0: paddr=00010020 vaddr=3f400020 size=0ceb4h ( 52916) map[0m
[0;32mI (122) esp_image: segment 1: paddr=0001cedc vaddr=3ffb0000 size=02370h (  9072) load[0m
[0;32mI (126) esp_image: segment 2: paddr=0001f254 vaddr=40080000 size=00dc4h (  3524) load[0m
[0;32mI (129) esp_image: segment 3: paddr=00020020 vaddr=400d0020 size=1ba48h (113224) map[0m
[0;32mI (175) esp_image: segment 4: paddr=0003ba70 vaddr=40080dc4 size=0d40ch ( 54284) load[0m
[0;32mI (204) boot: Loaded app from partition at offset 0x10000[0m
[0;32mI (204) boot: Disabling RNG early entropy source...[0m
[0;32mI (215) cpu_start: Multicore app[0m
[0;32mI (224) cpu_start: Pro cpu start user code[0m
[0;32mI (224) cpu_start: cpu freq: 160000000 Hz[0m
[0;32mI (225) cpu_start: Application information:[0m
[0;32mI (227) cpu_start: Project name:     demo_sophia[0m
[0;32mI (233) cpu_start: App version:      e213c6e-dirty[0m
[0;32mI (238) cpu_start: Compile time:     Dec 23 2023 16:25:04[0m
[0;32mI (244) cpu_start: ELF file SHA256:  a8f16eac1...[0m
[0;32mI (250) cpu_start: ESP-IDF:          v5.3-dev-1043-g8c9e29898f[0m
[0;32mI (256) cpu_start: Min chip rev:     v0.0[0m
[0;32mI (261) cpu_start: Max chip rev:     v3.99 [0m
[0;32mI (266) cpu_start: Chip rev:         v3.0[0m
[0;32mI (271) heap_init: Initializing. RAM available for dynamic allocation:[0m
[0;32mI (278) heap_init: At 3FFAE6E0 len 00001920 (6 KiB): DRAM[0m
[0;32mI (284) heap_init: At 3FFB2D50 len 0002D2B0 (180 KiB): DRAM[0m
[0;32mI (290) heap_init: At 3FFE0440 len 00003AE0 (14 KiB): D/IRAM[0m
[0;32mI (296) heap_init: At 3FFE4350 len 0001BCB0 (111 KiB): D/IRAM[0m
[0;32mI (303) heap_init: At 4008E1D0 len 00011E30 (71 KiB): IRAM[0m
[0;32mI (310) spi_flash: detected chip: generic[0m
[0;32mI (314) spi_flash: flash io: dio[0m
