Rmode:DIO, clock div:2
load:0x3fffï¿½ets Jul 29 2019 12:21:46

rst:0x1 (POWERON_RESET),boot:0x13 (SPI_FAST_FLASH_BOOT)
configsip: 0, SPIWP:0xee
clk_drv:0x00,q_drv:0x00,d_drv:0x00,cs0_drv:0x00,hd_drv:0x00,wp_drv:0x00
mode:DIO, clock div:2
load:0x3fff0030,len:7172
load:0x40078000,len:15532
load:0x40080400,len:4
load:0x40080404,len:3904
entry 0x40080640
[0;32mI (29) boot: ESP-IDF v5.3-dev-1043-g8c9e29898f 2nd stage bootloader[0m
[0;32mI (29) boot: compile time Dec 22 2023 23:19:17[0m
[0;32mI (31) boot: Multicore bootloader[0m
[0;32mI (35) boot: chip revision: v3.0[0m
[0;32mI (39) boot.esp32: SPI Speed      : 40MHz[0m
[0;32mI (44) boot.esp32: SPI Mode       : DIO[0m
[0;32mI (48) boot.esp32: SPI Flash Size : 2MB[0m
[0;32mI (53) boot: Enabling RNG early entropy source...[0m
[0;32mI (58) boot: Partition Table:[0m
[0;32mI (62) boot: ## Label            Usage          Type ST Offset   Length[0m
[0;32mI (69) boot:  0 nvs              WiFi data        01 02 00009000 00006000[0m
[0;32mI (76) boot:  1 phy_init         RF data          01 01 0000f000 00001000[0m
[0;32mI (84) boot:  2 factory          factory app      00 00 00010000 00100000[0m
[0;32mI (91) boot: End of partition table[0m
[0;32mI (96) esp_image: segment 0: paddr=00010020 vaddr=3f400020 size=0a1a8h ( 41384) map[0m
[0;32mI (118) esp_image: segment 1: paddr=0001a1d0 vaddr=3ffb0000 size=02268h (  8808) load[0m
[0;32mI (122) esp_image: segment 2: paddr=0001c440 vaddr=40080000 size=03bd8h ( 15320) load[0m
[0;32mI (130) esp_image: segment 3: paddr=00020020 vaddr=400d0020 size=14cc0h ( 85184) map[0m
[0;32mI (162) esp_image: segment 4: paddr=00034ce8 vaddr=40083bd8 size=08d34h ( 36148) load[0m
[0;32mI (183) boot: Loaded app from partition at offset 0x10000[0m
[0;32mI (183) boot: Disabling RNG early entropy source...[0m
[0;32mI (194) cpu_start: Multicore app[0m
[0;32mI (203) cpu_start: Pro cpu start user code[0m
[0;32mI (203) cpu_start: cpu freq: 160000000 Hz[0m
[0;32mI (203) cpu_start: Application information:[0m
[0;32mI (206) cpu_start: Project name:     demo_sophia[0m
[0;32mI (211) cpu_start: App version:      334cffb-dirty[0m
[0;32mI (217) cpu_start: Compile time:     Dec 22 2023 23:19:04[0m
[0;32mI (223) cpu_start: ELF file SHA256:  20c6ed472...[0m
[0;32mI (228) cpu_start: ESP-IDF:          v5.3-dev-1043-g8c9e29898f[0m
[0;32mI (235) cpu_start: Min chip rev:     v0.0[0m
[0;32mI (240) cpu_start: Max chip rev:     v3.99 [0m
[0;32mI (244) cpu_start: Chip rev:         v3.0[0m
[0;32mI (249) heap_init: Initializing. RAM available for dynamic allocation:[0m
[0;32mI (257) heap_init: At 3FFAE6E0 len 00001920 (6 KiB): DRAM[0m
[0;32mI (262) heap_init: At 3FFB2B30 len 0002D4D0 (181 KiB): DRAM[0m
[0;32mI (269) heap_init: At 3FFE0440 len 00003AE0 (14 KiB): D/IRAM[0m
[0;32mI (275) heap_init: At 3FFE4350 len 0001BCB0 (111 KiB): D/IRAM[0m
[0;32mI (281) heap_init: At 4008C90C len 000136F4 (77 KiB): IRAM[0m
[0;32mI (289) spi_flash: detected chip: generic[0m
[0;32mI (292) spi_flash: flash io: dio[0m
[0;33mW (296) spi_flash: Detected size(4096k) larger than the size in the binary image header(2048k). Using the size in the binary image header.[0m
[0;32mI (310) main_task: Started on CPU0[0m
[0;32mI (320) main_task: Calling app_main()[0m
[0;32mI (320) gpio: GPIO[32]| InputEn: 0| OutputEn: 0| OpenDrain: 0| Pullup: 1| Pulldown: 0| Intr:0 [0m
[0;32mI (320) gpio: GPIO[35]| InputEn: 0| OutputEn: 0| OpenDrain: 0| Pullup: 1| Pulldown: 0| Intr:0 [0m
Starting main loop
0
0
0
0
0
0
0
0
0
0
0
0
0
0
0
0
0
0
0
0
0
0
0
0
0
0
0
0
0
0
0
0
0
0
0
0
0
0
0
0
0
0
0
0
0
0
0
0
0
0
0
0
0
0
0
0
0
0
0
0
0
0
0
0
0
0
0
0
0
0
0
0
0
0
0
0
0
0
0
0
0
0
0
0
0
0
0
0
0
0
0
0
0
0
0
0
0
0
0
0
0
0
0
0
0
0
0
0
0
0
0
0
0
0
0
0
0
0
0
0
0
0
0
0
0
0
0
0
0
0
0
0
0
0
0
0
0
0
0
0
0
0
0
0
0
0
0
0
0
0
0
0
0
0
0
0
0
0
0
0
0
0
0
0
0
0
0
0
0
0
0
0
0
0
0
0
0
0
0
0
0
0
0
0
0
0
0
0
0
0
0
0
0
0
0
0
0
0
0
0
0
0
0
0
0
0
0
0
0
0
0
0
0
0
0
0
0
0
0
0
0
0
0
0
0
0
0
0
0
0
0
0
0
0
0
0
0
0
0
0
0
0
0
0
0
0
0
0
0
0
0
0
0
0
0
0
0
0
0
0
0
0
0
0
0
0
0
0
0
0
0
0
0
0
0
0
0
0
0
0
0
0
0
0
0
0
0
0
0
0
0
0
0
0
0
0
0
0
0
0
0
0
0
0
0
0
0
0
0
0
0
0
0
0
0
0
0
0
0
0
0
0
0
0
0
0
0
0
0
0
0
0
0
0
0
0
0
0
0
0
0
0
0
0
0
0
0
0
0
0
0
0
0
0
0
0
0
0
0
0
0
0
0
0
0
0
0
0
0
0
0
0
0
0
0
0
0
0
0
0
0
0
0
0
0
0
0

abort() was called at PC 0x40082707 on core 0


Backtrace: 0x4008184a:0x3ffb0dc0 0x4008598d:0x3ffb0de0 0x4008b27d:0x3ffb0e00 0x40082707:0x3ffb0e70 0x40082845:0x3ffb0ea0 0x400828be:0x3ffb0ec0 0x400d97f6:0x3ffb0ef0 0x400d983b:0x3ffb0f30 0x400d600a:0x3ffb0f50 0x40083281:0x3ffb0f70 0x4008334f:0x3ffb0fa0 0x4008302d:0x3ffb0fd0 0x400847af:0x3ffb5400 0x400d22bb:0x3ffb5420 0x40086fe6:0x3ffb5440 0x400861f1:0x3ffb5460




ELF file SHA256: 20c6ed472

Rebooting...
ets Jul 29 2019 12:21:46

rst:0xc (SW_CPU_RESET),boot:0x13 (SPI_FAST_FLASH_BOOT)
configsip: 0, SPIWP:0xee
clk_drv:0x00,q_drv:0x00,d_drv:0x00,cs0_drv:0x00,hd_drv:0x00,wp_drv:0x00
mode:DIO, clock div:2
load:0x3fff0030,len:7172
load:0x40078000,len:15532
load:0x40080400,len:4
load:0x40080404,len:3904
entry 0x40080640
[0;32mI (29) boot: ESP-IDF v5.3-dev-1043-g8c9e29898f 2nd stage bootloader[0m
[0;32mI (29) boot: compile time Dec 22 2023 23:19:17[0m
[0;32mI (31) boot: Multicore bootloader[0m
[0;32mI (35) boot: chip revision: v3.0[0m
[0;32mI (39) boot.esp32: SPI Speed      : 40MHz[0m
[0;32mI (44) boot.esp32: SPI Mode       : DIO[0m
[0;32mI (48) boot.esp32: SPI Flash Size : 2MB[0m
[0;32mI (53) boot: Enabling RNG early entropy source...[0m
[0;32mI (58) boot: Partition Table:[0m
[0;32mI (62) boot: ## Label            Usage          Type ST Offset   Length[0m
[0;32mI (69) boot:  0 nvs              WiFi data        01 02 00009000 00006000[0m
[0;32mI (76) boot:  1 phy_init         RF data          01 01 0000f000 00001000[0m
[0;32mI (84) boot:  2 factory          factory app      00 00 00010000 00100000[0m
[0;32mI (91) boot: End of partition table[0m
[0;32mI (96) esp_image: segment 0: paddr=00010020 vaddr=3f400020 size=0a1a8h ( 41384) map[0m
[0;32mI (118) esp_image: segment 1: paddr=0001a1d0 vaddr=3ffb0000 size=02268h (  8808) load[0m
[0;32mI (122) esp_image: segment 2: paddr=0001c440 vaddr=40080000 size=03bd8h ( 15320) load[0m
[0;32mI (130) esp_image: segment 3: paddr=00020020 vaddr=400d0020 size=14cc0h ( 85184) map[0m
[0;32mI (162) esp_image: segment 4: paddr=00034ce8 vaddr=40083bd8 size=08d34h ( 36148) load[0m
[0;32mI (182) boot: Loaded app from partition at offset 0x10000[0m
[0;32mI (183) boot: Disabling RNG early entropy source...[0m
[0;32mI (194) cpu_start: Multicore app[0m
[0;32mI (203) cpu_start: Pro cpu start user code[0m
[0;32mI (203) cpu_start: cpu freq: 160000000 Hz[0m
[0;32mI (203) cpu_start: Application information:[0m
[0;32mI (206) cpu_start: Project name:     demo_sophia[0m
[0;32mI (211) cpu_start: App version:      334cffb-dirty[0m
[0;32mI (217) cpu_start: Compile time:     Dec 22 2023 23:19:04[0m
[0;32mI (223) cpu_start: ELF file SHA256:  20c6ed472...[0m
[0;32mI (228) cpu_start: ESP-IDF:          v5.3-dev-1043-g8c9e29898f[0m
[0;32mI (235) cpu_start: Min chip rev:     v0.0[0m
[0;32mI (239) cpu_start: Max chip rev:     v3.99 [0m
[0;32mI (244) cpu_start: Chip rev:         v3.0[0m
[0;32mI (249) heap_init: Initializing. RAM available for dynamic allocation:[0m
[0;32mI (256) heap_init: At 3FFAE6E0 len 00001920 (6 KiB): DRAM[0m
[0;32mI (262) heap_init: At 3FFB2B30 len 0002D4D0 (181 KiB): DRAM[0m
[0;32mI (269) heap_init: At 3FFE0440 len 00003AE0 (14 KiB): D/IRAM[0m
[0;32mI (275) heap_init: At 3FFE4350 len 0001BCB0 (111 KiB): D/IRAM[0m
[0;32mI (281) heap_init: At 4008C90C len 000136F4 (77 KiB): IRAM[0m
[0;32mI (289) spi_flash: detected chip: generic[0m
[0;32mI (292) spi_flash: flash io: dio[0m
[0;33mW (296) spi_flash: Detected size(4096k) larger than the size in the binary image header(2048k). Using the size in the binary image header.[0m
[0;32mI (310) main_task: Started on CPU0[0m
[0;32mI (320) main_task: Calling app_main()[0m
[0;32mI (320) gpio: GPIO[32]| InputEn: 0| OutputEn: 0| OpenDrain: 0| Pullup: 1| Pulldown: 0| Intr:0 [0m
[0;32mI (320) gpio: GPIO[35]| InputEn: 0| OutputEn: 0| OpenDrain: 0| Pullup: 1| Pulldown: 0| Intr:0 [0m
Starting main loop
0
0
0
0
0
0
0
0
1
0
0
0
0
0
0
1
1
1
1
1
1
1
1
1
1
0
0
0
0
0
0
0
0
0
0
1
1
1
1
1
1
1
1
1
1
1
1
1
1
1
1
1
1
1
1
1
1
1
1
1
1
1
1
1
1
1
1
1
1
1
1
1
1
1
1
1
1
1
1
1
1
1
1
1
1
1
1
1
1
1
1
1
1
1
1
1
1
1
1
1
1
1
1
1
1
1
1
1
1
1
1
1
1
1
1
1
1
1
1
1
1
1
1
1
1
1
1
1
1
1
1
1
1
1
1
1
1
1
1
1
1
1
1
1
1
1
1
1
1
1
1
1
1
1
1
1
1
1
1
1
1
1
1
1
1
1
1
1
1
1
1
1
1
1
1
1
1
1
1
1
1
1
1
1
1
1
