hd_drv:0x00}ï¿½ï¿½ï¿½ï¿½0x00
mode:DIO, clock div:ï¿½ets Jul 29 2019 12:21:46

rst:0x1 (POWERON_RESET),boot:0x13 (SPI_FAST_FLASH_BOOT)
configsip: 0, SPIWP:0xee
clk_drv:0x00,q_drv:0x00,d_drv:0x00,cs0_drv:0x00,hd_drv:0x00,wp_drv:0x00
mode:DIO, clock div:2
load:0x3fff0030,len:7172
load:0x40078000,len:15532
load:0x40080400,len:4
load:0x40080404,len:3904
entry 0x40080640
[0;32mI (29) boot: ESP-IDF v5.3-dev-1043-g8c9e29898f 2nd stage bootloader[0m
[0;32mI (29) boot: compile time Dec 22 2023 23:19:17[0m
[0;32mI (31) boot: Multicore bootloader[0m
[0;32mI (35) boot: chip revision: v3.0[0m
[0;32mI (39) boot.esp32: SPI Speed      : 40MHz[0m
[0;32mI (44) boot.esp32: SPI Mode       : DIO[0m
[0;32mI (48) boot.esp32: SPI Flash Size : 2MB[0m
[0;32mI (53) boot: Enabling RNG early entropy source...[0m
[0;32mI (58) boot: Partition Table:[0m
[0;32mI (62) boot: ## Label            Usage          Type ST Offset   Length[0m
[0;32mI (69) boot:  0 nvs              WiFi data        01 02 00009000 00006000[0m
[0;32mI (76) boot:  1 phy_init         RF data          01 01 0000f000 00001000[0m
[0;32mI (84) boot:  2 factory          factory app      00 00 00010000 00100000[0m
[0;32mI (91) boot: End of partition table[0m
[0;32mI (96) esp_image: segment 0: paddr=00010020 vaddr=3f400020 size=0c484h ( 50308) map[0m
[0;32mI (121) esp_image: segment 1: paddr=0001c4ac vaddr=3ffb0000 size=02318h (  8984) load[0m
[0;32mI (125) esp_image: segment 2: paddr=0001e7cc vaddr=40080000 size=0184ch (  6220) load[0m
[0;32mI (130) esp_image: segment 3: paddr=00020020 vaddr=400d0020 size=1a024h (106532) map[0m
[0;32mI (172) esp_image: segment 4: paddr=0003a04c vaddr=4008184c size=0c690h ( 50832) load[0m
[0;32mI (199) boot: Loaded app from partition at offset 0x10000[0m
[0;32mI (199) boot: Disabling RNG early entropy source...[0m
[0;32mI (211) cpu_start: Multicore app[0m
[0;32mI (220) cpu_start: Pro cpu start user code[0m
[0;32mI (220) cpu_start: cpu freq: 160000000 Hz[0m
[0;32mI (220) cpu_start: Application information:[0m
[0;32mI (223) cpu_start: Project name:     demo_sophia[0m
[0;32mI (228) cpu_start: App version:      334cffb-dirty[0m
[0;32mI (234) cpu_start: Compile time:     Dec 22 2023 23:19:04[0m
[0;32mI (240) cpu_start: ELF file SHA256:  559a21692...[0m
[0;32mI (245) cpu_start: ESP-IDF:          v5.3-dev-1043-g8c9e29898f[0m
[0;32mI (252) cpu_start: Min chip rev:     v0.0[0m
[0;32mI (256) cpu_start: Max chip rev:     v3.99 [0m
[0;32mI (261) cpu_start: Chip rev:         v3.0[0m
[0;32mI (266) heap_init: Initializing. RAM available for dynamic allocation:[0m
[0;32mI (273) heap_init: At 3FFAE6E0 len 00001920 (6 KiB): DRAM[0m
[0;32mI (279) heap_init: At 3FFB2C58 len 0002D3A8 (180 KiB): DRAM[0m
[0;32mI (285) heap_init: At 3FFE0440 len 00003AE0 (14 KiB): D/IRAM[0m
[0;32mI (292) heap_init: At 3FFE4350 len 0001BCB0 (111 KiB): D/IRAM[0m
[0;32mI (298) heap_init: At 4008DEDC len 00012124 (72 KiB): IRAM[0m
[0;32mI (306) spi_flash: detected chip: generic[0m
[0;32mI (309) spi_flash: flash io: dio[0m
[0;33mW (313) spi_flash: Detected size(4096k) larger than the size in the binary image header(2048k). Using the size in the binary image header.[0m
[0;33mW (326) i2c: This driver is an old driver, please migrate your application code to adapt `driver/i2c_master.h`[0m
[0;32mI (337) main_task: Started on CPU0[0m
[0;32mI (347) main_task: Calling app_main()[0m
[0;32mI (347) gpio: GPIO[32]| InputEn: 0| OutputEn: 0| OpenDrain: 0| Pullup: 1| Pulldown: 0| Intr:0 [0m
[0;32mI (347) gpio: GPIO[35]| InputEn: 0| OutputEn: 0| OpenDrain: 0| Pullup: 1| Pulldown: 0| Intr:0 [0m
[0;32mI (357) mpu9250: Initializating MPU9250[0m
[0;32mI (517) mpu9250: Enabling magnetometer[0m
[0;32mI (747) mpu9250: Magnetometer enabled[0m
[0;32mI (747) mpu9250: MPU9250:[0m
[0;32mI (747) mpu9250: --> i2c bus: 0x00[0m
[0;32mI (747) mpu9250: --> Device address: 0x69[0m
[0;32mI (747) mpu9250: --> Device ID: 0x71[0m
[0;32mI (747) mpu9250: --> initialised: Yes[0m
[0;32mI (757) mpu9250: --> BYPASS enabled: Yes[0m
[0;32mI (757) mpu9250: --> SleepEnabled Mode: Off[0m
[0;32mI (767) mpu9250: --> i2c Master Mode: Disabled[0m
[0;32mI (767) mpu9250: --> Power Management (0x6B, 0x6C):[0m
[0;32mI (777) mpu9250:   --> Clock Source: 1 1 (Auto selects the best available clock source)[0m
[0;32mI (787) mpu9250:   --> Accel enabled (x, y, z): (Yes, Yes, Yes)[0m
[0;32mI (787) mpu9250:   --> Gyro enabled (x, y, z): (Yes, Yes, Yes)[0m
[0;32mI (797) mpu9250: Accelerometer:[0m
[0;32mI (807) mpu9250: --> Full Scale Range (0x1C): Â±4g (1)[0m
[0;32mI (807) mpu9250: --> Scalar: 1/8192.000000[0m
[0;32mI (817) mpu9250: --> Calibration:[0m
[0;32mI (817) mpu9250:   --> Offset: [0m
[0;32mI (817) mpu9250:     --> x: 0.020900[0m
[0;32mI (827) mpu9250:     --> y: 0.014688[0m
[0;32mI (827) mpu9250:     --> z: -0.002580[0m
[0;32mI (837) mpu9250:   --> Scale: [0m
[0;32mI (837) mpu9250:     --> x: (-0.992052, 1.013558)[0m
[0;32mI (847) mpu9250:     --> y: (-0.990010, 1.011903)[0m
[0;32mI (847) mpu9250:     --> z: (-1.011147, 1.019645)[0m
[0;32mI (857) mpu9250: Gyroscope:[0m
[0;32mI (857) mpu9250: --> Full Scale Range (0x1B): +250 dps (0)[0m
[0;32mI (867) mpu9250: --> Scalar: 1/131.000000[0m
[0;32mI (867) mpu9250: --> Bias Offset:[0m
[0;32mI (867) mpu9250:   --> x: 0.303956[0m
[0;32mI (877) mpu9250:   --> y: -1.049768[0m
[0;32mI (877) mpu9250:   --> z: -0.403782[0m
[0;32mI (887) ak8963: Magnetometer (Compass):[0m
[0;32mI (887) ak8963: --> i2c address: 0x00[0m
[0;32mI (897) ak8963: --> initialised: true[0m
[0;32mI (897) ak8963: --> Device ID: 0x48[0m
[0;32mI (897) ak8963: --> Mode: 0x06 (Continuous measurement mode 2: 100Hz)[0m
[0;32mI (907) ak8963: --> ASA Scalars:[0m
[0;32mI (917) ak8963:   --> x: 1.175781[0m
[0;32mI (917) ak8963:   --> y: 1.187500[0m
[0;32mI (917) ak8963:   --> z: 1.136719[0m
[0;32mI (927) ak8963: --> Offset:[0m
[0;32mI (927) ak8963:   --> x: 25.183594[0m
[0;32mI (927) ak8963:   --> y: 57.519531[0m
[0;32mI (937) ak8963:   --> z: -62.648438[0m
[0;32mI (937) ak8963: --> Scale:[0m
[0;32mI (947) ak8963:   --> x: 1.513449[0m
[0;32mI (947) ak8963:   --> y: 1.557811[0m
[0;32mI (947) ak8963:   --> z: 1.434039[0m
Starting main loop
0
0
0
0
0
0
0
0
0
0
0
0
0
0
0
0
0
0
0
0
0
0
0
0
0
0
0
0
0
0
0
0
0
0
0
0
0
0
0
0
0
0
0
0
0
0
0
0
0
0
0
0
0
0
0
0
0
0
0
0
0
0
0
0
0
0
0
0
0
0
0
0
0
0
0
0
0
0
0
0
0
0
0
0
0
0
0
0
0
0
0
0
0
0
0
0
0
0
0
0
0
0
0
0
0
0
0
0
0
0
0
0
0
0
0
0
0
0
0
0
0
0
0
0
0
0
0
0
0
0
0
0
0
0
0
0
0
0
0
0
0
0
0
0
0
0
0
0
0
0
0
0
0
0
0
0
0
0
0
0
0
0
0
0
0
0
0
0
0
0
0
0
0
0
0
0
0
0
0
0
0
0
0
0
0
0
0
0
0
0
0
0
0
0
0
0
0
0
0
0
0
0
0
0
0
0
0
0
0
0
0
0
0
0
0
0
0
0
0
0
0
0
0
0
0
0
0
0
0
0
0
0
0
0
0
0
0
0
0
0
0
0
0
0
0
0
0
0
0
0
0
0
0
0
0
0
0
0
0
0
0
0
0
0
0
0
0
0
0
0
0
0
0
0
0
0
0
0
0
0
0
0
0
0
0
0
0
0
0
0
0
0
0
0
0
0
0
0
0
0
0
0
0
0
0
