_drv:0x00,wp_drv:0x00
IO, clock div:2
load:0x3fff0030,lenï¿½ets Jul 29 2019 12:21:46

rst:0x1 (POWERON_RESET),boot:0x13 (SPI_FAST_FLASH_BOOT)
configsip: 0, SPIWP:0xee
clk_drv:0x00,q_drv:0x00,d_drv:0x00,cs0_drv:0x00,hd_drv:0x00,wp_drv:0x00
mode:DIO, clock div:2
load:0x3fff0030,len:7172
load:0x40078000,len:15532
load:0x40080400,len:4
load:0x40080404,len:3904
entry 0x40080640
[0;32mI (29) boot: ESP-IDF v5.3-dev-1043-g8c9e29898f 2nd stage bootloader[0m
[0;32mI (29) boot: compile time Dec 22 2023 23:19:17[0m
[0;32mI (31) boot: Multicore bootloader[0m
[0;32mI (35) boot: chip revision: v3.0[0m
[0;32mI (39) boot.esp32: SPI Speed      : 40MHz[0m
[0;32mI (44) boot.esp32: SPI Mode       : DIO[0m
[0;32mI (48) boot.esp32: SPI Flash Size : 2MB[0m
[0;32mI (53) boot: Enabling RNG early entropy source...[0m
[0;32mI (58) boot: Partition Table:[0m
[0;32mI (62) boot: ## Label            Usage          Type ST Offset   Length[0m
[0;32mI (69) boot:  0 nvs              WiFi data        01 02 00009000 00006000[0m
[0;32mI (76) boot:  1 phy_init         RF data          01 01 0000f000 00001000[0m
[0;32mI (84) boot:  2 factory          factory app      00 00 00010000 00100000[0m
[0;32mI (91) boot: End of partition table[0m
[0;32mI (96) esp_image: segment 0: paddr=00010020 vaddr=3f400020 size=0c7b4h ( 51124) map[0m
[0;32mI (122) esp_image: segment 1: paddr=0001c7dc vaddr=3ffb0000 size=02318h (  8984) load[0m
[0;32mI (125) esp_image: segment 2: paddr=0001eafc vaddr=40080000 size=0151ch (  5404) load[0m
[0;32mI (130) esp_image: segment 3: paddr=00020020 vaddr=400d0020 size=1a654h (108116) map[0m
[0;32mI (173) esp_image: segment 4: paddr=0003a67c vaddr=4008151c size=0ca8ch ( 51852) load[0m
[0;32mI (201) boot: Loaded app from partition at offset 0x10000[0m
[0;32mI (201) boot: Disabling RNG early entropy source...[0m
[0;32mI (212) cpu_start: Multicore app[0m
[0;32mI (221) cpu_start: Pro cpu start user code[0m
[0;32mI (221) cpu_start: cpu freq: 160000000 Hz[0m
[0;32mI (221) cpu_start: Application information:[0m
[0;32mI (224) cpu_start: Project name:     demo_sophia[0m
[0;32mI (229) cpu_start: App version:      334cffb-dirty[0m
[0;32mI (235) cpu_start: Compile time:     Dec 22 2023 23:19:04[0m
[0;32mI (241) cpu_start: ELF file SHA256:  9aff3923c...[0m
[0;32mI (246) cpu_start: ESP-IDF:          v5.3-dev-1043-g8c9e29898f[0m
[0;32mI (253) cpu_start: Min chip rev:     v0.0[0m
[0;32mI (258) cpu_start: Max chip rev:     v3.99 [0m
[0;32mI (262) cpu_start: Chip rev:         v3.0[0m
[0;32mI (267) heap_init: Initializing. RAM available for dynamic allocation:[0m
[0;32mI (274) heap_init: At 3FFAE6E0 len 00001920 (6 KiB): DRAM[0m
[0;32mI (280) heap_init: At 3FFB2C88 len 0002D378 (180 KiB): DRAM[0m
[0;32mI (287) heap_init: At 3FFE0440 len 00003AE0 (14 KiB): D/IRAM[0m
[0;32mI (293) heap_init: At 3FFE4350 len 0001BCB0 (111 KiB): D/IRAM[0m
[0;32mI (299) heap_init: At 4008DFA8 len 00012058 (72 KiB): IRAM[0m
[0;32mI (307) spi_flash: detected chip: generic[0m
[0;32mI (310) spi_flash: flash io: dio[0m
[0;33mW (314) spi_flash: Detected size(4096k) larger than the size in the binary image header(2048k). Using the size in the binary image header.[0m
[0;33mW (327) i2c: This driver is an old driver, please migrate your application code to adapt `driver/i2c_master.h`[0m
[0;32mI (339) main_task: Started on CPU0[0m
[0;32mI (349) main_task: Calling app_main()[0m
[0;31mE (349) task_wdt: esp_task_wdt_init(523): TWDT already initialized[0m
[0;32mI (349) gpio: GPIO[32]| InputEn: 0| OutputEn: 0| OpenDrain: 0| Pullup: 1| Pulldown: 0| Intr:0 [0m
[0;32mI (359) gpio: GPIO[35]| InputEn: 0| OutputEn: 0| OpenDrain: 0| Pullup: 1| Pulldown: 0| Intr:0 [0m
[0;32mI (369) mpu9250: Initializating MPU9250[0m
[0;32mI (519) mpu9250: Enabling magnetometer[0m
[0;32mI (749) mpu9250: Magnetometer enabled[0m
[0;32mI (749) mpu9250: MPU9250:[0m
[0;32mI (749) mpu9250: --> i2c bus: 0x00[0m
[0;32mI (749) mpu9250: --> Device address: 0x69[0m
[0;32mI (749) mpu9250: --> Device ID: 0x71[0m
[0;32mI (749) mpu9250: --> initialised: Yes[0m
[0;32mI (759) mpu9250: --> BYPASS enabled: Yes[0m
[0;32mI (759) mpu9250: --> SleepEnabled Mode: Off[0m
[0;32mI (769) mpu9250: --> i2c Master Mode: Disabled[0m
[0;32mI (769) mpu9250: --> Power Management (0x6B, 0x6C):[0m
[0;32mI (779) mpu9250:   --> Clock Source: 1 1 (Auto selects the best available clock source)[0m
[0;32mI (789) mpu9250:   --> Accel enabled (x, y, z): (Yes, Yes, Yes)[0m
[0;32mI (789) mpu9250:   --> Gyro enabled (x, y, z): (Yes, Yes, Yes)[0m
[0;32mI (799) mpu9250: Accelerometer:[0m
[0;32mI (809) mpu9250: --> Full Scale Range (0x1C): Â±4g (1)[0m
[0;32mI (809) mpu9250: --> Scalar: 1/8192.000000[0m
[0;32mI (819) mpu9250: --> Calibration:[0m
[0;32mI (819) mpu9250:   --> Offset: [0m
[0;32mI (819) mpu9250:     --> x: 0.020900[0m
[0;32mI (829) mpu9250:     --> y: 0.014688[0m
[0;32mI (829) mpu9250:     --> z: -0.002580[0m
[0;32mI (839) mpu9250:   --> Scale: [0m
[0;32mI (839) mpu9250:     --> x: (-0.992052, 1.013558)[0m
[0;32mI (849) mpu9250:     --> y: (-0.990010, 1.011903)[0m
[0;32mI (849) mpu9250:     --> z: (-1.011147, 1.019645)[0m
[0;32mI (859) mpu9250: Gyroscope:[0m
[0;32mI (859) mpu9250: --> Full Scale Range (0x1B): +250 dps (0)[0m
[0;32mI (869) mpu9250: --> Scalar: 1/131.000000[0m
[0;32mI (869) mpu9250: --> Bias Offset:[0m
[0;32mI (869) mpu9250:   --> x: 0.303956[0m
[0;32mI (879) mpu9250:   --> y: -1.049768[0m
[0;32mI (879) mpu9250:   --> z: -0.403782[0m
[0;32mI (889) ak8963: Magnetometer (Compass):[0m
[0;32mI (889) ak8963: --> i2c address: 0x00[0m
[0;32mI (899) ak8963: --> initialised: true[0m
[0;32mI (899) ak8963: --> Device ID: 0x48[0m
[0;32mI (899) ak8963: --> Mode: 0x06 (Continuous measurement mode 2: 100Hz)[0m
[0;32mI (909) ak8963: --> ASA Scalars:[0m
[0;32mI (919) ak8963:   --> x: 1.175781[0m
[0;32mI (919) ak8963:   --> y: 1.187500[0m
[0;32mI (919) ak8963:   --> z: 1.136719[0m
[0;32mI (929) ak8963: --> Offset:[0m
[0;32mI (929) ak8963:   --> x: 25.183594[0m
[0;32mI (929) ak8963:   --> y: 57.519531[0m
[0;32mI (939) ak8963:   --> z: -62.648438[0m
[0;32mI (939) ak8963: --> Scale:[0m
[0;32mI (949) ak8963:   --> x: 1.513449[0m
[0;32mI (949) ak8963:   --> y: 1.557811[0m
[0;32mI (949) ak8963:   --> z: 1.434039[0m
[0;31mE (959) gpio: gpio_install_isr_service(505): GPIO isr service already installed[0m
ESP_ERROR_CHECK failed: esp_err_t 0x103 (ESP_ERR_INVALID_STATE) at 0x400d67af
file: "./main/encoder.c" line 49
func: encoder_init
expression: gpio_install_isr_service(0)

abort() was called at PC 0x40086baf on core 0


Backtrace: 0x40081966:0x3ffb4e50 0x40086bb9:0x3ffb4e70 0x4008c919:0x3ffb4e90 0x40086baf:0x3ffb4f00 0x400d67af:0x3ffb4f30 0x400d65d3:0x3ffb4f50 0x400e9e04:0x3ffb4f80 0x40087661:0x3ffb4fb0




ELF file SHA256: 9aff3923c

Rebooting...
ets Jul 29 2019 12:21:46

rst:0xc (SW_CPU_RESET),boot:0x13 (SPI_FAST_FLASH_BOOT)
configsip: 0, SPIWP:0xee
clk_drv:0x00,q_drv:0x00,d_drv:0x00,cs0_drv:0x00,hd_drv:0x00,wp_drv:0x00
mode:DIO, clock div:2
load:0x3fff0030,len:7172
load:0x40078000,len:15532
load:0x40080400,len:4
load:0x40080404,len:3904
entry 0x40080640
[0;32mI (29) boot: ESP-IDF v5.3-dev-1043-g8c9e29898f 2nd stage bootloader[0m
[0;32mI (29) boot: compile time Dec 22 2023 23:19:17[0m
[0;32mI (31) boot: Multicore bootloader[0m
[0;32mI (35) boot: chip revision: v3.0[0m
[0;32mI (39) boot.esp32: SPI Speed      : 40MHz[0m
[0;32mI (44) boot.esp32: SPI Mode       : DIO[0m
[0;32mI (48) boot.esp32: SPI Flash Size : 2MB[0m
[0;32mI (53) boot: Enabling RNG early entropy source...[0m
[0;32mI (58) boot: Partition Table:[0m
[0;32mI (62) boot: ## Label            Usage          Type ST Offset   Length[0m
[0;32mI (69) boot:  0 nvs              WiFi data        01 02 00009000 00006000[0m
[0;32mI (76) boot:  1 phy_init         RF data          01 01 0000f000 00001000[0m
[0;32mI (84) boot:  2 factory          factory app      00 00 00010000 00100000[0m
[0;32mI (91) boot: End of partition table[0m
[0;32mI (96) esp_image: segment 0: paddr=00010020 vaddr=3f400020 size=0c7b4h ( 51124) map[0m
[0;32mI (122) esp_image: segment 1: paddr=0001c7dc vaddr=3ffb0000 size=02318h (  8984) load[0m
[0;32mI (125) esp_image: segment 2: paddr=0001eafc vaddr=40080000 size=0151ch (  5404) load[0m
[0;32mI (130) esp_image: segment 3: paddr=00020020 vaddr=400d0020 size=1a654h (108116) map[0m
[0;32mI (173) esp_image: segment 4: paddr=0003a67c vaddr=4008151c size=0ca8ch ( 51852) load[0m
[0;32mI (200) boot: Loaded app from partition at offset 0x10000[0m
[0;32mI (201) boot: Disabling RNG early entropy source...[0m
[0;32mI (212) cpu_start: Multicore app[0m
[0;32mI (221) cpu_start: Pro cpu start user code[0m
[0;32mI (221) cpu_start: cpu freq: 160000000 Hz[0m
[0;32mI (221) cpu_start: Application information:[0m
[0;32mI (224) cpu_start: Project name:     demo_sophia[0m
[0;32mI (229) cpu_start: App version:      334cffb-dirty[0m
[0;32mI (235) cpu_start: Compile time:     Dec 22 2023 23:19:04[0m
[0;32mI (241) cpu_start: ELF file SHA256:  9aff3923c...[0m
[0;32mI (246) cpu_start: ESP-IDF:          v5.3-dev-1043-g8c9e29898f[0m
[0;32mI (253) cpu_start: Min chip rev:     v0.0[0m
[0;32mI (257) cpu_start: Max chip rev:     v3.99 [0m
[0;32mI (262) cpu_start: Chip rev:         v3.0[0m
[0;32mI (267) heap_init: Initializing. RAM available for dynamic allocation:[0m
[0;32mI (274) heap_init: At 3FFAE6E0 len 00001920 (6 KiB): DRAM[0m
[0;32mI (280) heap_init: At 3FFB2C88 len 0002D378 (180 KiB): DRAM[0m
[0;32mI (287) heap_init: At 3FFE0440 len 00003AE0 (14 KiB): D/IRAM[0m
[0;32mI (293) heap_init: At 3FFE4350 len 0001BCB0 (111 KiB): D/IRAM[0m
[0;32mI (299) heap_init: At 4008DFA8 len 00012058 (72 KiB): IRAM[0m
[0;32mI (307) spi_flash: detected chip: generic[0m
[0;32mI (310) spi_flash: flash io: dio[0m
[0;33mW (314) spi_flash: Detected size(4096k) larger than the size in the binary image header(2048k). Using the size in the binary image header.[0m
[0;33mW (327) i2c: This driver is an old driver, please migrate your application code to adapt `driver/i2c_master.h`[0m
[0;32mI (339) main_task: Started on CPU0[0m
[0;32mI (349) main_task: Calling app_main()[0m
[0;31mE (349) task_wdt: esp_task_wdt_init(523): TWDT already initialized[0m
[0;32mI (349) gpio: GPIO[32]| InputEn: 0| OutputEn: 0| OpenDrain: 0| Pullup: 1| Pulldown: 0| Intr:0 [0m
[0;32mI (359) gpio: GPIO[35]| InputEn: 0| OutputEn: 0| OpenDrain: 0| Pullup: 1| Pulldown: 0| Intr:0 [0m
[0;32mI (369) mpu9250: Initializating MPU9250[0m
[0;32mI (519) mpu9250: Enabling magnetometer[0m
[0;32mI (749) mpu9250: Magnetometer enabled[0m
[0;32mI (749) mpu9250: MPU9250:[0m
[0;32mI (749) mpu9250: --> i2c bus: 0x00[0m
[0;32mI (749) mpu9250: --> Device address: 0x69[0m
[0;32mI (749) mpu9250: --> Device ID: 0x71[0m
[0;32mI (749) mpu9250: --> initialised: Yes[0m
[0;32mI (759) mpu9250: --> BYPASS enabled: Yes[0m
[0;32mI (759) mpu9250: --> SleepEnabled Mode: Off[0m
[0;32mI (769) mpu9250: --> i2c Master Mode: Disabled[0m
[0;32mI (769) mpu9250: --> Power Management (0x6B, 0x6C):[0m
[0;32mI (779) mpu9250:   --> Clock Source: 1 1 (Auto selects the best available clock source)[0m
[0;32mI (789) mpu9250:   --> Accel enabled (x, y, z): (Yes, Yes, Yes)[0m
[0;32mI (789) mpu9250:   --> Gyro enabled (x, y, z): (Yes, Yes, Yes)[0m
[0;32mI (799) mpu9250: Accelerometer:[0m
[0;32mI (809) mpu9250: --> Full Scale Range (0x1C): Â±4g (1)[0m
[0;32mI (809) mpu9250: --> Scalar: 1/8192.000000[0m
[0;32mI (819) mpu9250: --> Calibration:[0m
[0;32mI (819) mpu9250:   --> Offset: [0m
[0;32mI (819) mpu9250:     --> x: 0.020900[0m
[0;32mI (829) mpu9250:     --> y: 0.014688[0m
[0;32mI (829) mpu9250:     --> z: -0.002580[0m
[0;32mI (839) mpu9250:   --> Scale: [0m
[0;32mI (839) mpu9250:     --> x: (-0.992052, 1.013558)[0m
[0;32mI (849) mpu9250:     --> y: (-0.990010, 1.011903)[0m
[0;32mI (849) mpu9250:     --> z: (-1.011147, 1.019645)[0m
[0;32mI (859) mpu9250: Gyroscope:[0m
[0;32mI (859) mpu9250: --> Full Scale Range (0x1B): +250 dps (0)[0m
[0;32mI (869) mpu9250: --> Scalar: 1/131.000000[0m
[0;32mI (869) mpu9250: --> Bias Offset:[0m
[0;32mI (869) mpu9250:   --> x: 0.303956[0m
[0;32mI (879) mpu9250:   --> y: -1.049768[0m
[0;32mI (879) mpu9250:   --> z: -0.403782[0m
[0;32mI (889) ak8963: Magnetometer (Compass):[0m
[0;32mI (889) ak8963: --> i2c address: 0x00[0m
[0;32mI (899) ak8963: --> initialised: true[0m
[0;32mI (899) ak8963: --> Device ID: 0x48[0m
[0;32mI (899) ak8963: --> Mode: 0x06 (Continuous measurement mode 2: 100Hz)[0m
[0;32mI (909) ak8963: --> ASA Scalars:[0m
[0;32mI (919) ak8963:   --> x: 1.175781[0m
[0;32mI (919) ak8963:   --> y: 1.187500[0m
[0;32mI (919) ak8963:   --> z: 1.136719[0m
[0;32mI (929) ak8963: --> Offset:[0m
[0;32mI (929) ak8963:   --> x: 25.183594[0m
[0;32mI (929) ak8963:   --> y: 57.519531[0m
[0;32mI (939) ak8963:   --> z: -62.648438[0m
[0;32mI (939) ak8963: --> Scale:[0m
[0;32mI (949) ak8963:   --> x: 1.513449[0m
[0;32mI (949) ak8963:   --> y: 1.557811[0m
[0;32mI (949) ak8963:   --> z: 1.434039[0m
[0;31mE (959) gpio: gpio_install_isr_service(505): GPIO isr service already installed[0m
ESP_ERROR_CHECK failed: esp_err_t 0x103 (ESP_ERR_INVALID_STATE) at 0x400d67af
file: "./main/encoder.c" line 49
func: encoder_init
expression: gpio_install_isr_service(0)

abort() was called at PC 0x40086baf on core 0


Backtrace: 0x40081966:0x3ffb4e50 0x40086bb9:0x3ffb4e70 0x4008c919:0x3ffb4e90 0x40086baf:0x3ffb4f00 0x400d67af:0x3ffb4f30 0x400d65d3:0x3ffb4f50 0x400e9e04:0x3ffb4f80 0x40087661:0x3ffb4fb0




ELF file SHA256: 9aff3923c

Rebooting...
ets Jul 29 2019 12:21:46

rst:0xc (SW_CPU_RESET),boot:0x13 (SPI_FAST_FLASH_BOOT)
configsip: 0, SPIWP:0xee
clk_drv:0x00,q_drv:0x00,d_drv:0x00,cs0_drv:0x00,hd_drv:0x00,wp_drv:0x00
mode:DIO, clock div:2
load:0x3fff0030,len:7172
load:0x40078000,len:15532
load:0x40080400,len:4
load:0x40080404,len:3904
entry 0x40080640
[0;32mI (29) boot: ESP-IDF v5.3-dev-1043-g8c9e29898f 2nd stage bootloader[0m
[0;32mI (29) boot: compile time Dec 22 2023 23:19:17[0m
[0;32mI (31) boot: Multicore bootloader[0m
[0;32mI (35) boot: chip revision: v3.0[0m
[0;32mI (39) boot.esp32: SPI Speed      : 40MHz[0m
[0;32mI (44) boot.esp32: SPI Mode       : DIO[0m
[0;32mI (48) boot.esp32: SPI Flash Size : 2MB[0m
[0;32mI (53) boot: Enabling RNG early entropy source...[0m
[0;32mI (58) boot: Partition Table:[0m
[0;32mI (62) boot: ## Label            Usage          Type ST Offset   Length[0m
[0;32mI (69) boot:  0 nvs              WiFi data        01 02 00009000 00006000[0m
[0;32mI (76) boot:  1 phy_init         RF data          01 01 0000f000 00001000[0m
[0;32mI (84) boot:  2 factory          factory app      00 00 00010000 00100000[0m
[0;32mI (91) boot: End of partition table[0m
[0;32mI (96) esp_image: segment 0: paddr=00010020 vaddr=3f400020 size=0c7b4h ( 51124) map[0m
[0;32mI (122) esp_image: segment 1: paddr=0001c7dc vaddr=3ffb0000 size=02318h (  8984) load[0m
[0;32mI (125) esp_image: segment 2: paddr=0001eafc vaddr=40080000 size=0151ch (  5404) load[0m
[0;32mI (130) esp_image: segment 3: paddr=00020020 vaddr=400d0020 size=1a654h (108116) map[0m
[0;32mI (173) esp_image: segment 4: paddr=0003a67c vaddr=4008151c size=0ca8ch ( 51852) load[0m
[0;32mI (200) boot: Loaded app from partition at offset 0x10000[0m
[0;32mI (201) boot: Disabling RNG early entropy source...[0m
[0;32mI (212) cpu_start: Multicore app[0m
[0;32mI (221) cpu_start: Pro cpu start user code[0m
[0;32mI (221) cpu_start: cpu freq: 160000000 Hz[0m
[0;32mI (221) cpu_start: Application information:[0m
[0;32mI (224) cpu_start: Project name:     demo_sophia[0m
[0;32mI (229) cpu_start: App version:      334cffb-dirty[0m
[0;32mI (235) cpu_start: Compile time:     Dec 22 2023 23:19:04[0m
[0;32mI (241) cpu_start: ELF file SHA256:  9aff3923c...[0m
[0;32mI (246) cpu_start: ESP-IDF:          v5.3-dev-1043-g8c9e29898f[0m
[0;32mI (253) cpu_start: Min chip rev:     v0.0[0m
[0;32mI (257) cpu_start: Max chip rev:     v3.99 [0m
[0;32mI (262) cpu_start: Chip rev:         v3.0[0m
[0;32mI (267) heap_init: Initializing. RAM available for dynamic allocation:[0m
[0;32mI (274) heap_init: At 3FFAE6E0 len 00001920 (6 KiB): DRAM[0m
[0;32mI (280) heap_init: At 3FFB2C88 len 0002D378 (180 KiB): DRAM[0m
[0;32mI (287) heap_init: At 3FFE0440 len 00003AE0 (14 KiB): D/IRAM[0m
[0;32mI (293) heap_init: At 3FFE4350 len 0001BCB0 (111 KiB): D/IRAM[0m
[0;32mI (299) heap_init: At 4008DFA8 len 00012058 (72 KiB): IRAM[0m
[0;32mI (307) spi_flash: detected chip: generic[0m
[0;32mI (310) spi_flash: flash io: dio[0m
[0;33mW (314) spi_flash: Detected size(4096k) larger than the size in the binary image header(2048k). Using the size in the binary image header.[0m
[0;33mW (327) i2c: This driver is an old driver, please migrate your application code to adapt `driver/i2c_master.h`[0m
[0;32mI (339) main_task: Started on CPU0[0m
[0;32mI (349) main_task: Calling app_main()[0m
[0;31mE (349) task_wdt: esp_task_wdt_init(523): TWDT already initialized[0m
[0;32mI (349) gpio: GPIO[32]| InputEn: 0| OutputEn: 0| OpenDrain: 0| Pullup: 1| Pulldown: 0| Intr:0 [0m
[0;32mI (359) gpio: GPIO[35]| InputEn: 0| OutputEn: 0| OpenDrain: 0| Pullup: 1| Pulldown: 0| Intr:0 [0m
[0;32mI (369) mpu9250: Initializating MPU9250[0m
[0;32mI (519) mpu9250: Enabling magnetometer[0m
[0;32mI (749) mpu9250: Magnetometer enabled[0m
[0;32mI (749) mpu9250: MPU9250:[0m
[0;32mI (749) mpu9250: --> i2c bus: 0x00[0m
[0;32mI (749) mpu9250: --> Device address: 0x69[0m
[0;32mI (749) mpu9250: --> Device ID: 0x71[0m
[0;32mI (749) mpu9250: --> initialised: Yes[0m
[0;32mI (759) mpu9250: --> BYPASS enabled: Yes[0m
[0;32mI (759) mpu9250: --> SleepEnabled Mode: Off[0m
[0;32mI (769) mpu9250: --> i2c Master Mode: Disabled[0m
[0;32mI (769) mpu9250: --> Power Management (0x6B, 0x6C):[0m
[0;32mI (779) mpu9250:   --> Clock Source: 1 1 (Auto selects the best available clock source)[0m
[0;32mI (789) mpu9250:   --> Accel enabled (x, y, z): (Yes, Yes, Yes)[0m
[0;32mI (789) mpu9250:   --> Gyro enabled (x, y, z): (Yes, Yes, Yes)[0m
[0;32mI (799) mpu9250: Accelerometer:[0m
[0;32mI (809) mpu9250: --> Full Scale Range (0x1C): Â±4g (1)[0m
[0;32mI (809) mpu9250: --> Scalar: 1/8192.000000[0m
[0;32mI (819) mpu9250: --> Calibration:[0m
[0;32mI (819) mpu9250:   --> Offset: [0m
[0;32mI (819) mpu9250:     --> x: 0.020900[0m
[0;32mI (829) mpu9250:     --> y: 0.014688[0m
[0;32mI (829) mpu9250:     --> z: -0.002580[0m
[0;32mI (839) mpu9250:   --> Scale: [0m
[0;32mI (839) mpu9250:     --> x: (-0.992052, 1.013558)[0m
[0;32mI (849) mpu9250:     --> y: (-0.990010, 1.011903)[0m
[0;32mI (849) mpu9250:     --> z: (-1.011147, 1.019645)[0m
[0;32mI (859) mpu9250: Gyroscope:[0m
[0;32mI (859) mpu9250: --> Full Scale Range (0x1B): +250 dps (0)[0m
[0;32mI (869) mpu9250: --> Scalar: 1/131.000000[0m
[0;32mI (869) mpu9250: --> Bias Offset:[0m
[0;32mI (869) mpu9250:   --> x: 0.303956[0m
[0;32mI (879) mpu9250:   --> y: -1.049768[0m
[0;32mI (879) mpu9250:   --> z: -0.403782[0m
[0;32mI (889) ak8963: Magnetometer (Compass):[0m
[0;32mI (889) ak8963: --> i2c address: 0x00[0m
[0;32mI (899) ak8963: --> initialised: true[0m
[0;32mI (899) ak8963: --> Device ID: 0x48[0m
[0;32mI (899) ak8963: --> Mode: 0x06 (Continuous measurement mode 2: 100Hz)[0m
[0;32mI (909) ak8963: --> ASA Scalars:[0m
[0;32mI (919) ak8963:   --> x: 1.175781[0m
[0;32mI (919) ak8963:   --> y: 1.187500[0m
[0;32mI (919) ak8963:   --> z: 1.136719[0m
[0;32mI (929) ak8963: --> Offset:[0m
[0;32mI (929) ak8963:   --> x: 25.183594[0m
[0;32mI (929) ak8963:   --> y: 57.519531[0m
[0;32mI (939) ak8963:   --> z: -62.648438[0m
[0;32mI (939) ak8963: --> Scale:[0m
[0;32mI (949) ak8963:   --> x: 1.513449[0m
[0;32mI (949) ak8963:   --> y: 1.557811[0m
[0;32mI (949) ak8963:   --> z: 1.434039[0m
[0;31mE (959) gpio: gpio_install_isr_service(505): GPIO isr service already installed[0m
ESP_ERROR_CHECK failed: esp_err_t 0x103 (ESP_ERR_INVALID_STATE) at 0x400d67af
file: "./main/encoder.c" line 49
func: encoder_init
expression: gpio_install_isr_service(0)

abort() was called at PC 0x40086baf on core 0


Backtrace: 0x40081966:0x3ffb4e50 0x40086bb9:0x3ffb4e70 0x4008c919:0x3ffb4e90 0x40086baf:0x3ffb4f00 0x400d67af:0x3ffb4f30 0x400d65d3:0x3ffb4f50 0x400e9e04:0x3ffb4f80 0x40087661:0x3ffb4fb0




ELF file SHA256: 9aff3923c

Rebooting...
ets Jul 29 2019 12:21:46

rst:0xc (SW_CPU_RESET),boot:0x13 (SPI_FAST_FLASH_BOOT)
configsip: 0, SPIWP:0xee
clk_drv:0x00,q_drv:0x00,d_drv:0x00,cs0_drv:0x00,hd_drv:0x00,wp_drv:0x00
mode:DIO, clock div:2
load:0x3fff0030,len:7172
load:0x40078000,len:15532
load:0x40080400,len:4
load:0x40080404,len:3904
entry 0x40080640
[0;32mI (29) boot: ESP-IDF v5.3-dev-1043-g8c9e29898f 2nd stage bootloader[0m
[0;32mI (29) boot: compile time Dec 22 2023 23:19:17[0m
[0;32mI (31) boot: Multicore bootloader[0m
[0;32mI (35) boot: chip revision: v3.0[0m
[0;32mI (39) boot.esp32: SPI Speed      : 40MHz[0m
[0;32mI (44) boot.esp32: SPI Mode       : DIO[0m
[0;32mI (48) boot.esp32: SPI Flash Size : 2MB[0m
[0;32mI (53) boot: Enabling RNG early entropy source...[0m
[0;32mI (58) boot: Partition Table:[0m
[0;32mI (62) boot: ## Label            Usage          Type ST Offset   Length[0m
[0;32mI (69) boot:  0 nvs              WiFi data        01 02 00009000 00006000[0m
[0;32mI (76) boot:  1 phy_init         RF data          01 01 0000f000 00001000[0m
[0;32mI (84) boot:  2 factory          factory app      00 00 00010000 00100000[0m
[0;32mI (91) boot: End of partition table[0m
[0;32mI (96) esp_image: segment 0: paddr=00010020 vaddr=3f400020 size=0c7b4h ( 51124) map[0m
[0;32mI (122) esp_image: segment 1: paddr=0001c7dc vaddr=3ffb0000 size=02318h (  8984) load[0m
[0;32mI (125) esp_image: segment 2: paddr=0001eafc vaddr=40080000 size=0151ch (  5404) load[0m
[0;32mI (130) esp_image: segment 3: paddr=00020020 vaddr=400d0020 size=1a654h (108116) map[0m
[0;32mI (173) esp_image: segment 4: paddr=0003a67c vaddr=4008151c size=0ca8ch ( 51852) load[0m
[0;32mI (200) boot: Loaded app from partition at offset 0x10000[0m
[0;32mI (201) boot: Disabling RNG early entropy source...[0m
[0;32mI (212) cpu_start: Multicore app[0m
[0;32mI (221) cpu_start: Pro cpu start user code[0m
[0;32mI (221) cpu_start: cpu freq: 160000000 Hz[0m
[0;32mI (221) cpu_start: Application information:[0m
[0;32mI (224) cpu_start: Project name:     demo_sophia[0m
[0;32mI (229) cpu_start: App version:      334cffb-dirty[0m
[0;32mI (235) cpu_start: Compile time:     Dec 22 2023 23:19:04[0m
[0;32mI (241) cpu_start: ELF file SHA256:  9aff3923c...[0m
[0;32mI (246) cpu_start: ESP-IDF:          v5.3-dev-1043-g8c9e29898f[0m
[0;32mI (253) cpu_start: Min chip rev:     v0.0[0m
[0;32mI (257) cpu_start: Max chip rev:     v3.99 [0m
[0;32mI (262) cpu_start: Chip rev:         v3.0[0m
[0;32mI (267) heap_init: Initializing. RAM available for dynamic allocation:[0m
[0;32mI (274) heap_init: At 3FFAE6E0 len 00001920 (6 KiB): DRAM[0m
[0;32mI (280) heap_init: At 3FFB2C88 len 0002D378 (180 KiB): DRAM[0m
[0;32mI (287) heap_init: At 3FFE0440 len 00003AE0 (14 KiB): D/IRAM[0m
[0;32mI (293) heap_init: At 3FFE4350 len 0001BCB0 (111 KiB): D/IRAM[0m
[0;32mI (299) heap_init: At 4008DFA8 len 00012058 (72 KiB): IRAM[0m
[0;32mI (307) spi_flash: detected chip: generic[0m
[0;32mI (310) spi_flash: flash io: dio[0m
[0;33mW (314) spi_flash: Detected size(4096k) larger than the size in the binary image header(2048k). Using the size in the binary image header.[0m
[0;33mW (327) i2c: This driver is an old driver, please migrate your application code to adapt `driver/i2c_master.h`[0m
[0;32mI (339) main_task: Started on CPU0[0m
[0;32mI (349) main_task: Calling app_main()[0m
[0;31mE (349) task_wdt: esp_task_wdt_init(523): TWDT already initialized[0m
[0;32mI (349) gpio: GPIO[32]| InputEn: 0| OutputEn: 0| OpenDrain: 0| Pullup: 1| Pulldown: 0| Intr:0 [0m
[0;32mI (359) gpio: GPIO[35]| InputEn: 0| OutputEn: 0| OpenDrain: 0| Pullup: 1| Pulldown: 0| Intr:0 [0m
[0;32mI (369) mpu9250: Initializating MPU9250[0m
[0;32mI (519) mpu9250: Enabling magnetometer[0m
[0;32mI (749) mpu9250: Magnetometer enabled[0m
[0;32mI (749) mpu9250: MPU9250:[0m
[0;32mI (749) mpu9250: --> i2c bus: 0x00[0m
[0;32mI (749) mpu9250: --> Device address: 0x69[0m
[0;32mI (749) mpu9250: --> Device ID: 0x71[0m
[0;32mI (749) mpu9250: --> initialised: Yes[0m
[0;32mI (759) mpu9250: --> BYPASS enabled: Yes[0m
[0;32mI (759) mpu9250: --> SleepEnabled Mode: Off[0m
[0;32mI (769) mpu9250: --> i2c Master Mode: Disabled[0m
[0;32mI (769) mpu9250: --> Power Management (0x6B, 0x6C):[0m
[0;32mI (779) mpu9250:   --> Clock Source: 1 1 (Auto selects the best available clock source)[0m
[0;32mI (789) mpu9250:   --> Accel enabled (x, y, z): (Yes, Yes, Yes)[0m
[0;32mI (789) mpu9250:   --> Gyro enabled (x, y, z): (Yes, Yes, Yes)[0m
[0;32mI (799) mpu9250: Accelerometer:[0m
